10:00:29 **** Build of project L2_Ph3_L2_Ph3_DC_bsp ****
make -k all 
"Running Make include in ps7_cortexa9_1/libsrc/ad_converter_serial_receiver_v1_00_a/src"
make -C ps7_cortexa9_1/libsrc/ad_converter_serial_receiver_v1_00_a/src -s include  "SHELL=CMD" "COMPILER=arm-none-eabi-gcc" "ARCHIVER=arm-none-eabi-ar" "COMPILER_FLAGS=  -O2 -c" "EXTRA_COMPILER_FLAGS=-DUSE_AMP=1 -mcpu=cortex-a9 -mfpu=vfpv3 -mfloat-abi=hard -nostartfiles -g -Wall -Wextra"
"AD converter serial receiver include files"
"Running Make include in ps7_cortexa9_1/libsrc/blankingtimecorr_v1_0/src"
make -C ps7_cortexa9_1/libsrc/blankingtimecorr_v1_0/src -s include  "SHELL=CMD" "COMPILER=arm-none-eabi-gcc" "ARCHIVER=arm-none-eabi-ar" "COMPILER_FLAGS=  -O2 -c" "EXTRA_COMPILER_FLAGS=-DUSE_AMP=1 -mcpu=cortex-a9 -mfpu=vfpv3 -mfloat-abi=hard -nostartfiles -g -Wall -Wextra"
"Running Make include in ps7_cortexa9_1/libsrc/canps_v3_2/src"
make -C ps7_cortexa9_1/libsrc/canps_v3_2/src -s include  "SHELL=CMD" "COMPILER=arm-none-eabi-gcc" "ARCHIVER=arm-none-eabi-ar" "COMPILER_FLAGS=  -O2 -c" "EXTRA_COMPILER_FLAGS=-DUSE_AMP=1 -mcpu=cortex-a9 -mfpu=vfpv3 -mfloat-abi=hard -nostartfiles -g -Wall -Wextra"
"Running Make include in ps7_cortexa9_1/libsrc/common_v1_00_a/src"
make -C ps7_cortexa9_1/libsrc/common_v1_00_a/src -s include  "SHELL=CMD" "COMPILER=arm-none-eabi-gcc" "ARCHIVER=arm-none-eabi-ar" "COMPILER_FLAGS=  -O2 -c" "EXTRA_COMPILER_FLAGS=-DUSE_AMP=1 -mcpu=cortex-a9 -mfpu=vfpv3 -mfloat-abi=hard -nostartfiles -g -Wall -Wextra"
"Running Make include in ps7_cortexa9_1/libsrc/comparator_limiter_block_v1_00_a/src"
make -C ps7_cortexa9_1/libsrc/comparator_limiter_block_v1_00_a/src -s include  "SHELL=CMD" "COMPILER=arm-none-eabi-gcc" "ARCHIVER=arm-none-eabi-ar" "COMPILER_FLAGS=  -O2 -c" "EXTRA_COMPILER_FLAGS=-DUSE_AMP=1 -mcpu=cortex-a9 -mfpu=vfpv3 -mfloat-abi=hard -nostartfiles -g -Wall -Wextra"
"Running Make include in ps7_cortexa9_1/libsrc/coresightps_dcc_v1_5/src"
make -C ps7_cortexa9_1/libsrc/coresightps_dcc_v1_5/src -s include  "SHELL=CMD" "COMPILER=arm-none-eabi-gcc" "ARCHIVER=arm-none-eabi-ar" "COMPILER_FLAGS=  -O2 -c" "EXTRA_COMPILER_FLAGS=-DUSE_AMP=1 -mcpu=cortex-a9 -mfpu=vfpv3 -mfloat-abi=hard -nostartfiles -g -Wall -Wextra"
"Running Make include in ps7_cortexa9_1/libsrc/cpu_cortexa9_v2_7/src"
make -C ps7_cortexa9_1/libsrc/cpu_cortexa9_v2_7/src -s include  "SHELL=CMD" "COMPILER=arm-none-eabi-gcc" "ARCHIVER=arm-none-eabi-ar" "COMPILER_FLAGS=  -O2 -c" "EXTRA_COMPILER_FLAGS=-DUSE_AMP=1 -mcpu=cortex-a9 -mfpu=vfpv3 -mfloat-abi=hard -nostartfiles -g -Wall -Wextra"
"Running Make include in ps7_cortexa9_1/libsrc/da_converter_interface_v1_00_a/src"
make -C ps7_cortexa9_1/libsrc/da_converter_interface_v1_00_a/src -s include  "SHELL=CMD" "COMPILER=arm-none-eabi-gcc" "ARCHIVER=arm-none-eabi-ar" "COMPILER_FLAGS=  -O2 -c" "EXTRA_COMPILER_FLAGS=-DUSE_AMP=1 -mcpu=cortex-a9 -mfpu=vfpv3 -mfloat-abi=hard -nostartfiles -g -Wall -Wextra"
"Running Make include in ps7_cortexa9_1/libsrc/ddrps_v1_0/src"
make -C ps7_cortexa9_1/libsrc/ddrps_v1_0/src -s include  "SHELL=CMD" "COMPILER=arm-none-eabi-gcc" "ARCHIVER=arm-none-eabi-ar" "COMPILER_FLAGS=  -O2 -c" "EXTRA_COMPILER_FLAGS=-DUSE_AMP=1 -mcpu=cortex-a9 -mfpu=vfpv3 -mfloat-abi=hard -nostartfiles -g -Wall -Wextra"
"Running Make include in ps7_cortexa9_1/libsrc/devcfg_v3_5/src"
make -C ps7_cortexa9_1/libsrc/devcfg_v3_5/src -s include  "SHELL=CMD" "COMPILER=arm-none-eabi-gcc" "ARCHIVER=arm-none-eabi-ar" "COMPILER_FLAGS=  -O2 -c" "EXTRA_COMPILER_FLAGS=-DUSE_AMP=1 -mcpu=cortex-a9 -mfpu=vfpv3 -mfloat-abi=hard -nostartfiles -g -Wall -Wextra"
"Running Make include in ps7_cortexa9_1/libsrc/dmaps_v2_4/src"
make -C ps7_cortexa9_1/libsrc/dmaps_v2_4/src -s include  "SHELL=CMD" "COMPILER=arm-none-eabi-gcc" "ARCHIVER=arm-none-eabi-ar" "COMPILER_FLAGS=  -O2 -c" "EXTRA_COMPILER_FLAGS=-DUSE_AMP=1 -mcpu=cortex-a9 -mfpu=vfpv3 -mfloat-abi=hard -nostartfiles -g -Wall -Wextra"
"Running Make include in ps7_cortexa9_1/libsrc/driver_interface_v1_00_a/src"
make -C ps7_cortexa9_1/libsrc/driver_interface_v1_00_a/src -s include  "SHELL=CMD" "COMPILER=arm-none-eabi-gcc" "ARCHIVER=arm-none-eabi-ar" "COMPILER_FLAGS=  -O2 -c" "EXTRA_COMPILER_FLAGS=-DUSE_AMP=1 -mcpu=cortex-a9 -mfpu=vfpv3 -mfloat-abi=hard -nostartfiles -g -Wall -Wextra"
"Running Make include in ps7_cortexa9_1/libsrc/emacps_v3_9/src"
make -C ps7_cortexa9_1/libsrc/emacps_v3_9/src -s include  "SHELL=CMD" "COMPILER=arm-none-eabi-gcc" "ARCHIVER=arm-none-eabi-ar" "COMPILER_FLAGS=  -O2 -c" "EXTRA_COMPILER_FLAGS=-DUSE_AMP=1 -mcpu=cortex-a9 -mfpu=vfpv3 -mfloat-abi=hard -nostartfiles -g -Wall -Wextra"
"Running Make include in ps7_cortexa9_1/libsrc/emu_dc_v5_16/src"
make -C ps7_cortexa9_1/libsrc/emu_dc_v5_16/src -s include  "SHELL=CMD" "COMPILER=arm-none-eabi-gcc" "ARCHIVER=arm-none-eabi-ar" "COMPILER_FLAGS=  -O2 -c" "EXTRA_COMPILER_FLAGS=-DUSE_AMP=1 -mcpu=cortex-a9 -mfpu=vfpv3 -mfloat-abi=hard -nostartfiles -g -Wall -Wextra"
"Running Make include in ps7_cortexa9_1/libsrc/filter_block_v1_00_a/src"
make -C ps7_cortexa9_1/libsrc/filter_block_v1_00_a/src -s include  "SHELL=CMD" "COMPILER=arm-none-eabi-gcc" "ARCHIVER=arm-none-eabi-ar" "COMPILER_FLAGS=  -O2 -c" "EXTRA_COMPILER_FLAGS=-DUSE_AMP=1 -mcpu=cortex-a9 -mfpu=vfpv3 -mfloat-abi=hard -nostartfiles -g -Wall -Wextra"
"Running Make include in ps7_cortexa9_1/libsrc/gpiops_v3_5/src"
make -C ps7_cortexa9_1/libsrc/gpiops_v3_5/src -s include  "SHELL=CMD" "COMPILER=arm-none-eabi-gcc" "ARCHIVER=arm-none-eabi-ar" "COMPILER_FLAGS=  -O2 -c" "EXTRA_COMPILER_FLAGS=-DUSE_AMP=1 -mcpu=cortex-a9 -mfpu=vfpv3 -mfloat-abi=hard -nostartfiles -g -Wall -Wextra"
"Running Make include in ps7_cortexa9_1/libsrc/gpio_v4_4/src"
make -C ps7_cortexa9_1/libsrc/gpio_v4_4/src -s include  "SHELL=CMD" "COMPILER=arm-none-eabi-gcc" "ARCHIVER=arm-none-eabi-ar" "COMPILER_FLAGS=  -O2 -c" "EXTRA_COMPILER_FLAGS=-DUSE_AMP=1 -mcpu=cortex-a9 -mfpu=vfpv3 -mfloat-abi=hard -nostartfiles -g -Wall -Wextra"
"Running Make include in ps7_cortexa9_1/libsrc/incremental_encoder_interface_v1_00_a/src"
make -C ps7_cortexa9_1/libsrc/incremental_encoder_interface_v1_00_a/src -s include  "SHELL=CMD" "COMPILER=arm-none-eabi-gcc" "ARCHIVER=arm-none-eabi-ar" "COMPILER_FLAGS=  -O2 -c" "EXTRA_COMPILER_FLAGS=-DUSE_AMP=1 -mcpu=cortex-a9 -mfpu=vfpv3 -mfloat-abi=hard -nostartfiles -g -Wall -Wextra"
"Running Make include in ps7_cortexa9_1/libsrc/multiplexer_v1_0/src"
make -C ps7_cortexa9_1/libsrc/multiplexer_v1_0/src -s include  "SHELL=CMD" "COMPILER=arm-none-eabi-gcc" "ARCHIVER=arm-none-eabi-ar" "COMPILER_FLAGS=  -O2 -c" "EXTRA_COMPILER_FLAGS=-DUSE_AMP=1 -mcpu=cortex-a9 -mfpu=vfpv3 -mfloat-abi=hard -nostartfiles -g -Wall -Wextra"
"Running Make include in ps7_cortexa9_1/libsrc/pulse_width_modulator_v1_00_a/src"
make -C ps7_cortexa9_1/libsrc/pulse_width_modulator_v1_00_a/src -s include  "SHELL=CMD" "COMPILER=arm-none-eabi-gcc" "ARCHIVER=arm-none-eabi-ar" "COMPILER_FLAGS=  -O2 -c" "EXTRA_COMPILER_FLAGS=-DUSE_AMP=1 -mcpu=cortex-a9 -mfpu=vfpv3 -mfloat-abi=hard -nostartfiles -g -Wall -Wextra"
"Running Make include in ps7_cortexa9_1/libsrc/qspips_v3_6/src"
make -C ps7_cortexa9_1/libsrc/qspips_v3_6/src -s include  "SHELL=CMD" "COMPILER=arm-none-eabi-gcc" "ARCHIVER=arm-none-eabi-ar" "COMPILER_FLAGS=  -O2 -c" "EXTRA_COMPILER_FLAGS=-DUSE_AMP=1 -mcpu=cortex-a9 -mfpu=vfpv3 -mfloat-abi=hard -nostartfiles -g -Wall -Wextra"
"Running Make include in ps7_cortexa9_1/libsrc/register_array_v1_00_a/src"
make -C ps7_cortexa9_1/libsrc/register_array_v1_00_a/src -s include  "SHELL=CMD" "COMPILER=arm-none-eabi-gcc" "ARCHIVER=arm-none-eabi-ar" "COMPILER_FLAGS=  -O2 -c" "EXTRA_COMPILER_FLAGS=-DUSE_AMP=1 -mcpu=cortex-a9 -mfpu=vfpv3 -mfloat-abi=hard -nostartfiles -g -Wall -Wextra"
"Running Make include in ps7_cortexa9_1/libsrc/scugic_v4_0/src"
make -C ps7_cortexa9_1/libsrc/scugic_v4_0/src -s include  "SHELL=CMD" "COMPILER=arm-none-eabi-gcc" "ARCHIVER=arm-none-eabi-ar" "COMPILER_FLAGS=  -O2 -c" "EXTRA_COMPILER_FLAGS=-DUSE_AMP=1 -mcpu=cortex-a9 -mfpu=vfpv3 -mfloat-abi=hard -nostartfiles -g -Wall -Wextra"
"Running Make include in ps7_cortexa9_1/libsrc/scutimer_v2_1/src"
make -C ps7_cortexa9_1/libsrc/scutimer_v2_1/src -s include  "SHELL=CMD" "COMPILER=arm-none-eabi-gcc" "ARCHIVER=arm-none-eabi-ar" "COMPILER_FLAGS=  -O2 -c" "EXTRA_COMPILER_FLAGS=-DUSE_AMP=1 -mcpu=cortex-a9 -mfpu=vfpv3 -mfloat-abi=hard -nostartfiles -g -Wall -Wextra"
"Running Make include in ps7_cortexa9_1/libsrc/scuwdt_v2_1/src"
make -C ps7_cortexa9_1/libsrc/scuwdt_v2_1/src -s include  "SHELL=CMD" "COMPILER=arm-none-eabi-gcc" "ARCHIVER=arm-none-eabi-ar" "COMPILER_FLAGS=  -O2 -c" "EXTRA_COMPILER_FLAGS=-DUSE_AMP=1 -mcpu=cortex-a9 -mfpu=vfpv3 -mfloat-abi=hard -nostartfiles -g -Wall -Wextra"
"Running Make include in ps7_cortexa9_1/libsrc/sdps_v3_7/src"
make -C ps7_cortexa9_1/libsrc/sdps_v3_7/src -s include  "SHELL=CMD" "COMPILER=arm-none-eabi-gcc" "ARCHIVER=arm-none-eabi-ar" "COMPILER_FLAGS=  -O2 -c" "EXTRA_COMPILER_FLAGS=-DUSE_AMP=1 -mcpu=cortex-a9 -mfpu=vfpv3 -mfloat-abi=hard -nostartfiles -g -Wall -Wextra"
"Running Make include in ps7_cortexa9_1/libsrc/spips_v3_2/src"
make -C ps7_cortexa9_1/libsrc/spips_v3_2/src -s include  "SHELL=CMD" "COMPILER=arm-none-eabi-gcc" "ARCHIVER=arm-none-eabi-ar" "COMPILER_FLAGS=  -O2 -c" "EXTRA_COMPILER_FLAGS=-DUSE_AMP=1 -mcpu=cortex-a9 -mfpu=vfpv3 -mfloat-abi=hard -nostartfiles -g -Wall -Wextra"
"Running Make include in ps7_cortexa9_1/libsrc/standalone_v7_0/src"
make -C ps7_cortexa9_1/libsrc/standalone_v7_0/src -s include  "SHELL=CMD" "COMPILER=arm-none-eabi-gcc" "ARCHIVER=arm-none-eabi-ar" "COMPILER_FLAGS=  -O2 -c" "EXTRA_COMPILER_FLAGS=-DUSE_AMP=1 -mcpu=cortex-a9 -mfpu=vfpv3 -mfloat-abi=hard -nostartfiles -g -Wall -Wextra"
"Running Make include in ps7_cortexa9_1/libsrc/switching_event_counter_v1_00_a/src"
make -C ps7_cortexa9_1/libsrc/switching_event_counter_v1_00_a/src -s include  "SHELL=CMD" "COMPILER=arm-none-eabi-gcc" "ARCHIVER=arm-none-eabi-ar" "COMPILER_FLAGS=  -O2 -c" "EXTRA_COMPILER_FLAGS=-DUSE_AMP=1 -mcpu=cortex-a9 -mfpu=vfpv3 -mfloat-abi=hard -nostartfiles -g -Wall -Wextra"
"Running Make include in ps7_cortexa9_1/libsrc/sysmon_v7_5/src"
make -C ps7_cortexa9_1/libsrc/sysmon_v7_5/src -s include  "SHELL=CMD" "COMPILER=arm-none-eabi-gcc" "ARCHIVER=arm-none-eabi-ar" "COMPILER_FLAGS=  -O2 -c" "EXTRA_COMPILER_FLAGS=-DUSE_AMP=1 -mcpu=cortex-a9 -mfpu=vfpv3 -mfloat-abi=hard -nostartfiles -g -Wall -Wextra"
"Running Make include in ps7_cortexa9_1/libsrc/ttcps_v3_9/src"
make -C ps7_cortexa9_1/libsrc/ttcps_v3_9/src -s include  "SHELL=CMD" "COMPILER=arm-none-eabi-gcc" "ARCHIVER=arm-none-eabi-ar" "COMPILER_FLAGS=  -O2 -c" "EXTRA_COMPILER_FLAGS=-DUSE_AMP=1 -mcpu=cortex-a9 -mfpu=vfpv3 -mfloat-abi=hard -nostartfiles -g -Wall -Wextra"
"Running Make include in ps7_cortexa9_1/libsrc/uartps_v3_7/src"
make -C ps7_cortexa9_1/libsrc/uartps_v3_7/src -s include  "SHELL=CMD" "COMPILER=arm-none-eabi-gcc" "ARCHIVER=arm-none-eabi-ar" "COMPILER_FLAGS=  -O2 -c" "EXTRA_COMPILER_FLAGS=-DUSE_AMP=1 -mcpu=cortex-a9 -mfpu=vfpv3 -mfloat-abi=hard -nostartfiles -g -Wall -Wextra"
"Running Make include in ps7_cortexa9_1/libsrc/usbps_v2_4/src"
make -C ps7_cortexa9_1/libsrc/usbps_v2_4/src -s include  "SHELL=CMD" "COMPILER=arm-none-eabi-gcc" "ARCHIVER=arm-none-eabi-ar" "COMPILER_FLAGS=  -O2 -c" "EXTRA_COMPILER_FLAGS=-DUSE_AMP=1 -mcpu=cortex-a9 -mfpu=vfpv3 -mfloat-abi=hard -nostartfiles -g -Wall -Wextra"
"Running Make include in ps7_cortexa9_1/libsrc/xadcps_v2_3/src"
make -C ps7_cortexa9_1/libsrc/xadcps_v2_3/src -s include  "SHELL=CMD" "COMPILER=arm-none-eabi-gcc" "ARCHIVER=arm-none-eabi-ar" "COMPILER_FLAGS=  -O2 -c" "EXTRA_COMPILER_FLAGS=-DUSE_AMP=1 -mcpu=cortex-a9 -mfpu=vfpv3 -mfloat-abi=hard -nostartfiles -g -Wall -Wextra"
"Running Make libs in ps7_cortexa9_1/libsrc/ad_converter_serial_receiver_v1_00_a/src"
make -C ps7_cortexa9_1/libsrc/ad_converter_serial_receiver_v1_00_a/src -s libs  "SHELL=CMD" "COMPILER=arm-none-eabi-gcc" "ARCHIVER=arm-none-eabi-ar" "COMPILER_FLAGS=  -O2 -c" "EXTRA_COMPILER_FLAGS=-DUSE_AMP=1 -mcpu=cortex-a9 -mfpu=vfpv3 -mfloat-abi=hard -nostartfiles -g -Wall -Wextra"
"Running Make libs in ps7_cortexa9_1/libsrc/blankingtimecorr_v1_0/src"
make -C ps7_cortexa9_1/libsrc/blankingtimecorr_v1_0/src -s libs  "SHELL=CMD" "COMPILER=arm-none-eabi-gcc" "ARCHIVER=arm-none-eabi-ar" "COMPILER_FLAGS=  -O2 -c" "EXTRA_COMPILER_FLAGS=-DUSE_AMP=1 -mcpu=cortex-a9 -mfpu=vfpv3 -mfloat-abi=hard -nostartfiles -g -Wall -Wextra"
"Compiling foo_top_top"
In file included from blankingtimecorr.h:9,
                 from blankingtimecorr.c:1:
blankingtimecorr.c: In function 'blankingtimecorr_ic_in_read':
../../../include/xil_assert.h:108:9: warning: 'return' with no value, in function returning non-void
         return;                                    \
         ^~~~~~
blankingtimecorr.c:22:5: note: in expansion of macro 'Xil_AssertVoid'
     Xil_AssertVoid(InstancePtr != NULL);
     ^~~~~~~~~~~~~~
blankingtimecorr.c:19:5: note: declared here
 int blankingtimecorr_ic_in_read(blankingtimecorr *InstancePtr) {
     ^~~~~~~~~~~~~~~~~~~~~~~~~~~
In file included from blankingtimecorr.h:9,
                 from blankingtimecorr.c:1:
blankingtimecorr.c: In function 'blankingtimecorr_ib_in_read':
../../../include/xil_assert.h:108:9: warning: 'return' with no value, in function returning non-void
         return;                                    \
         ^~~~~~
blankingtimecorr.c:36:5: note: in expansion of macro 'Xil_AssertVoid'
     Xil_AssertVoid(InstancePtr != NULL);
     ^~~~~~~~~~~~~~
blankingtimecorr.c:33:5: note: declared here
 int blankingtimecorr_ib_in_read(blankingtimecorr *InstancePtr) {
     ^~~~~~~~~~~~~~~~~~~~~~~~~~~
In file included from blankingtimecorr.h:9,
                 from blankingtimecorr.c:1:
blankingtimecorr.c: In function 'blankingtimecorr_ia_in_read':
../../../include/xil_assert.h:108:9: warning: 'return' with no value, in function returning non-void
         return;                                    \
         ^~~~~~
blankingtimecorr.c:50:5: note: in expansion of macro 'Xil_AssertVoid'
     Xil_AssertVoid(InstancePtr != NULL);
     ^~~~~~~~~~~~~~
blankingtimecorr.c:47:5: note: declared here
 int blankingtimecorr_ia_in_read(blankingtimecorr *InstancePtr) {
     ^~~~~~~~~~~~~~~~~~~~~~~~~~~
In file included from blankingtimecorr.h:9,
                 from blankingtimecorr.c:1:
blankingtimecorr.c: In function 'blankingtimecorr_blankingtime_read':
../../../include/xil_assert.h:108:9: warning: 'return' with no value, in function returning non-void
         return;                                    \
         ^~~~~~
blankingtimecorr.c:64:5: note: in expansion of macro 'Xil_AssertVoid'
     Xil_AssertVoid(InstancePtr != NULL);
     ^~~~~~~~~~~~~~
blankingtimecorr.c:61:5: note: declared here
 int blankingtimecorr_blankingtime_read(blankingtimecorr *InstancePtr) {
     ^~~~~~~~~~~~~~~~~~~~~~~~~~~~~~~~~~
In file included from blankingtimecorr.h:9,
                 from blankingtimecorr.c:1:
blankingtimecorr.c: In function 'blankingtimecorr_t_samp_on_read':
../../../include/xil_assert.h:108:9: warning: 'return' with no value, in function returning non-void
         return;                                    \
         ^~~~~~
blankingtimecorr.c:72:5: note: in expansion of macro 'Xil_AssertVoid'
     Xil_AssertVoid(InstancePtr != NULL);
     ^~~~~~~~~~~~~~
blankingtimecorr.c:69:5: note: declared here
 u32 blankingtimecorr_t_samp_on_read(blankingtimecorr *InstancePtr) {
     ^~~~~~~~~~~~~~~~~~~~~~~~~~~~~~~
In file included from blankingtimecorr.h:9,
                 from blankingtimecorr.c:1:
blankingtimecorr.c: In function 'blankingtimecorr_ta_on_read':
../../../include/xil_assert.h:108:9: warning: 'return' with no value, in function returning non-void
         return;                                    \
         ^~~~~~
blankingtimecorr.c:80:5: note: in expansion of macro 'Xil_AssertVoid'
     Xil_AssertVoid(InstancePtr != NULL);
     ^~~~~~~~~~~~~~
blankingtimecorr.c:77:5: note: declared here
 u32 blankingtimecorr_ta_on_read(blankingtimecorr *InstancePtr) {
     ^~~~~~~~~~~~~~~~~~~~~~~~~~~
In file included from blankingtimecorr.h:9,
                 from blankingtimecorr.c:1:
blankingtimecorr.c: In function 'blankingtimecorr_tb_on_read':
../../../include/xil_assert.h:108:9: warning: 'return' with no value, in function returning non-void
         return;                                    \
         ^~~~~~
blankingtimecorr.c:88:5: note: in expansion of macro 'Xil_AssertVoid'
     Xil_AssertVoid(InstancePtr != NULL);
     ^~~~~~~~~~~~~~
blankingtimecorr.c:85:5: note: declared here
 u32 blankingtimecorr_tb_on_read(blankingtimecorr *InstancePtr) {
     ^~~~~~~~~~~~~~~~~~~~~~~~~~~
In file included from blankingtimecorr.h:9,
                 from blankingtimecorr.c:1:
blankingtimecorr.c: In function 'blankingtimecorr_tc_on_read':
../../../include/xil_assert.h:108:9: warning: 'return' with no value, in function returning non-void
         return;                                    \
         ^~~~~~
blankingtimecorr.c:96:5: note: in expansion of macro 'Xil_AssertVoid'
     Xil_AssertVoid(InstancePtr != NULL);
     ^~~~~~~~~~~~~~
blankingtimecorr.c:93:5: note: declared here
 u32 blankingtimecorr_tc_on_read(blankingtimecorr *InstancePtr) {
     ^~~~~~~~~~~~~~~~~~~~~~~~~~~
"Running Make libs in ps7_cortexa9_1/libsrc/canps_v3_2/src"
make -C ps7_cortexa9_1/libsrc/canps_v3_2/src -s libs  "SHELL=CMD" "COMPILER=arm-none-eabi-gcc" "ARCHIVER=arm-none-eabi-ar" "COMPILER_FLAGS=  -O2 -c" "EXTRA_COMPILER_FLAGS=-DUSE_AMP=1 -mcpu=cortex-a9 -mfpu=vfpv3 -mfloat-abi=hard -nostartfiles -g -Wall -Wextra"
"Compiling canps"
"Running Make libs in ps7_cortexa9_1/libsrc/common_v1_00_a/src"
make -C ps7_cortexa9_1/libsrc/common_v1_00_a/src -s libs  "SHELL=CMD" "COMPILER=arm-none-eabi-gcc" "ARCHIVER=arm-none-eabi-ar" "COMPILER_FLAGS=  -O2 -c" "EXTRA_COMPILER_FLAGS=-DUSE_AMP=1 -mcpu=cortex-a9 -mfpu=vfpv3 -mfloat-abi=hard -nostartfiles -g -Wall -Wextra"
"Compiling common"
xutil_memtest.c: In function 'XUtil_MemoryTest32':
xutil_memtest.c:157:7: warning: this statement may fall through [-Wimplicit-fallthrough=]
    if (Subtest != XUT_ALLMEMTESTS) {
       ^
xutil_memtest.c:166:2: note: here
  case XUT_WALKONES:
  ^~~~
xutil_memtest.c:218:7: warning: this statement may fall through [-Wimplicit-fallthrough=]
    if (Subtest != XUT_ALLMEMTESTS) {
       ^
xutil_memtest.c:227:2: note: here
  case XUT_WALKZEROS:
  ^~~~
xutil_memtest.c:282:7: warning: this statement may fall through [-Wimplicit-fallthrough=]
    if (Subtest != XUT_ALLMEMTESTS) {
       ^
xutil_memtest.c:290:2: note: here
  case XUT_INVERSEADDR:
  ^~~~
xutil_memtest.c:323:7: warning: this statement may fall through [-Wimplicit-fallthrough=]
    if (Subtest != XUT_ALLMEMTESTS) {
       ^
xutil_memtest.c:333:2: note: here
  case XUT_FIXEDPATTERN:
  ^~~~
xutil_memtest.c: In function 'XUtil_MemoryTest16':
xutil_memtest.c:492:7: warning: this statement may fall through [-Wimplicit-fallthrough=]
    if (Subtest != XUT_ALLMEMTESTS) {
       ^
xutil_memtest.c:500:2: note: here
  case XUT_WALKONES:
  ^~~~
xutil_memtest.c:555:7: warning: this statement may fall through [-Wimplicit-fallthrough=]
    if (Subtest != XUT_ALLMEMTESTS) {
       ^
xutil_memtest.c:564:2: note: here
  case XUT_WALKZEROS:
  ^~~~
xutil_memtest.c:621:7: warning: this statement may fall through [-Wimplicit-fallthrough=]
    if (Subtest != XUT_ALLMEMTESTS) {
       ^
xutil_memtest.c:629:2: note: here
  case XUT_INVERSEADDR:
  ^~~~
xutil_memtest.c:660:7: warning: this statement may fall through [-Wimplicit-fallthrough=]
    if (Subtest != XUT_ALLMEMTESTS) {
       ^
xutil_memtest.c:670:2: note: here
  case XUT_FIXEDPATTERN:
  ^~~~
xutil_memtest.c: In function 'XUtil_MemoryTest8':
xutil_memtest.c:832:7: warning: this statement may fall through [-Wimplicit-fallthrough=]
    if (Subtest != XUT_ALLMEMTESTS) {
       ^
xutil_memtest.c:841:2: note: here
  case XUT_WALKONES:
  ^~~~
xutil_memtest.c:893:7: warning: this statement may fall through [-Wimplicit-fallthrough=]
    if (Subtest != XUT_ALLMEMTESTS) {
       ^
xutil_memtest.c:902:2: note: here
  case XUT_WALKZEROS:
  ^~~~
xutil_memtest.c:958:7: warning: this statement may fall through [-Wimplicit-fallthrough=]
    if (Subtest != XUT_ALLMEMTESTS) {
       ^
xutil_memtest.c:966:2: note: here
  case XUT_INVERSEADDR:
  ^~~~
xutil_memtest.c:998:7: warning: this statement may fall through [-Wimplicit-fallthrough=]
    if (Subtest != XUT_ALLMEMTESTS) {
       ^
xutil_memtest.c:1008:2: note: here
  case XUT_FIXEDPATTERN:
  ^~~~
"Running Make libs in ps7_cortexa9_1/libsrc/comparator_limiter_block_v1_00_a/src"
make -C ps7_cortexa9_1/libsrc/comparator_limiter_block_v1_00_a/src -s libs  "SHELL=CMD" "COMPILER=arm-none-eabi-gcc" "ARCHIVER=arm-none-eabi-ar" "COMPILER_FLAGS=  -O2 -c" "EXTRA_COMPILER_FLAGS=-DUSE_AMP=1 -mcpu=cortex-a9 -mfpu=vfpv3 -mfloat-abi=hard -nostartfiles -g -Wall -Wextra"
"Running Make libs in ps7_cortexa9_1/libsrc/coresightps_dcc_v1_5/src"
make -C ps7_cortexa9_1/libsrc/coresightps_dcc_v1_5/src -s libs  "SHELL=CMD" "COMPILER=arm-none-eabi-gcc" "ARCHIVER=arm-none-eabi-ar" "COMPILER_FLAGS=  -O2 -c" "EXTRA_COMPILER_FLAGS=-DUSE_AMP=1 -mcpu=cortex-a9 -mfpu=vfpv3 -mfloat-abi=hard -nostartfiles -g -Wall -Wextra"
"Compiling coresightps_dcc"
"Running Make libs in ps7_cortexa9_1/libsrc/cpu_cortexa9_v2_7/src"
make -C ps7_cortexa9_1/libsrc/cpu_cortexa9_v2_7/src -s libs  "SHELL=CMD" "COMPILER=arm-none-eabi-gcc" "ARCHIVER=arm-none-eabi-ar" "COMPILER_FLAGS=  -O2 -c" "EXTRA_COMPILER_FLAGS=-DUSE_AMP=1 -mcpu=cortex-a9 -mfpu=vfpv3 -mfloat-abi=hard -nostartfiles -g -Wall -Wextra"
"Compiling cpu_cortexa9"
"Running Make libs in ps7_cortexa9_1/libsrc/da_converter_interface_v1_00_a/src"
make -C ps7_cortexa9_1/libsrc/da_converter_interface_v1_00_a/src -s libs  "SHELL=CMD" "COMPILER=arm-none-eabi-gcc" "ARCHIVER=arm-none-eabi-ar" "COMPILER_FLAGS=  -O2 -c" "EXTRA_COMPILER_FLAGS=-DUSE_AMP=1 -mcpu=cortex-a9 -mfpu=vfpv3 -mfloat-abi=hard -nostartfiles -g -Wall -Wextra"
"Running Make libs in ps7_cortexa9_1/libsrc/ddrps_v1_0/src"
make -C ps7_cortexa9_1/libsrc/ddrps_v1_0/src -s libs  "SHELL=CMD" "COMPILER=arm-none-eabi-gcc" "ARCHIVER=arm-none-eabi-ar" "COMPILER_FLAGS=  -O2 -c" "EXTRA_COMPILER_FLAGS=-DUSE_AMP=1 -mcpu=cortex-a9 -mfpu=vfpv3 -mfloat-abi=hard -nostartfiles -g -Wall -Wextra"
"Compiling ddrps"
"Running Make libs in ps7_cortexa9_1/libsrc/devcfg_v3_5/src"
make -C ps7_cortexa9_1/libsrc/devcfg_v3_5/src -s libs  "SHELL=CMD" "COMPILER=arm-none-eabi-gcc" "ARCHIVER=arm-none-eabi-ar" "COMPILER_FLAGS=  -O2 -c" "EXTRA_COMPILER_FLAGS=-DUSE_AMP=1 -mcpu=cortex-a9 -mfpu=vfpv3 -mfloat-abi=hard -nostartfiles -g -Wall -Wextra"
"Compiling devcfg"
"Running Make libs in ps7_cortexa9_1/libsrc/dmaps_v2_4/src"
make -C ps7_cortexa9_1/libsrc/dmaps_v2_4/src -s libs  "SHELL=CMD" "COMPILER=arm-none-eabi-gcc" "ARCHIVER=arm-none-eabi-ar" "COMPILER_FLAGS=  -O2 -c" "EXTRA_COMPILER_FLAGS=-DUSE_AMP=1 -mcpu=cortex-a9 -mfpu=vfpv3 -mfloat-abi=hard -nostartfiles -g -Wall -Wextra"
"Compiling dmaps"
"Running Make libs in ps7_cortexa9_1/libsrc/driver_interface_v1_00_a/src"
make -C ps7_cortexa9_1/libsrc/driver_interface_v1_00_a/src -s libs  "SHELL=CMD" "COMPILER=arm-none-eabi-gcc" "ARCHIVER=arm-none-eabi-ar" "COMPILER_FLAGS=  -O2 -c" "EXTRA_COMPILER_FLAGS=-DUSE_AMP=1 -mcpu=cortex-a9 -mfpu=vfpv3 -mfloat-abi=hard -nostartfiles -g -Wall -Wextra"
"Running Make libs in ps7_cortexa9_1/libsrc/emacps_v3_9/src"
make -C ps7_cortexa9_1/libsrc/emacps_v3_9/src -s libs  "SHELL=CMD" "COMPILER=arm-none-eabi-gcc" "ARCHIVER=arm-none-eabi-ar" "COMPILER_FLAGS=  -O2 -c" "EXTRA_COMPILER_FLAGS=-DUSE_AMP=1 -mcpu=cortex-a9 -mfpu=vfpv3 -mfloat-abi=hard -nostartfiles -g -Wall -Wextra"
"Compiling emacps"
"Running Make libs in ps7_cortexa9_1/libsrc/emu_dc_v5_16/src"
make -C ps7_cortexa9_1/libsrc/emu_dc_v5_16/src -s libs  "SHELL=CMD" "COMPILER=arm-none-eabi-gcc" "ARCHIVER=arm-none-eabi-ar" "COMPILER_FLAGS=  -O2 -c" "EXTRA_COMPILER_FLAGS=-DUSE_AMP=1 -mcpu=cortex-a9 -mfpu=vfpv3 -mfloat-abi=hard -nostartfiles -g -Wall -Wextra"
"Compiling foo_top_top"
In file included from emu_dc.h:9,
                 from emu_dc.c:1:
emu_dc.c: In function 'emu_dc_voltage_pu_bit_conv2_read':
../../../include/xil_assert.h:108:9: warning: 'return' with no value, in function returning non-void
         return;                                    \
         ^~~~~~
emu_dc.c:22:5: note: in expansion of macro 'Xil_AssertVoid'
     Xil_AssertVoid(InstancePtr != NULL);
     ^~~~~~~~~~~~~~
emu_dc.c:19:5: note: declared here
 int emu_dc_voltage_pu_bit_conv2_read(emu_dc *InstancePtr) {
     ^~~~~~~~~~~~~~~~~~~~~~~~~~~~~~~~
In file included from emu_dc.h:9,
                 from emu_dc.c:1:
emu_dc.c: In function 'emu_dc_voltage_pu_bit_conv1_read':
../../../include/xil_assert.h:108:9: warning: 'return' with no value, in function returning non-void
         return;                                    \
         ^~~~~~
emu_dc.c:36:5: note: in expansion of macro 'Xil_AssertVoid'
     Xil_AssertVoid(InstancePtr != NULL);
     ^~~~~~~~~~~~~~
emu_dc.c:33:5: note: declared here
 int emu_dc_voltage_pu_bit_conv1_read(emu_dc *InstancePtr) {
     ^~~~~~~~~~~~~~~~~~~~~~~~~~~~~~~~
In file included from emu_dc.h:9,
                 from emu_dc.c:1:
emu_dc.c: In function 'emu_dc_ra_read':
../../../include/xil_assert.h:108:9: warning: 'return' with no value, in function returning non-void
         return;                                    \
         ^~~~~~
emu_dc.c:50:5: note: in expansion of macro 'Xil_AssertVoid'
     Xil_AssertVoid(InstancePtr != NULL);
     ^~~~~~~~~~~~~~
emu_dc.c:47:5: note: declared here
 u32 emu_dc_ra_read(emu_dc *InstancePtr) {
     ^~~~~~~~~~~~~~
In file included from emu_dc.h:9,
                 from emu_dc.c:1:
emu_dc.c: In function 'emu_dc_polepairs_read':
../../../include/xil_assert.h:108:9: warning: 'return' with no value, in function returning non-void
         return;                                    \
         ^~~~~~
emu_dc.c:64:5: note: in expansion of macro 'Xil_AssertVoid'
     Xil_AssertVoid(InstancePtr != NULL);
     ^~~~~~~~~~~~~~
emu_dc.c:61:5: note: declared here
 int emu_dc_polepairs_read(emu_dc *InstancePtr) {
     ^~~~~~~~~~~~~~~~~~~~~
In file included from emu_dc.h:9,
                 from emu_dc.c:1:
emu_dc.c: In function 'emu_dc_magnetization_4q_1q_read':
../../../include/xil_assert.h:108:9: warning: 'return' with no value, in function returning non-void
         return;                                    \
         ^~~~~~
emu_dc.c:78:5: note: in expansion of macro 'Xil_AssertVoid'
     Xil_AssertVoid(InstancePtr != NULL);
     ^~~~~~~~~~~~~~
emu_dc.c:75:5: note: declared here
 u32 emu_dc_magnetization_4q_1q_read(emu_dc *InstancePtr) {
     ^~~~~~~~~~~~~~~~~~~~~~~~~~~~~~~
In file included from emu_dc.h:9,
                 from emu_dc.c:1:
emu_dc.c: In function 'emu_dc_kn_read':
../../../include/xil_assert.h:108:9: warning: 'return' with no value, in function returning non-void
         return;                                    \
         ^~~~~~
emu_dc.c:92:5: note: in expansion of macro 'Xil_AssertVoid'
     Xil_AssertVoid(InstancePtr != NULL);
     ^~~~~~~~~~~~~~
emu_dc.c:89:5: note: declared here
 int emu_dc_kn_read(emu_dc *InstancePtr) {
     ^~~~~~~~~~~~~~
In file included from emu_dc.h:9,
                 from emu_dc.c:1:
emu_dc.c: In function 'emu_dc_k_fnmechtstep_read':
../../../include/xil_assert.h:108:9: warning: 'return' with no value, in function returning non-void
         return;                                    \
         ^~~~~~
emu_dc.c:106:5: note: in expansion of macro 'Xil_AssertVoid'
     Xil_AssertVoid(InstancePtr != NULL);
     ^~~~~~~~~~~~~~
emu_dc.c:103:5: note: declared here
 int emu_dc_k_fnmechtstep_read(emu_dc *InstancePtr) {
     ^~~~~~~~~~~~~~~~~~~~~~~~~
In file included from emu_dc.h:9,
                 from emu_dc.c:1:
emu_dc.c: In function 'emu_dc_current_pu_bit_conv2_read':
../../../include/xil_assert.h:108:9: warning: 'return' with no value, in function returning non-void
         return;                                    \
         ^~~~~~
emu_dc.c:120:5: note: in expansion of macro 'Xil_AssertVoid'
     Xil_AssertVoid(InstancePtr != NULL);
     ^~~~~~~~~~~~~~
emu_dc.c:117:5: note: declared here
 int emu_dc_current_pu_bit_conv2_read(emu_dc *InstancePtr) {
     ^~~~~~~~~~~~~~~~~~~~~~~~~~~~~~~~
In file included from emu_dc.h:9,
                 from emu_dc.c:1:
emu_dc.c: In function 'emu_dc_current_pu_bit_conv1_read':
../../../include/xil_assert.h:108:9: warning: 'return' with no value, in function returning non-void
         return;                                    \
         ^~~~~~
emu_dc.c:134:5: note: in expansion of macro 'Xil_AssertVoid'
     Xil_AssertVoid(InstancePtr != NULL);
     ^~~~~~~~~~~~~~
emu_dc.c:131:5: note: declared here
 int emu_dc_current_pu_bit_conv1_read(emu_dc *InstancePtr) {
     ^~~~~~~~~~~~~~~~~~~~~~~~~~~~~~~~
In file included from emu_dc.h:9,
                 from emu_dc.c:1:
emu_dc.c: In function 'emu_dc_vdc2_read':
../../../include/xil_assert.h:108:9: warning: 'return' with no value, in function returning non-void
         return;                                    \
         ^~~~~~
emu_dc.c:148:5: note: in expansion of macro 'Xil_AssertVoid'
     Xil_AssertVoid(InstancePtr != NULL);
     ^~~~~~~~~~~~~~
emu_dc.c:145:5: note: declared here
 int emu_dc_vdc2_read(emu_dc *InstancePtr) {
     ^~~~~~~~~~~~~~~~
In file included from emu_dc.h:9,
                 from emu_dc.c:1:
emu_dc.c: In function 'emu_dc_vdc1_read':
../../../include/xil_assert.h:108:9: warning: 'return' with no value, in function returning non-void
         return;                                    \
         ^~~~~~
emu_dc.c:162:5: note: in expansion of macro 'Xil_AssertVoid'
     Xil_AssertVoid(InstancePtr != NULL);
     ^~~~~~~~~~~~~~
emu_dc.c:159:5: note: declared here
 int emu_dc_vdc1_read(emu_dc *InstancePtr) {
     ^~~~~~~~~~~~~~~~
In file included from emu_dc.h:9,
                 from emu_dc.c:1:
emu_dc.c: In function 'emu_dc_ts_la_read':
../../../include/xil_assert.h:108:9: warning: 'return' with no value, in function returning non-void
         return;                                    \
         ^~~~~~
emu_dc.c:176:5: note: in expansion of macro 'Xil_AssertVoid'
     Xil_AssertVoid(InstancePtr != NULL);
     ^~~~~~~~~~~~~~
emu_dc.c:173:5: note: declared here
 u32 emu_dc_ts_la_read(emu_dc *InstancePtr) {
     ^~~~~~~~~~~~~~~~~
In file included from emu_dc.h:9,
                 from emu_dc.c:1:
emu_dc.c: In function 'emu_dc_ts_tm_read':
../../../include/xil_assert.h:108:9: warning: 'return' with no value, in function returning non-void
         return;                                    \
         ^~~~~~
emu_dc.c:190:5: note: in expansion of macro 'Xil_AssertVoid'
     Xil_AssertVoid(InstancePtr != NULL);
     ^~~~~~~~~~~~~~
emu_dc.c:187:5: note: declared here
 int emu_dc_ts_tm_read(emu_dc *InstancePtr) {
     ^~~~~~~~~~~~~~~~~
In file included from emu_dc.h:9,
                 from emu_dc.c:1:
emu_dc.c: In function 'emu_dc_ts_tf_read':
../../../include/xil_assert.h:108:9: warning: 'return' with no value, in function returning non-void
         return;                                    \
         ^~~~~~
emu_dc.c:204:5: note: in expansion of macro 'Xil_AssertVoid'
     Xil_AssertVoid(InstancePtr != NULL);
     ^~~~~~~~~~~~~~
emu_dc.c:201:5: note: declared here
 u32 emu_dc_ts_tf_read(emu_dc *InstancePtr) {
     ^~~~~~~~~~~~~~~~~
In file included from emu_dc.h:9,
                 from emu_dc.c:1:
emu_dc.c: In function 'emu_dc_tl_read':
../../../include/xil_assert.h:108:9: warning: 'return' with no value, in function returning non-void
         return;                                    \
         ^~~~~~
emu_dc.c:218:5: note: in expansion of macro 'Xil_AssertVoid'
     Xil_AssertVoid(InstancePtr != NULL);
     ^~~~~~~~~~~~~~
emu_dc.c:215:5: note: declared here
 int emu_dc_tl_read(emu_dc *InstancePtr) {
     ^~~~~~~~~~~~~~
In file included from emu_dc.h:9,
                 from emu_dc.c:1:
emu_dc.c: In function 'emu_dc_tlsum_read':
../../../include/xil_assert.h:108:9: warning: 'return' with no value, in function returning non-void
         return;                                    \
         ^~~~~~
emu_dc.c:226:5: note: in expansion of macro 'Xil_AssertVoid'
     Xil_AssertVoid(InstancePtr != NULL);
     ^~~~~~~~~~~~~~
emu_dc.c:223:5: note: declared here
 int emu_dc_tlsum_read(emu_dc *InstancePtr) {
     ^~~~~~~~~~~~~~~~~
In file included from emu_dc.h:9,
                 from emu_dc.c:1:
emu_dc.c: In function 'emu_dc_ia_read':
../../../include/xil_assert.h:108:9: warning: 'return' with no value, in function returning non-void
         return;                                    \
         ^~~~~~
emu_dc.c:234:5: note: in expansion of macro 'Xil_AssertVoid'
     Xil_AssertVoid(InstancePtr != NULL);
     ^~~~~~~~~~~~~~
emu_dc.c:231:5: note: declared here
 int emu_dc_ia_read(emu_dc *InstancePtr) {
     ^~~~~~~~~~~~~~
In file included from emu_dc.h:9,
                 from emu_dc.c:1:
emu_dc.c: In function 'emu_dc_if_x0_read':
../../../include/xil_assert.h:108:9: warning: 'return' with no value, in function returning non-void
         return;                                    \
         ^~~~~~
emu_dc.c:242:5: note: in expansion of macro 'Xil_AssertVoid'
     Xil_AssertVoid(InstancePtr != NULL);
     ^~~~~~~~~~~~~~
emu_dc.c:239:5: note: declared here
 int emu_dc_if_x0_read(emu_dc *InstancePtr) {
     ^~~~~~~~~~~~~~~~~
In file included from emu_dc.h:9,
                 from emu_dc.c:1:
emu_dc.c: In function 'emu_dc_motor_id_read':
../../../include/xil_assert.h:108:9: warning: 'return' with no value, in function returning non-void
         return;                                    \
         ^~~~~~
emu_dc.c:250:5: note: in expansion of macro 'Xil_AssertVoid'
     Xil_AssertVoid(InstancePtr != NULL);
     ^~~~~~~~~~~~~~
emu_dc.c:247:5: note: declared here
 u32 emu_dc_motor_id_read(emu_dc *InstancePtr) {
     ^~~~~~~~~~~~~~~~~~~~
In file included from emu_dc.h:9,
                 from emu_dc.c:1:
emu_dc.c: In function 'emu_dc_speed_read':
../../../include/xil_assert.h:108:9: warning: 'return' with no value, in function returning non-void
         return;                                    \
         ^~~~~~
emu_dc.c:258:5: note: in expansion of macro 'Xil_AssertVoid'
     Xil_AssertVoid(InstancePtr != NULL);
     ^~~~~~~~~~~~~~
emu_dc.c:255:5: note: declared here
 int emu_dc_speed_read(emu_dc *InstancePtr) {
     ^~~~~~~~~~~~~~~~~
In file included from emu_dc.h:9,
                 from emu_dc.c:1:
emu_dc.c: In function 'emu_dc_te_read':
../../../include/xil_assert.h:108:9: warning: 'return' with no value, in function returning non-void
         return;                                    \
         ^~~~~~
emu_dc.c:266:5: note: in expansion of macro 'Xil_AssertVoid'
     Xil_AssertVoid(InstancePtr != NULL);
     ^~~~~~~~~~~~~~
emu_dc.c:263:5: note: declared here
 int emu_dc_te_read(emu_dc *InstancePtr) {
     ^~~~~~~~~~~~~~
In file included from emu_dc.h:9,
                 from emu_dc.c:1:
emu_dc.c: In function 'emu_dc_theta_el_read':
../../../include/xil_assert.h:108:9: warning: 'return' with no value, in function returning non-void
         return;                                    \
         ^~~~~~
emu_dc.c:274:5: note: in expansion of macro 'Xil_AssertVoid'
     Xil_AssertVoid(InstancePtr != NULL);
     ^~~~~~~~~~~~~~
emu_dc.c:271:5: note: declared here
 int emu_dc_theta_el_read(emu_dc *InstancePtr) {
     ^~~~~~~~~~~~~~~~~~~~
In file included from emu_dc.h:9,
                 from emu_dc.c:1:
emu_dc.c: In function 'emu_dc_theta_mech_read':
../../../include/xil_assert.h:108:9: warning: 'return' with no value, in function returning non-void
         return;                                    \
         ^~~~~~
emu_dc.c:282:5: note: in expansion of macro 'Xil_AssertVoid'
     Xil_AssertVoid(InstancePtr != NULL);
     ^~~~~~~~~~~~~~
emu_dc.c:279:5: note: declared here
 int emu_dc_theta_mech_read(emu_dc *InstancePtr) {
     ^~~~~~~~~~~~~~~~~~~~~~
"Running Make libs in ps7_cortexa9_1/libsrc/filter_block_v1_00_a/src"
make -C ps7_cortexa9_1/libsrc/filter_block_v1_00_a/src -s libs  "SHELL=CMD" "COMPILER=arm-none-eabi-gcc" "ARCHIVER=arm-none-eabi-ar" "COMPILER_FLAGS=  -O2 -c" "EXTRA_COMPILER_FLAGS=-DUSE_AMP=1 -mcpu=cortex-a9 -mfpu=vfpv3 -mfloat-abi=hard -nostartfiles -g -Wall -Wextra"
"Running Make libs in ps7_cortexa9_1/libsrc/gpiops_v3_5/src"
make -C ps7_cortexa9_1/libsrc/gpiops_v3_5/src -s libs  "SHELL=CMD" "COMPILER=arm-none-eabi-gcc" "ARCHIVER=arm-none-eabi-ar" "COMPILER_FLAGS=  -O2 -c" "EXTRA_COMPILER_FLAGS=-DUSE_AMP=1 -mcpu=cortex-a9 -mfpu=vfpv3 -mfloat-abi=hard -nostartfiles -g -Wall -Wextra"
"Compiling gpiops"
"Running Make libs in ps7_cortexa9_1/libsrc/gpio_v4_4/src"
make -C ps7_cortexa9_1/libsrc/gpio_v4_4/src -s libs  "SHELL=CMD" "COMPILER=arm-none-eabi-gcc" "ARCHIVER=arm-none-eabi-ar" "COMPILER_FLAGS=  -O2 -c" "EXTRA_COMPILER_FLAGS=-DUSE_AMP=1 -mcpu=cortex-a9 -mfpu=vfpv3 -mfloat-abi=hard -nostartfiles -g -Wall -Wextra"
"Compiling gpio"
"Running Make libs in ps7_cortexa9_1/libsrc/incremental_encoder_interface_v1_00_a/src"
make -C ps7_cortexa9_1/libsrc/incremental_encoder_interface_v1_00_a/src -s libs  "SHELL=CMD" "COMPILER=arm-none-eabi-gcc" "ARCHIVER=arm-none-eabi-ar" "COMPILER_FLAGS=  -O2 -c" "EXTRA_COMPILER_FLAGS=-DUSE_AMP=1 -mcpu=cortex-a9 -mfpu=vfpv3 -mfloat-abi=hard -nostartfiles -g -Wall -Wextra"
"Running Make libs in ps7_cortexa9_1/libsrc/multiplexer_v1_0/src"
make -C ps7_cortexa9_1/libsrc/multiplexer_v1_0/src -s libs  "SHELL=CMD" "COMPILER=arm-none-eabi-gcc" "ARCHIVER=arm-none-eabi-ar" "COMPILER_FLAGS=  -O2 -c" "EXTRA_COMPILER_FLAGS=-DUSE_AMP=1 -mcpu=cortex-a9 -mfpu=vfpv3 -mfloat-abi=hard -nostartfiles -g -Wall -Wextra"
"Compiling multiplexer..."
multiplexer_selftest.c: In function 'MULTIPLEXER_Reg_SelfTest':
multiplexer_selftest.c:52:60: warning: comparison of integer expressions of different signedness: 'u32' {aka 'long unsigned int'} and 'int' [-Wsign-compare]
    if ( MULTIPLEXER_mReadReg (baseaddr, read_loop_index*4) != (read_loop_index+1)*READ_WRITE_MUL_FACTOR){
                                                            ^~
multiplexer_selftest.c:36:6: warning: unused variable 'Index' [-Wunused-variable]
  int Index;
      ^~~~~
"Running Make libs in ps7_cortexa9_1/libsrc/pulse_width_modulator_v1_00_a/src"
make -C ps7_cortexa9_1/libsrc/pulse_width_modulator_v1_00_a/src -s libs  "SHELL=CMD" "COMPILER=arm-none-eabi-gcc" "ARCHIVER=arm-none-eabi-ar" "COMPILER_FLAGS=  -O2 -c" "EXTRA_COMPILER_FLAGS=-DUSE_AMP=1 -mcpu=cortex-a9 -mfpu=vfpv3 -mfloat-abi=hard -nostartfiles -g -Wall -Wextra"
"Running Make libs in ps7_cortexa9_1/libsrc/qspips_v3_6/src"
make -C ps7_cortexa9_1/libsrc/qspips_v3_6/src -s libs  "SHELL=CMD" "COMPILER=arm-none-eabi-gcc" "ARCHIVER=arm-none-eabi-ar" "COMPILER_FLAGS=  -O2 -c" "EXTRA_COMPILER_FLAGS=-DUSE_AMP=1 -mcpu=cortex-a9 -mfpu=vfpv3 -mfloat-abi=hard -nostartfiles -g -Wall -Wextra"
"Compiling qspips"
"Running Make libs in ps7_cortexa9_1/libsrc/register_array_v1_00_a/src"
make -C ps7_cortexa9_1/libsrc/register_array_v1_00_a/src -s libs  "SHELL=CMD" "COMPILER=arm-none-eabi-gcc" "ARCHIVER=arm-none-eabi-ar" "COMPILER_FLAGS=  -O2 -c" "EXTRA_COMPILER_FLAGS=-DUSE_AMP=1 -mcpu=cortex-a9 -mfpu=vfpv3 -mfloat-abi=hard -nostartfiles -g -Wall -Wextra"
"Running Make libs in ps7_cortexa9_1/libsrc/scugic_v4_0/src"
make -C ps7_cortexa9_1/libsrc/scugic_v4_0/src -s libs  "SHELL=CMD" "COMPILER=arm-none-eabi-gcc" "ARCHIVER=arm-none-eabi-ar" "COMPILER_FLAGS=  -O2 -c" "EXTRA_COMPILER_FLAGS=-DUSE_AMP=1 -mcpu=cortex-a9 -mfpu=vfpv3 -mfloat-abi=hard -nostartfiles -g -Wall -Wextra"
"Compiling scugic"
xscugic_hw.c: In function 'DistInit':
xscugic_hw.c:132:3: warning: #warning "Building GIC for AMP" [-Wcpp]
  #warning "Building GIC for AMP"
   ^~~~~~~
xscugic.c: In function 'DistributorInit':
xscugic.c:310:2: warning: #warning "Building GIC for AMP" [-Wcpp]
 #warning "Building GIC for AMP"
  ^~~~~~~
"Running Make libs in ps7_cortexa9_1/libsrc/scutimer_v2_1/src"
make -C ps7_cortexa9_1/libsrc/scutimer_v2_1/src -s libs  "SHELL=CMD" "COMPILER=arm-none-eabi-gcc" "ARCHIVER=arm-none-eabi-ar" "COMPILER_FLAGS=  -O2 -c" "EXTRA_COMPILER_FLAGS=-DUSE_AMP=1 -mcpu=cortex-a9 -mfpu=vfpv3 -mfloat-abi=hard -nostartfiles -g -Wall -Wextra"
"Compiling scutimer"
"Running Make libs in ps7_cortexa9_1/libsrc/scuwdt_v2_1/src"
make -C ps7_cortexa9_1/libsrc/scuwdt_v2_1/src -s libs  "SHELL=CMD" "COMPILER=arm-none-eabi-gcc" "ARCHIVER=arm-none-eabi-ar" "COMPILER_FLAGS=  -O2 -c" "EXTRA_COMPILER_FLAGS=-DUSE_AMP=1 -mcpu=cortex-a9 -mfpu=vfpv3 -mfloat-abi=hard -nostartfiles -g -Wall -Wextra"
"Compiling scuwdt"
"Running Make libs in ps7_cortexa9_1/libsrc/sdps_v3_7/src"
make -C ps7_cortexa9_1/libsrc/sdps_v3_7/src -s libs  "SHELL=CMD" "COMPILER=arm-none-eabi-gcc" "ARCHIVER=arm-none-eabi-ar" "COMPILER_FLAGS=  -O2 -c" "EXTRA_COMPILER_FLAGS=-DUSE_AMP=1 -mcpu=cortex-a9 -mfpu=vfpv3 -mfloat-abi=hard -nostartfiles -g -Wall -Wextra"
"Compiling sdps"
"Running Make libs in ps7_cortexa9_1/libsrc/spips_v3_2/src"
make -C ps7_cortexa9_1/libsrc/spips_v3_2/src -s libs  "SHELL=CMD" "COMPILER=arm-none-eabi-gcc" "ARCHIVER=arm-none-eabi-ar" "COMPILER_FLAGS=  -O2 -c" "EXTRA_COMPILER_FLAGS=-DUSE_AMP=1 -mcpu=cortex-a9 -mfpu=vfpv3 -mfloat-abi=hard -nostartfiles -g -Wall -Wextra"
"Compiling spips"
"Running Make libs in ps7_cortexa9_1/libsrc/standalone_v7_0/src"
make -C ps7_cortexa9_1/libsrc/standalone_v7_0/src -s libs  "SHELL=CMD" "COMPILER=arm-none-eabi-gcc" "ARCHIVER=arm-none-eabi-ar" "COMPILER_FLAGS=  -O2 -c" "EXTRA_COMPILER_FLAGS=-DUSE_AMP=1 -mcpu=cortex-a9 -mfpu=vfpv3 -mfloat-abi=hard -nostartfiles -g -Wall -Wextra"
"Compiling standalone"
In file included from usleep.c:56:
xtime_l.h:87:9: note: #pragma message: For the sleep routines, Global timer is being used
 #pragma message ("For the sleep routines, Global timer is being used")
         ^~~~~~~
In file included from sleep.c:53:
xtime_l.h:87:9: note: #pragma message: For the sleep routines, Global timer is being used
 #pragma message ("For the sleep routines, Global timer is being used")
         ^~~~~~~
inbyte.c: In function 'inbyte':
inbyte.c:11:1: warning: control reaches end of non-void function [-Wreturn-type]
 }
 ^
In file included from xil_sleeptimer.c:51:
xtime_l.h:87:9: note: #pragma message: For the sleep routines, Global timer is being used
 #pragma message ("For the sleep routines, Global timer is being used")
         ^~~~~~~
xil_cache.c: In function 'Xil_DCacheInvalidateRange':
xil_cache.c:336:16: warning: unused variable 'L2CCOffset' [-Wunused-variable]
  volatile u32 *L2CCOffset = (volatile u32 *)(XPS_L2CC_BASEADDR +
                ^~~~~~~~~~
xil_cache.c: In function 'Xil_DCacheFlushRange':
xil_cache.c:481:16: warning: unused variable 'L2CCOffset' [-Wunused-variable]
  volatile u32 *L2CCOffset = (volatile u32 *)(XPS_L2CC_BASEADDR +
                ^~~~~~~~~~
xil_cache.c: In function 'Xil_ICacheInvalidateRange':
xil_cache.c:654:16: warning: unused variable 'L2CCOffset' [-Wunused-variable]
  volatile u32 *L2CCOffset = (volatile u32 *)(XPS_L2CC_BASEADDR +
                ^~~~~~~~~~
outbyte.c: In function 'outbyte':
outbyte.c:11:19: warning: unused parameter 'c' [-Wunused-parameter]
 void outbyte(char c) {
              ~~~~~^
In file included from xtime_l.c:49:
xtime_l.h:87:9: note: #pragma message: For the sleep routines, Global timer is being used
 #pragma message ("For the sleep routines, Global timer is being used")
         ^~~~~~~
"Running Make libs in ps7_cortexa9_1/libsrc/switching_event_counter_v1_00_a/src"
make -C ps7_cortexa9_1/libsrc/switching_event_counter_v1_00_a/src -s libs  "SHELL=CMD" "COMPILER=arm-none-eabi-gcc" "ARCHIVER=arm-none-eabi-ar" "COMPILER_FLAGS=  -O2 -c" "EXTRA_COMPILER_FLAGS=-DUSE_AMP=1 -mcpu=cortex-a9 -mfpu=vfpv3 -mfloat-abi=hard -nostartfiles -g -Wall -Wextra"
"Running Make libs in ps7_cortexa9_1/libsrc/sysmon_v7_5/src"
make -C ps7_cortexa9_1/libsrc/sysmon_v7_5/src -s libs  "SHELL=CMD" "COMPILER=arm-none-eabi-gcc" "ARCHIVER=arm-none-eabi-ar" "COMPILER_FLAGS=  -O2 -c" "EXTRA_COMPILER_FLAGS=-DUSE_AMP=1 -mcpu=cortex-a9 -mfpu=vfpv3 -mfloat-abi=hard -nostartfiles -g -Wall -Wextra"
"Compiling sysmon"
"Running Make libs in ps7_cortexa9_1/libsrc/ttcps_v3_9/src"
make -C ps7_cortexa9_1/libsrc/ttcps_v3_9/src -s libs  "SHELL=CMD" "COMPILER=arm-none-eabi-gcc" "ARCHIVER=arm-none-eabi-ar" "COMPILER_FLAGS=  -O2 -c" "EXTRA_COMPILER_FLAGS=-DUSE_AMP=1 -mcpu=cortex-a9 -mfpu=vfpv3 -mfloat-abi=hard -nostartfiles -g -Wall -Wextra"
"Compiling ttcps"
"Running Make libs in ps7_cortexa9_1/libsrc/uartps_v3_7/src"
make -C ps7_cortexa9_1/libsrc/uartps_v3_7/src -s libs  "SHELL=CMD" "COMPILER=arm-none-eabi-gcc" "ARCHIVER=arm-none-eabi-ar" "COMPILER_FLAGS=  -O2 -c" "EXTRA_COMPILER_FLAGS=-DUSE_AMP=1 -mcpu=cortex-a9 -mfpu=vfpv3 -mfloat-abi=hard -nostartfiles -g -Wall -Wextra"
"Compiling uartps"
"Running Make libs in ps7_cortexa9_1/libsrc/usbps_v2_4/src"
make -C ps7_cortexa9_1/libsrc/usbps_v2_4/src -s libs  "SHELL=CMD" "COMPILER=arm-none-eabi-gcc" "ARCHIVER=arm-none-eabi-ar" "COMPILER_FLAGS=  -O2 -c" "EXTRA_COMPILER_FLAGS=-DUSE_AMP=1 -mcpu=cortex-a9 -mfpu=vfpv3 -mfloat-abi=hard -nostartfiles -g -Wall -Wextra"
"Compiling usbps"
"Running Make libs in ps7_cortexa9_1/libsrc/xadcps_v2_3/src"
make -C ps7_cortexa9_1/libsrc/xadcps_v2_3/src -s libs  "SHELL=CMD" "COMPILER=arm-none-eabi-gcc" "ARCHIVER=arm-none-eabi-ar" "COMPILER_FLAGS=  -O2 -c" "EXTRA_COMPILER_FLAGS=-DUSE_AMP=1 -mcpu=cortex-a9 -mfpu=vfpv3 -mfloat-abi=hard -nostartfiles -g -Wall -Wextra"
"Compiling xadcps"
'Finished building libraries'
10:01:06 **** Build of configuration Debug for project DC_emulator_lab ****
make pre-build main-build 
a9-linaro-pre-build-step
' '
'Building file: ../src/SwLoadEmulator.cpp'
'Invoking: ARM v7 g++ compiler'
arm-none-eabi-g++ -DFULL -DARM_A9 -DHAS_BASIC_FAULT_LOG_IF_CAPABILITY -DHAS_RUN_INHIBIT_SUPPORT -DHAS_STRNLEN -DHAS_DIGSCOPE_CAPABILITY -Wall -O3 -gdwarf-2 -g -gdwarf-4 -I"C:\TET4120_LAB\emulator_lab\TSW_SW\include" -I../../L2_Ph3_L2_Ph3_DC_bsp/ps7_cortexa9_1/include -c -fmessage-length=0 -MT"src/SwLoadEmulator.o" -mcpu=cortex-a9 -mfpu=vfpv3 -mfloat-abi=hard -I../../L2_Ph3_L2_Ph3_DC_bsp/ps7_cortexa9_1/include -MMD -MP -MF"src/SwLoadEmulator.d" -MT"src/SwLoadEmulator.o" -o "src/SwLoadEmulator.o" "../src/SwLoadEmulator.cpp"
In file included from ../src/SwLoadEmulator.cpp:2:
../src/../include/ConfigParameters.hpp:72:10: fatal error: types.hpp: No such file or directory
 #include <types.hpp>
          ^~~~~~~~~~~
compilation terminated.
make: *** [src/subdir.mk:26: src/SwLoadEmulator.o] Error 1
10:01:42 **** Clean-only build of configuration Debug for project DC_emulator_lab ****
make clean 
rm -rf  ./src/SwLoadEmulator.o ./src/main.o  ./src/SwLoadEmulator.d ./src/main.d  DC_emulator_lab.elf.size  DC_emulator_lab.elf
' '
10:01:42 **** Auto Build of configuration Debug for project DC_emulator_lab ****
make pre-build main-build 
a9-linaro-pre-build-step
' '
'Building file: ../src/SwLoadEmulator.cpp'
'Invoking: ARM v7 g++ compiler'
arm-none-eabi-g++ -DFULL -DARM_A9 -DHAS_BASIC_FAULT_LOG_IF_CAPABILITY -DHAS_RUN_INHIBIT_SUPPORT -DHAS_STRNLEN -DHAS_DIGSCOPE_CAPABILITY -Wall -O3 -gdwarf-2 -g -gdwarf-4 -I"C:\TET4120_LAB\emulator_lab\TSW_SW\include" -I../../L2_Ph3_L2_Ph3_DC_bsp/ps7_cortexa9_1/include -c -fmessage-length=0 -MT"src/SwLoadEmulator.o" -mcpu=cortex-a9 -mfpu=vfpv3 -mfloat-abi=hard -I../../L2_Ph3_L2_Ph3_DC_bsp/ps7_cortexa9_1/include -MMD -MP -MF"src/SwLoadEmulator.d" -MT"src/SwLoadEmulator.o" -o "src/SwLoadEmulator.o" "../src/SwLoadEmulator.cpp"
In file included from ../src/SwLoadEmulator.cpp:2:
../src/../include/ConfigParameters.hpp:72:10: fatal error: types.hpp: No such file or directory
 #include <types.hpp>
          ^~~~~~~~~~~
compilation terminated.
make: *** [src/subdir.mk:26: src/SwLoadEmulator.o] Error 1
10:02:04 **** Clean-only build of configuration Debug for project DC_emulator_lab ****
make clean 
rm -rf  ./src/SwLoadEmulator.o ./src/main.o  ./src/SwLoadEmulator.d ./src/main.d  DC_emulator_lab.elf.size  DC_emulator_lab.elf
' '
10:02:04 **** Auto Build of configuration Debug for project DC_emulator_lab ****
make pre-build main-build 
a9-linaro-pre-build-step
' '
'Building file: ../src/SwLoadEmulator.cpp'
'Invoking: ARM v7 g++ compiler'
arm-none-eabi-g++ -DFULL -DARM_A9 -DHAS_BASIC_FAULT_LOG_IF_CAPABILITY -DHAS_RUN_INHIBIT_SUPPORT -DHAS_STRNLEN -DHAS_DIGSCOPE_CAPABILITY -Wall -O3 -gdwarf-2 -g -gdwarf-4 -I"C:\Programming\TSW_SW\include" -I../../L2_Ph3_L2_Ph3_DC_bsp/ps7_cortexa9_1/include -c -fmessage-length=0 -MT"src/SwLoadEmulator.o" -mcpu=cortex-a9 -mfpu=vfpv3 -mfloat-abi=hard -I../../L2_Ph3_L2_Ph3_DC_bsp/ps7_cortexa9_1/include -MMD -MP -MF"src/SwLoadEmulator.d" -MT"src/SwLoadEmulator.o" -o "src/SwLoadEmulator.o" "../src/SwLoadEmulator.cpp"
'Finished building: ../src/SwLoadEmulator.cpp'
' '
'Building file: ../src/main.cpp'
'Invoking: ARM v7 g++ compiler'
arm-none-eabi-g++ -DFULL -DARM_A9 -DHAS_BASIC_FAULT_LOG_IF_CAPABILITY -DHAS_RUN_INHIBIT_SUPPORT -DHAS_STRNLEN -DHAS_DIGSCOPE_CAPABILITY -Wall -O3 -gdwarf-2 -g -gdwarf-4 -I"C:\Programming\TSW_SW\include" -I../../L2_Ph3_L2_Ph3_DC_bsp/ps7_cortexa9_1/include -c -fmessage-length=0 -MT"src/main.o" -mcpu=cortex-a9 -mfpu=vfpv3 -mfloat-abi=hard -I../../L2_Ph3_L2_Ph3_DC_bsp/ps7_cortexa9_1/include -MMD -MP -MF"src/main.d" -MT"src/main.o" -o "src/main.o" "../src/main.cpp"
In file included from ../src/../include/Converter.hpp:79,
                 from ../src/../include/Drive.hpp:83,
                 from ../src/../include/Application.hpp:86,
                 from ../src/../include/DriveRoutineFast.hpp:73,
                 from ../src/main.cpp:4:
../src/../include/Measurements.hpp:282: warning: "NO_OF_CHANNELS_CNT" redefined
 #define NO_OF_CHANNELS_CNT 8 // max 8 physical ADC channels
 
In file included from ../src/../include/Converter.hpp:75,
                 from ../src/../include/Drive.hpp:83,
                 from ../src/../include/Application.hpp:86,
                 from ../src/../include/DriveRoutineFast.hpp:73,
                 from ../src/main.cpp:4:
../src/../include/GateDriver.hpp:495: note: this is the location of the previous definition
 #define NO_OF_CHANNELS_CNT XPAR_CONVERTER_1_SWITCHING_EVENT_COUNTER_NUMBER_OF_CHANNELS
 
In file included from ../src/../include/Stopwatch.hpp:4,
                 from ../src/../include/EnDat22.hpp:142,
                 from ../src/../include/FirmWare_2L_3ph.hpp:80,
                 from ../src/../include/Drive.hpp:84,
                 from ../src/../include/Application.hpp:86,
                 from ../src/../include/DriveRoutineFast.hpp:73,
                 from ../src/main.cpp:4:
../../L2_Ph3_L2_Ph3_DC_bsp/ps7_cortexa9_1/include/xtime_l.h:87:70: note: #pragma message: For the sleep routines, Global timer is being used
 #pragma message ("For the sleep routines, Global timer is being used")
                                                                      ^
'Finished building: ../src/main.cpp'
' '
'Building target: DC_emulator_lab.elf'
'Invoking: ARM v7 g++ linker'
arm-none-eabi-g++ -L"..\lib" -L../../L2_Ph3_L2_Ph3_DC_bsp/ps7_cortexa9_1/lib -mcpu=cortex-a9 -mfpu=vfpv3 -mfloat-abi=hard -Wl,-build-id=none -specs=Xilinx.spec -Wl,-T -Wl,../src/lscript.ld -L../../L2_Ph3_L2_Ph3_DC_bsp/ps7_cortexa9_1/lib -o "DC_emulator_lab.elf"  ./src/SwLoadEmulator.o ./src/main.o   -lwtcp_arm_a9_full -lL2_Ph3_L2_Ph3_DC_Drive -Wl,--start-group,-lxil,-lgcc,-lc,-lstdc++,--end-group
'Finished building target: DC_emulator_lab.elf'
' '
'Invoking: ARM v7 Print Size'
arm-none-eabi-size DC_emulator_lab.elf  |tee "DC_emulator_lab.elf.size"
   text	   data	    bss	    dec	    hex	filename
 177852	   3368	16815672	16996892	1035a1c	DC_emulator_lab.elf
'Finished building: DC_emulator_lab.elf.size'
' '
10:37:10 **** Auto Build of project L2_Ph3_L2_Ph3_DC_bsp ****
make -k all 
"Running Make include in ps7_cortexa9_1/libsrc/ad_converter_serial_receiver_v1_00_a/src"
make -C ps7_cortexa9_1/libsrc/ad_converter_serial_receiver_v1_00_a/src -s include  "SHELL=CMD" "COMPILER=arm-none-eabi-gcc" "ARCHIVER=arm-none-eabi-ar" "COMPILER_FLAGS=  -O2 -c" "EXTRA_COMPILER_FLAGS=-DUSE_AMP=1 -mcpu=cortex-a9 -mfpu=vfpv3 -mfloat-abi=hard -nostartfiles -g -Wall -Wextra"
"AD converter serial receiver include files"
"Running Make include in ps7_cortexa9_1/libsrc/blankingtimecorr_v1_0/src"
make -C ps7_cortexa9_1/libsrc/blankingtimecorr_v1_0/src -s include  "SHELL=CMD" "COMPILER=arm-none-eabi-gcc" "ARCHIVER=arm-none-eabi-ar" "COMPILER_FLAGS=  -O2 -c" "EXTRA_COMPILER_FLAGS=-DUSE_AMP=1 -mcpu=cortex-a9 -mfpu=vfpv3 -mfloat-abi=hard -nostartfiles -g -Wall -Wextra"
"Running Make include in ps7_cortexa9_1/libsrc/canps_v3_2/src"
make -C ps7_cortexa9_1/libsrc/canps_v3_2/src -s include  "SHELL=CMD" "COMPILER=arm-none-eabi-gcc" "ARCHIVER=arm-none-eabi-ar" "COMPILER_FLAGS=  -O2 -c" "EXTRA_COMPILER_FLAGS=-DUSE_AMP=1 -mcpu=cortex-a9 -mfpu=vfpv3 -mfloat-abi=hard -nostartfiles -g -Wall -Wextra"
"Running Make include in ps7_cortexa9_1/libsrc/common_v1_00_a/src"
make -C ps7_cortexa9_1/libsrc/common_v1_00_a/src -s include  "SHELL=CMD" "COMPILER=arm-none-eabi-gcc" "ARCHIVER=arm-none-eabi-ar" "COMPILER_FLAGS=  -O2 -c" "EXTRA_COMPILER_FLAGS=-DUSE_AMP=1 -mcpu=cortex-a9 -mfpu=vfpv3 -mfloat-abi=hard -nostartfiles -g -Wall -Wextra"
"Running Make include in ps7_cortexa9_1/libsrc/comparator_limiter_block_v1_00_a/src"
make -C ps7_cortexa9_1/libsrc/comparator_limiter_block_v1_00_a/src -s include  "SHELL=CMD" "COMPILER=arm-none-eabi-gcc" "ARCHIVER=arm-none-eabi-ar" "COMPILER_FLAGS=  -O2 -c" "EXTRA_COMPILER_FLAGS=-DUSE_AMP=1 -mcpu=cortex-a9 -mfpu=vfpv3 -mfloat-abi=hard -nostartfiles -g -Wall -Wextra"
"Running Make include in ps7_cortexa9_1/libsrc/coresightps_dcc_v1_5/src"
make -C ps7_cortexa9_1/libsrc/coresightps_dcc_v1_5/src -s include  "SHELL=CMD" "COMPILER=arm-none-eabi-gcc" "ARCHIVER=arm-none-eabi-ar" "COMPILER_FLAGS=  -O2 -c" "EXTRA_COMPILER_FLAGS=-DUSE_AMP=1 -mcpu=cortex-a9 -mfpu=vfpv3 -mfloat-abi=hard -nostartfiles -g -Wall -Wextra"
"Running Make include in ps7_cortexa9_1/libsrc/cpu_cortexa9_v2_7/src"
make -C ps7_cortexa9_1/libsrc/cpu_cortexa9_v2_7/src -s include  "SHELL=CMD" "COMPILER=arm-none-eabi-gcc" "ARCHIVER=arm-none-eabi-ar" "COMPILER_FLAGS=  -O2 -c" "EXTRA_COMPILER_FLAGS=-DUSE_AMP=1 -mcpu=cortex-a9 -mfpu=vfpv3 -mfloat-abi=hard -nostartfiles -g -Wall -Wextra"
"Running Make include in ps7_cortexa9_1/libsrc/da_converter_interface_v1_00_a/src"
make -C ps7_cortexa9_1/libsrc/da_converter_interface_v1_00_a/src -s include  "SHELL=CMD" "COMPILER=arm-none-eabi-gcc" "ARCHIVER=arm-none-eabi-ar" "COMPILER_FLAGS=  -O2 -c" "EXTRA_COMPILER_FLAGS=-DUSE_AMP=1 -mcpu=cortex-a9 -mfpu=vfpv3 -mfloat-abi=hard -nostartfiles -g -Wall -Wextra"
"Running Make include in ps7_cortexa9_1/libsrc/ddrps_v1_0/src"
make -C ps7_cortexa9_1/libsrc/ddrps_v1_0/src -s include  "SHELL=CMD" "COMPILER=arm-none-eabi-gcc" "ARCHIVER=arm-none-eabi-ar" "COMPILER_FLAGS=  -O2 -c" "EXTRA_COMPILER_FLAGS=-DUSE_AMP=1 -mcpu=cortex-a9 -mfpu=vfpv3 -mfloat-abi=hard -nostartfiles -g -Wall -Wextra"
"Running Make include in ps7_cortexa9_1/libsrc/devcfg_v3_5/src"
make -C ps7_cortexa9_1/libsrc/devcfg_v3_5/src -s include  "SHELL=CMD" "COMPILER=arm-none-eabi-gcc" "ARCHIVER=arm-none-eabi-ar" "COMPILER_FLAGS=  -O2 -c" "EXTRA_COMPILER_FLAGS=-DUSE_AMP=1 -mcpu=cortex-a9 -mfpu=vfpv3 -mfloat-abi=hard -nostartfiles -g -Wall -Wextra"
"Running Make include in ps7_cortexa9_1/libsrc/dmaps_v2_4/src"
make -C ps7_cortexa9_1/libsrc/dmaps_v2_4/src -s include  "SHELL=CMD" "COMPILER=arm-none-eabi-gcc" "ARCHIVER=arm-none-eabi-ar" "COMPILER_FLAGS=  -O2 -c" "EXTRA_COMPILER_FLAGS=-DUSE_AMP=1 -mcpu=cortex-a9 -mfpu=vfpv3 -mfloat-abi=hard -nostartfiles -g -Wall -Wextra"
"Running Make include in ps7_cortexa9_1/libsrc/driver_interface_v1_00_a/src"
make -C ps7_cortexa9_1/libsrc/driver_interface_v1_00_a/src -s include  "SHELL=CMD" "COMPILER=arm-none-eabi-gcc" "ARCHIVER=arm-none-eabi-ar" "COMPILER_FLAGS=  -O2 -c" "EXTRA_COMPILER_FLAGS=-DUSE_AMP=1 -mcpu=cortex-a9 -mfpu=vfpv3 -mfloat-abi=hard -nostartfiles -g -Wall -Wextra"
"Running Make include in ps7_cortexa9_1/libsrc/emacps_v3_9/src"
make -C ps7_cortexa9_1/libsrc/emacps_v3_9/src -s include  "SHELL=CMD" "COMPILER=arm-none-eabi-gcc" "ARCHIVER=arm-none-eabi-ar" "COMPILER_FLAGS=  -O2 -c" "EXTRA_COMPILER_FLAGS=-DUSE_AMP=1 -mcpu=cortex-a9 -mfpu=vfpv3 -mfloat-abi=hard -nostartfiles -g -Wall -Wextra"
"Running Make include in ps7_cortexa9_1/libsrc/emu_dc_v5_16/src"
make -C ps7_cortexa9_1/libsrc/emu_dc_v5_16/src -s include  "SHELL=CMD" "COMPILER=arm-none-eabi-gcc" "ARCHIVER=arm-none-eabi-ar" "COMPILER_FLAGS=  -O2 -c" "EXTRA_COMPILER_FLAGS=-DUSE_AMP=1 -mcpu=cortex-a9 -mfpu=vfpv3 -mfloat-abi=hard -nostartfiles -g -Wall -Wextra"
"Running Make include in ps7_cortexa9_1/libsrc/filter_block_v1_00_a/src"
make -C ps7_cortexa9_1/libsrc/filter_block_v1_00_a/src -s include  "SHELL=CMD" "COMPILER=arm-none-eabi-gcc" "ARCHIVER=arm-none-eabi-ar" "COMPILER_FLAGS=  -O2 -c" "EXTRA_COMPILER_FLAGS=-DUSE_AMP=1 -mcpu=cortex-a9 -mfpu=vfpv3 -mfloat-abi=hard -nostartfiles -g -Wall -Wextra"
"Running Make include in ps7_cortexa9_1/libsrc/gpiops_v3_5/src"
make -C ps7_cortexa9_1/libsrc/gpiops_v3_5/src -s include  "SHELL=CMD" "COMPILER=arm-none-eabi-gcc" "ARCHIVER=arm-none-eabi-ar" "COMPILER_FLAGS=  -O2 -c" "EXTRA_COMPILER_FLAGS=-DUSE_AMP=1 -mcpu=cortex-a9 -mfpu=vfpv3 -mfloat-abi=hard -nostartfiles -g -Wall -Wextra"
"Running Make include in ps7_cortexa9_1/libsrc/gpio_v4_4/src"
make -C ps7_cortexa9_1/libsrc/gpio_v4_4/src -s include  "SHELL=CMD" "COMPILER=arm-none-eabi-gcc" "ARCHIVER=arm-none-eabi-ar" "COMPILER_FLAGS=  -O2 -c" "EXTRA_COMPILER_FLAGS=-DUSE_AMP=1 -mcpu=cortex-a9 -mfpu=vfpv3 -mfloat-abi=hard -nostartfiles -g -Wall -Wextra"
"Running Make include in ps7_cortexa9_1/libsrc/incremental_encoder_interface_v1_00_a/src"
make -C ps7_cortexa9_1/libsrc/incremental_encoder_interface_v1_00_a/src -s include  "SHELL=CMD" "COMPILER=arm-none-eabi-gcc" "ARCHIVER=arm-none-eabi-ar" "COMPILER_FLAGS=  -O2 -c" "EXTRA_COMPILER_FLAGS=-DUSE_AMP=1 -mcpu=cortex-a9 -mfpu=vfpv3 -mfloat-abi=hard -nostartfiles -g -Wall -Wextra"
"Running Make include in ps7_cortexa9_1/libsrc/multiplexer_v1_0/src"
make -C ps7_cortexa9_1/libsrc/multiplexer_v1_0/src -s include  "SHELL=CMD" "COMPILER=arm-none-eabi-gcc" "ARCHIVER=arm-none-eabi-ar" "COMPILER_FLAGS=  -O2 -c" "EXTRA_COMPILER_FLAGS=-DUSE_AMP=1 -mcpu=cortex-a9 -mfpu=vfpv3 -mfloat-abi=hard -nostartfiles -g -Wall -Wextra"
"Running Make include in ps7_cortexa9_1/libsrc/pulse_width_modulator_v1_00_a/src"
make -C ps7_cortexa9_1/libsrc/pulse_width_modulator_v1_00_a/src -s include  "SHELL=CMD" "COMPILER=arm-none-eabi-gcc" "ARCHIVER=arm-none-eabi-ar" "COMPILER_FLAGS=  -O2 -c" "EXTRA_COMPILER_FLAGS=-DUSE_AMP=1 -mcpu=cortex-a9 -mfpu=vfpv3 -mfloat-abi=hard -nostartfiles -g -Wall -Wextra"
"Running Make include in ps7_cortexa9_1/libsrc/qspips_v3_6/src"
make -C ps7_cortexa9_1/libsrc/qspips_v3_6/src -s include  "SHELL=CMD" "COMPILER=arm-none-eabi-gcc" "ARCHIVER=arm-none-eabi-ar" "COMPILER_FLAGS=  -O2 -c" "EXTRA_COMPILER_FLAGS=-DUSE_AMP=1 -mcpu=cortex-a9 -mfpu=vfpv3 -mfloat-abi=hard -nostartfiles -g -Wall -Wextra"
"Running Make include in ps7_cortexa9_1/libsrc/register_array_v1_00_a/src"
make -C ps7_cortexa9_1/libsrc/register_array_v1_00_a/src -s include  "SHELL=CMD" "COMPILER=arm-none-eabi-gcc" "ARCHIVER=arm-none-eabi-ar" "COMPILER_FLAGS=  -O2 -c" "EXTRA_COMPILER_FLAGS=-DUSE_AMP=1 -mcpu=cortex-a9 -mfpu=vfpv3 -mfloat-abi=hard -nostartfiles -g -Wall -Wextra"
"Running Make include in ps7_cortexa9_1/libsrc/scugic_v4_0/src"
make -C ps7_cortexa9_1/libsrc/scugic_v4_0/src -s include  "SHELL=CMD" "COMPILER=arm-none-eabi-gcc" "ARCHIVER=arm-none-eabi-ar" "COMPILER_FLAGS=  -O2 -c" "EXTRA_COMPILER_FLAGS=-DUSE_AMP=1 -mcpu=cortex-a9 -mfpu=vfpv3 -mfloat-abi=hard -nostartfiles -g -Wall -Wextra"
"Running Make include in ps7_cortexa9_1/libsrc/scutimer_v2_1/src"
make -C ps7_cortexa9_1/libsrc/scutimer_v2_1/src -s include  "SHELL=CMD" "COMPILER=arm-none-eabi-gcc" "ARCHIVER=arm-none-eabi-ar" "COMPILER_FLAGS=  -O2 -c" "EXTRA_COMPILER_FLAGS=-DUSE_AMP=1 -mcpu=cortex-a9 -mfpu=vfpv3 -mfloat-abi=hard -nostartfiles -g -Wall -Wextra"
"Running Make include in ps7_cortexa9_1/libsrc/scuwdt_v2_1/src"
make -C ps7_cortexa9_1/libsrc/scuwdt_v2_1/src -s include  "SHELL=CMD" "COMPILER=arm-none-eabi-gcc" "ARCHIVER=arm-none-eabi-ar" "COMPILER_FLAGS=  -O2 -c" "EXTRA_COMPILER_FLAGS=-DUSE_AMP=1 -mcpu=cortex-a9 -mfpu=vfpv3 -mfloat-abi=hard -nostartfiles -g -Wall -Wextra"
"Running Make include in ps7_cortexa9_1/libsrc/sdps_v3_7/src"
make -C ps7_cortexa9_1/libsrc/sdps_v3_7/src -s include  "SHELL=CMD" "COMPILER=arm-none-eabi-gcc" "ARCHIVER=arm-none-eabi-ar" "COMPILER_FLAGS=  -O2 -c" "EXTRA_COMPILER_FLAGS=-DUSE_AMP=1 -mcpu=cortex-a9 -mfpu=vfpv3 -mfloat-abi=hard -nostartfiles -g -Wall -Wextra"
"Running Make include in ps7_cortexa9_1/libsrc/spips_v3_2/src"
make -C ps7_cortexa9_1/libsrc/spips_v3_2/src -s include  "SHELL=CMD" "COMPILER=arm-none-eabi-gcc" "ARCHIVER=arm-none-eabi-ar" "COMPILER_FLAGS=  -O2 -c" "EXTRA_COMPILER_FLAGS=-DUSE_AMP=1 -mcpu=cortex-a9 -mfpu=vfpv3 -mfloat-abi=hard -nostartfiles -g -Wall -Wextra"
"Running Make include in ps7_cortexa9_1/libsrc/standalone_v7_0/src"
make -C ps7_cortexa9_1/libsrc/standalone_v7_0/src -s include  "SHELL=CMD" "COMPILER=arm-none-eabi-gcc" "ARCHIVER=arm-none-eabi-ar" "COMPILER_FLAGS=  -O2 -c" "EXTRA_COMPILER_FLAGS=-DUSE_AMP=1 -mcpu=cortex-a9 -mfpu=vfpv3 -mfloat-abi=hard -nostartfiles -g -Wall -Wextra"
"Running Make include in ps7_cortexa9_1/libsrc/switching_event_counter_v1_00_a/src"
make -C ps7_cortexa9_1/libsrc/switching_event_counter_v1_00_a/src -s include  "SHELL=CMD" "COMPILER=arm-none-eabi-gcc" "ARCHIVER=arm-none-eabi-ar" "COMPILER_FLAGS=  -O2 -c" "EXTRA_COMPILER_FLAGS=-DUSE_AMP=1 -mcpu=cortex-a9 -mfpu=vfpv3 -mfloat-abi=hard -nostartfiles -g -Wall -Wextra"
"Running Make include in ps7_cortexa9_1/libsrc/sysmon_v7_5/src"
make -C ps7_cortexa9_1/libsrc/sysmon_v7_5/src -s include  "SHELL=CMD" "COMPILER=arm-none-eabi-gcc" "ARCHIVER=arm-none-eabi-ar" "COMPILER_FLAGS=  -O2 -c" "EXTRA_COMPILER_FLAGS=-DUSE_AMP=1 -mcpu=cortex-a9 -mfpu=vfpv3 -mfloat-abi=hard -nostartfiles -g -Wall -Wextra"
"Running Make include in ps7_cortexa9_1/libsrc/ttcps_v3_9/src"
make -C ps7_cortexa9_1/libsrc/ttcps_v3_9/src -s include  "SHELL=CMD" "COMPILER=arm-none-eabi-gcc" "ARCHIVER=arm-none-eabi-ar" "COMPILER_FLAGS=  -O2 -c" "EXTRA_COMPILER_FLAGS=-DUSE_AMP=1 -mcpu=cortex-a9 -mfpu=vfpv3 -mfloat-abi=hard -nostartfiles -g -Wall -Wextra"
"Running Make include in ps7_cortexa9_1/libsrc/uartps_v3_7/src"
make -C ps7_cortexa9_1/libsrc/uartps_v3_7/src -s include  "SHELL=CMD" "COMPILER=arm-none-eabi-gcc" "ARCHIVER=arm-none-eabi-ar" "COMPILER_FLAGS=  -O2 -c" "EXTRA_COMPILER_FLAGS=-DUSE_AMP=1 -mcpu=cortex-a9 -mfpu=vfpv3 -mfloat-abi=hard -nostartfiles -g -Wall -Wextra"
"Running Make include in ps7_cortexa9_1/libsrc/usbps_v2_4/src"
make -C ps7_cortexa9_1/libsrc/usbps_v2_4/src -s include  "SHELL=CMD" "COMPILER=arm-none-eabi-gcc" "ARCHIVER=arm-none-eabi-ar" "COMPILER_FLAGS=  -O2 -c" "EXTRA_COMPILER_FLAGS=-DUSE_AMP=1 -mcpu=cortex-a9 -mfpu=vfpv3 -mfloat-abi=hard -nostartfiles -g -Wall -Wextra"
"Running Make include in ps7_cortexa9_1/libsrc/xadcps_v2_3/src"
make -C ps7_cortexa9_1/libsrc/xadcps_v2_3/src -s include  "SHELL=CMD" "COMPILER=arm-none-eabi-gcc" "ARCHIVER=arm-none-eabi-ar" "COMPILER_FLAGS=  -O2 -c" "EXTRA_COMPILER_FLAGS=-DUSE_AMP=1 -mcpu=cortex-a9 -mfpu=vfpv3 -mfloat-abi=hard -nostartfiles -g -Wall -Wextra"
"Running Make libs in ps7_cortexa9_1/libsrc/ad_converter_serial_receiver_v1_00_a/src"
make -C ps7_cortexa9_1/libsrc/ad_converter_serial_receiver_v1_00_a/src -s libs  "SHELL=CMD" "COMPILER=arm-none-eabi-gcc" "ARCHIVER=arm-none-eabi-ar" "COMPILER_FLAGS=  -O2 -c" "EXTRA_COMPILER_FLAGS=-DUSE_AMP=1 -mcpu=cortex-a9 -mfpu=vfpv3 -mfloat-abi=hard -nostartfiles -g -Wall -Wextra"
"Running Make libs in ps7_cortexa9_1/libsrc/blankingtimecorr_v1_0/src"
make -C ps7_cortexa9_1/libsrc/blankingtimecorr_v1_0/src -s libs  "SHELL=CMD" "COMPILER=arm-none-eabi-gcc" "ARCHIVER=arm-none-eabi-ar" "COMPILER_FLAGS=  -O2 -c" "EXTRA_COMPILER_FLAGS=-DUSE_AMP=1 -mcpu=cortex-a9 -mfpu=vfpv3 -mfloat-abi=hard -nostartfiles -g -Wall -Wextra"
"Compiling foo_top_top"
In file included from blankingtimecorr.h:9,
                 from blankingtimecorr.c:1:
blankingtimecorr.c: In function 'blankingtimecorr_ic_in_read':
../../../include/xil_assert.h:108:9: warning: 'return' with no value, in function returning non-void
         return;                                    \
         ^~~~~~
blankingtimecorr.c:22:5: note: in expansion of macro 'Xil_AssertVoid'
     Xil_AssertVoid(InstancePtr != NULL);
     ^~~~~~~~~~~~~~
blankingtimecorr.c:19:5: note: declared here
 int blankingtimecorr_ic_in_read(blankingtimecorr *InstancePtr) {
     ^~~~~~~~~~~~~~~~~~~~~~~~~~~
In file included from blankingtimecorr.h:9,
                 from blankingtimecorr.c:1:
blankingtimecorr.c: In function 'blankingtimecorr_ib_in_read':
../../../include/xil_assert.h:108:9: warning: 'return' with no value, in function returning non-void
         return;                                    \
         ^~~~~~
blankingtimecorr.c:36:5: note: in expansion of macro 'Xil_AssertVoid'
     Xil_AssertVoid(InstancePtr != NULL);
     ^~~~~~~~~~~~~~
blankingtimecorr.c:33:5: note: declared here
 int blankingtimecorr_ib_in_read(blankingtimecorr *InstancePtr) {
     ^~~~~~~~~~~~~~~~~~~~~~~~~~~
In file included from blankingtimecorr.h:9,
                 from blankingtimecorr.c:1:
blankingtimecorr.c: In function 'blankingtimecorr_ia_in_read':
../../../include/xil_assert.h:108:9: warning: 'return' with no value, in function returning non-void
         return;                                    \
         ^~~~~~
blankingtimecorr.c:50:5: note: in expansion of macro 'Xil_AssertVoid'
     Xil_AssertVoid(InstancePtr != NULL);
     ^~~~~~~~~~~~~~
blankingtimecorr.c:47:5: note: declared here
 int blankingtimecorr_ia_in_read(blankingtimecorr *InstancePtr) {
     ^~~~~~~~~~~~~~~~~~~~~~~~~~~
In file included from blankingtimecorr.h:9,
                 from blankingtimecorr.c:1:
blankingtimecorr.c: In function 'blankingtimecorr_blankingtime_read':
../../../include/xil_assert.h:108:9: warning: 'return' with no value, in function returning non-void
         return;                                    \
         ^~~~~~
blankingtimecorr.c:64:5: note: in expansion of macro 'Xil_AssertVoid'
     Xil_AssertVoid(InstancePtr != NULL);
     ^~~~~~~~~~~~~~
blankingtimecorr.c:61:5: note: declared here
 int blankingtimecorr_blankingtime_read(blankingtimecorr *InstancePtr) {
     ^~~~~~~~~~~~~~~~~~~~~~~~~~~~~~~~~~
In file included from blankingtimecorr.h:9,
                 from blankingtimecorr.c:1:
blankingtimecorr.c: In function 'blankingtimecorr_t_samp_on_read':
../../../include/xil_assert.h:108:9: warning: 'return' with no value, in function returning non-void
         return;                                    \
         ^~~~~~
blankingtimecorr.c:72:5: note: in expansion of macro 'Xil_AssertVoid'
     Xil_AssertVoid(InstancePtr != NULL);
     ^~~~~~~~~~~~~~
blankingtimecorr.c:69:5: note: declared here
 u32 blankingtimecorr_t_samp_on_read(blankingtimecorr *InstancePtr) {
     ^~~~~~~~~~~~~~~~~~~~~~~~~~~~~~~
In file included from blankingtimecorr.h:9,
                 from blankingtimecorr.c:1:
blankingtimecorr.c: In function 'blankingtimecorr_ta_on_read':
../../../include/xil_assert.h:108:9: warning: 'return' with no value, in function returning non-void
         return;                                    \
         ^~~~~~
blankingtimecorr.c:80:5: note: in expansion of macro 'Xil_AssertVoid'
     Xil_AssertVoid(InstancePtr != NULL);
     ^~~~~~~~~~~~~~
blankingtimecorr.c:77:5: note: declared here
 u32 blankingtimecorr_ta_on_read(blankingtimecorr *InstancePtr) {
     ^~~~~~~~~~~~~~~~~~~~~~~~~~~
In file included from blankingtimecorr.h:9,
                 from blankingtimecorr.c:1:
blankingtimecorr.c: In function 'blankingtimecorr_tb_on_read':
../../../include/xil_assert.h:108:9: warning: 'return' with no value, in function returning non-void
         return;                                    \
         ^~~~~~
blankingtimecorr.c:88:5: note: in expansion of macro 'Xil_AssertVoid'
     Xil_AssertVoid(InstancePtr != NULL);
     ^~~~~~~~~~~~~~
blankingtimecorr.c:85:5: note: declared here
 u32 blankingtimecorr_tb_on_read(blankingtimecorr *InstancePtr) {
     ^~~~~~~~~~~~~~~~~~~~~~~~~~~
In file included from blankingtimecorr.h:9,
                 from blankingtimecorr.c:1:
blankingtimecorr.c: In function 'blankingtimecorr_tc_on_read':
../../../include/xil_assert.h:108:9: warning: 'return' with no value, in function returning non-void
         return;                                    \
         ^~~~~~
blankingtimecorr.c:96:5: note: in expansion of macro 'Xil_AssertVoid'
     Xil_AssertVoid(InstancePtr != NULL);
     ^~~~~~~~~~~~~~
blankingtimecorr.c:93:5: note: declared here
 u32 blankingtimecorr_tc_on_read(blankingtimecorr *InstancePtr) {
     ^~~~~~~~~~~~~~~~~~~~~~~~~~~
"Running Make libs in ps7_cortexa9_1/libsrc/canps_v3_2/src"
make -C ps7_cortexa9_1/libsrc/canps_v3_2/src -s libs  "SHELL=CMD" "COMPILER=arm-none-eabi-gcc" "ARCHIVER=arm-none-eabi-ar" "COMPILER_FLAGS=  -O2 -c" "EXTRA_COMPILER_FLAGS=-DUSE_AMP=1 -mcpu=cortex-a9 -mfpu=vfpv3 -mfloat-abi=hard -nostartfiles -g -Wall -Wextra"
"Compiling canps"
"Running Make libs in ps7_cortexa9_1/libsrc/common_v1_00_a/src"
make -C ps7_cortexa9_1/libsrc/common_v1_00_a/src -s libs  "SHELL=CMD" "COMPILER=arm-none-eabi-gcc" "ARCHIVER=arm-none-eabi-ar" "COMPILER_FLAGS=  -O2 -c" "EXTRA_COMPILER_FLAGS=-DUSE_AMP=1 -mcpu=cortex-a9 -mfpu=vfpv3 -mfloat-abi=hard -nostartfiles -g -Wall -Wextra"
"Compiling common"
xutil_memtest.c: In function 'XUtil_MemoryTest32':
xutil_memtest.c:157:7: warning: this statement may fall through [-Wimplicit-fallthrough=]
    if (Subtest != XUT_ALLMEMTESTS) {
       ^
xutil_memtest.c:166:2: note: here
  case XUT_WALKONES:
  ^~~~
xutil_memtest.c:218:7: warning: this statement may fall through [-Wimplicit-fallthrough=]
    if (Subtest != XUT_ALLMEMTESTS) {
       ^
xutil_memtest.c:227:2: note: here
  case XUT_WALKZEROS:
  ^~~~
xutil_memtest.c:282:7: warning: this statement may fall through [-Wimplicit-fallthrough=]
    if (Subtest != XUT_ALLMEMTESTS) {
       ^
xutil_memtest.c:290:2: note: here
  case XUT_INVERSEADDR:
  ^~~~
xutil_memtest.c:323:7: warning: this statement may fall through [-Wimplicit-fallthrough=]
    if (Subtest != XUT_ALLMEMTESTS) {
       ^
xutil_memtest.c:333:2: note: here
  case XUT_FIXEDPATTERN:
  ^~~~
xutil_memtest.c: In function 'XUtil_MemoryTest16':
xutil_memtest.c:492:7: warning: this statement may fall through [-Wimplicit-fallthrough=]
    if (Subtest != XUT_ALLMEMTESTS) {
       ^
xutil_memtest.c:500:2: note: here
  case XUT_WALKONES:
  ^~~~
xutil_memtest.c:555:7: warning: this statement may fall through [-Wimplicit-fallthrough=]
    if (Subtest != XUT_ALLMEMTESTS) {
       ^
xutil_memtest.c:564:2: note: here
  case XUT_WALKZEROS:
  ^~~~
xutil_memtest.c:621:7: warning: this statement may fall through [-Wimplicit-fallthrough=]
    if (Subtest != XUT_ALLMEMTESTS) {
       ^
xutil_memtest.c:629:2: note: here
  case XUT_INVERSEADDR:
  ^~~~
xutil_memtest.c:660:7: warning: this statement may fall through [-Wimplicit-fallthrough=]
    if (Subtest != XUT_ALLMEMTESTS) {
       ^
xutil_memtest.c:670:2: note: here
  case XUT_FIXEDPATTERN:
  ^~~~
xutil_memtest.c: In function 'XUtil_MemoryTest8':
xutil_memtest.c:832:7: warning: this statement may fall through [-Wimplicit-fallthrough=]
    if (Subtest != XUT_ALLMEMTESTS) {
       ^
xutil_memtest.c:841:2: note: here
  case XUT_WALKONES:
  ^~~~
xutil_memtest.c:893:7: warning: this statement may fall through [-Wimplicit-fallthrough=]
    if (Subtest != XUT_ALLMEMTESTS) {
       ^
xutil_memtest.c:902:2: note: here
  case XUT_WALKZEROS:
  ^~~~
xutil_memtest.c:958:7: warning: this statement may fall through [-Wimplicit-fallthrough=]
    if (Subtest != XUT_ALLMEMTESTS) {
       ^
xutil_memtest.c:966:2: note: here
  case XUT_INVERSEADDR:
  ^~~~
xutil_memtest.c:998:7: warning: this statement may fall through [-Wimplicit-fallthrough=]
    if (Subtest != XUT_ALLMEMTESTS) {
       ^
xutil_memtest.c:1008:2: note: here
  case XUT_FIXEDPATTERN:
  ^~~~
"Running Make libs in ps7_cortexa9_1/libsrc/comparator_limiter_block_v1_00_a/src"
make -C ps7_cortexa9_1/libsrc/comparator_limiter_block_v1_00_a/src -s libs  "SHELL=CMD" "COMPILER=arm-none-eabi-gcc" "ARCHIVER=arm-none-eabi-ar" "COMPILER_FLAGS=  -O2 -c" "EXTRA_COMPILER_FLAGS=-DUSE_AMP=1 -mcpu=cortex-a9 -mfpu=vfpv3 -mfloat-abi=hard -nostartfiles -g -Wall -Wextra"
"Running Make libs in ps7_cortexa9_1/libsrc/coresightps_dcc_v1_5/src"
make -C ps7_cortexa9_1/libsrc/coresightps_dcc_v1_5/src -s libs  "SHELL=CMD" "COMPILER=arm-none-eabi-gcc" "ARCHIVER=arm-none-eabi-ar" "COMPILER_FLAGS=  -O2 -c" "EXTRA_COMPILER_FLAGS=-DUSE_AMP=1 -mcpu=cortex-a9 -mfpu=vfpv3 -mfloat-abi=hard -nostartfiles -g -Wall -Wextra"
"Compiling coresightps_dcc"
"Running Make libs in ps7_cortexa9_1/libsrc/cpu_cortexa9_v2_7/src"
make -C ps7_cortexa9_1/libsrc/cpu_cortexa9_v2_7/src -s libs  "SHELL=CMD" "COMPILER=arm-none-eabi-gcc" "ARCHIVER=arm-none-eabi-ar" "COMPILER_FLAGS=  -O2 -c" "EXTRA_COMPILER_FLAGS=-DUSE_AMP=1 -mcpu=cortex-a9 -mfpu=vfpv3 -mfloat-abi=hard -nostartfiles -g -Wall -Wextra"
"Compiling cpu_cortexa9"
"Running Make libs in ps7_cortexa9_1/libsrc/da_converter_interface_v1_00_a/src"
make -C ps7_cortexa9_1/libsrc/da_converter_interface_v1_00_a/src -s libs  "SHELL=CMD" "COMPILER=arm-none-eabi-gcc" "ARCHIVER=arm-none-eabi-ar" "COMPILER_FLAGS=  -O2 -c" "EXTRA_COMPILER_FLAGS=-DUSE_AMP=1 -mcpu=cortex-a9 -mfpu=vfpv3 -mfloat-abi=hard -nostartfiles -g -Wall -Wextra"
"Running Make libs in ps7_cortexa9_1/libsrc/ddrps_v1_0/src"
make -C ps7_cortexa9_1/libsrc/ddrps_v1_0/src -s libs  "SHELL=CMD" "COMPILER=arm-none-eabi-gcc" "ARCHIVER=arm-none-eabi-ar" "COMPILER_FLAGS=  -O2 -c" "EXTRA_COMPILER_FLAGS=-DUSE_AMP=1 -mcpu=cortex-a9 -mfpu=vfpv3 -mfloat-abi=hard -nostartfiles -g -Wall -Wextra"
"Compiling ddrps"
"Running Make libs in ps7_cortexa9_1/libsrc/devcfg_v3_5/src"
make -C ps7_cortexa9_1/libsrc/devcfg_v3_5/src -s libs  "SHELL=CMD" "COMPILER=arm-none-eabi-gcc" "ARCHIVER=arm-none-eabi-ar" "COMPILER_FLAGS=  -O2 -c" "EXTRA_COMPILER_FLAGS=-DUSE_AMP=1 -mcpu=cortex-a9 -mfpu=vfpv3 -mfloat-abi=hard -nostartfiles -g -Wall -Wextra"
"Compiling devcfg"
"Running Make libs in ps7_cortexa9_1/libsrc/dmaps_v2_4/src"
make -C ps7_cortexa9_1/libsrc/dmaps_v2_4/src -s libs  "SHELL=CMD" "COMPILER=arm-none-eabi-gcc" "ARCHIVER=arm-none-eabi-ar" "COMPILER_FLAGS=  -O2 -c" "EXTRA_COMPILER_FLAGS=-DUSE_AMP=1 -mcpu=cortex-a9 -mfpu=vfpv3 -mfloat-abi=hard -nostartfiles -g -Wall -Wextra"
"Compiling dmaps"
"Running Make libs in ps7_cortexa9_1/libsrc/driver_interface_v1_00_a/src"
make -C ps7_cortexa9_1/libsrc/driver_interface_v1_00_a/src -s libs  "SHELL=CMD" "COMPILER=arm-none-eabi-gcc" "ARCHIVER=arm-none-eabi-ar" "COMPILER_FLAGS=  -O2 -c" "EXTRA_COMPILER_FLAGS=-DUSE_AMP=1 -mcpu=cortex-a9 -mfpu=vfpv3 -mfloat-abi=hard -nostartfiles -g -Wall -Wextra"
"Running Make libs in ps7_cortexa9_1/libsrc/emacps_v3_9/src"
make -C ps7_cortexa9_1/libsrc/emacps_v3_9/src -s libs  "SHELL=CMD" "COMPILER=arm-none-eabi-gcc" "ARCHIVER=arm-none-eabi-ar" "COMPILER_FLAGS=  -O2 -c" "EXTRA_COMPILER_FLAGS=-DUSE_AMP=1 -mcpu=cortex-a9 -mfpu=vfpv3 -mfloat-abi=hard -nostartfiles -g -Wall -Wextra"
"Compiling emacps"
"Running Make libs in ps7_cortexa9_1/libsrc/emu_dc_v5_16/src"
make -C ps7_cortexa9_1/libsrc/emu_dc_v5_16/src -s libs  "SHELL=CMD" "COMPILER=arm-none-eabi-gcc" "ARCHIVER=arm-none-eabi-ar" "COMPILER_FLAGS=  -O2 -c" "EXTRA_COMPILER_FLAGS=-DUSE_AMP=1 -mcpu=cortex-a9 -mfpu=vfpv3 -mfloat-abi=hard -nostartfiles -g -Wall -Wextra"
"Compiling foo_top_top"
In file included from emu_dc.h:9,
                 from emu_dc.c:1:
emu_dc.c: In function 'emu_dc_voltage_pu_bit_conv2_read':
../../../include/xil_assert.h:108:9: warning: 'return' with no value, in function returning non-void
         return;                                    \
         ^~~~~~
emu_dc.c:22:5: note: in expansion of macro 'Xil_AssertVoid'
     Xil_AssertVoid(InstancePtr != NULL);
     ^~~~~~~~~~~~~~
emu_dc.c:19:5: note: declared here
 int emu_dc_voltage_pu_bit_conv2_read(emu_dc *InstancePtr) {
     ^~~~~~~~~~~~~~~~~~~~~~~~~~~~~~~~
In file included from emu_dc.h:9,
                 from emu_dc.c:1:
emu_dc.c: In function 'emu_dc_voltage_pu_bit_conv1_read':
../../../include/xil_assert.h:108:9: warning: 'return' with no value, in function returning non-void
         return;                                    \
         ^~~~~~
emu_dc.c:36:5: note: in expansion of macro 'Xil_AssertVoid'
     Xil_AssertVoid(InstancePtr != NULL);
     ^~~~~~~~~~~~~~
emu_dc.c:33:5: note: declared here
 int emu_dc_voltage_pu_bit_conv1_read(emu_dc *InstancePtr) {
     ^~~~~~~~~~~~~~~~~~~~~~~~~~~~~~~~
In file included from emu_dc.h:9,
                 from emu_dc.c:1:
emu_dc.c: In function 'emu_dc_ra_read':
../../../include/xil_assert.h:108:9: warning: 'return' with no value, in function returning non-void
         return;                                    \
         ^~~~~~
emu_dc.c:50:5: note: in expansion of macro 'Xil_AssertVoid'
     Xil_AssertVoid(InstancePtr != NULL);
     ^~~~~~~~~~~~~~
emu_dc.c:47:5: note: declared here
 u32 emu_dc_ra_read(emu_dc *InstancePtr) {
     ^~~~~~~~~~~~~~
In file included from emu_dc.h:9,
                 from emu_dc.c:1:
emu_dc.c: In function 'emu_dc_polepairs_read':
../../../include/xil_assert.h:108:9: warning: 'return' with no value, in function returning non-void
         return;                                    \
         ^~~~~~
emu_dc.c:64:5: note: in expansion of macro 'Xil_AssertVoid'
     Xil_AssertVoid(InstancePtr != NULL);
     ^~~~~~~~~~~~~~
emu_dc.c:61:5: note: declared here
 int emu_dc_polepairs_read(emu_dc *InstancePtr) {
     ^~~~~~~~~~~~~~~~~~~~~
In file included from emu_dc.h:9,
                 from emu_dc.c:1:
emu_dc.c: In function 'emu_dc_magnetization_4q_1q_read':
../../../include/xil_assert.h:108:9: warning: 'return' with no value, in function returning non-void
         return;                                    \
         ^~~~~~
emu_dc.c:78:5: note: in expansion of macro 'Xil_AssertVoid'
     Xil_AssertVoid(InstancePtr != NULL);
     ^~~~~~~~~~~~~~
emu_dc.c:75:5: note: declared here
 u32 emu_dc_magnetization_4q_1q_read(emu_dc *InstancePtr) {
     ^~~~~~~~~~~~~~~~~~~~~~~~~~~~~~~
In file included from emu_dc.h:9,
                 from emu_dc.c:1:
emu_dc.c: In function 'emu_dc_kn_read':
../../../include/xil_assert.h:108:9: warning: 'return' with no value, in function returning non-void
         return;                                    \
         ^~~~~~
emu_dc.c:92:5: note: in expansion of macro 'Xil_AssertVoid'
     Xil_AssertVoid(InstancePtr != NULL);
     ^~~~~~~~~~~~~~
emu_dc.c:89:5: note: declared here
 int emu_dc_kn_read(emu_dc *InstancePtr) {
     ^~~~~~~~~~~~~~
In file included from emu_dc.h:9,
                 from emu_dc.c:1:
emu_dc.c: In function 'emu_dc_k_fnmechtstep_read':
../../../include/xil_assert.h:108:9: warning: 'return' with no value, in function returning non-void
         return;                                    \
         ^~~~~~
emu_dc.c:106:5: note: in expansion of macro 'Xil_AssertVoid'
     Xil_AssertVoid(InstancePtr != NULL);
     ^~~~~~~~~~~~~~
emu_dc.c:103:5: note: declared here
 int emu_dc_k_fnmechtstep_read(emu_dc *InstancePtr) {
     ^~~~~~~~~~~~~~~~~~~~~~~~~
In file included from emu_dc.h:9,
                 from emu_dc.c:1:
emu_dc.c: In function 'emu_dc_current_pu_bit_conv2_read':
../../../include/xil_assert.h:108:9: warning: 'return' with no value, in function returning non-void
         return;                                    \
         ^~~~~~
emu_dc.c:120:5: note: in expansion of macro 'Xil_AssertVoid'
     Xil_AssertVoid(InstancePtr != NULL);
     ^~~~~~~~~~~~~~
emu_dc.c:117:5: note: declared here
 int emu_dc_current_pu_bit_conv2_read(emu_dc *InstancePtr) {
     ^~~~~~~~~~~~~~~~~~~~~~~~~~~~~~~~
In file included from emu_dc.h:9,
                 from emu_dc.c:1:
emu_dc.c: In function 'emu_dc_current_pu_bit_conv1_read':
[...]
In file included from ../src/../include/HMI.hpp:78,
                 from ../src/../include/Converter.hpp:78,
                 from ../src/../include/Application.hpp:89,
                 from ../src/../include/DriveRoutineFast.hpp:75,
                 from ../src/main.cpp:4:
../src/../include/Measurements.hpp:282: warning: "NO_OF_CHANNELS_CNT" redefined
 #define NO_OF_CHANNELS_CNT 8 // max 8 physical ADC channels
 
In file included from ../src/../include/Converter.hpp:77,
                 from ../src/../include/Application.hpp:89,
                 from ../src/../include/DriveRoutineFast.hpp:75,
                 from ../src/main.cpp:4:
../src/../include/GateDriver.hpp:496: note: this is the location of the previous definition
 #define NO_OF_CHANNELS_CNT XPAR_CONVERTER_1_SWITCHING_EVENT_COUNTER_NUMBER_OF_CHANNELS
 
In file included from ../src/../include/FirmWare_2L_3ph.hpp:75,
                 from ../src/../include/Drive.hpp:87,
                 from ../src/../include/Application.hpp:90,
                 from ../src/../include/DriveRoutineFast.hpp:75,
                 from ../src/main.cpp:4:
../src/../include/Emulator.hpp:100:10: fatal error: ../e_DRIVE_ID.hpp: No such file or directory
 #include "../e_DRIVE_ID.hpp"
          ^~~~~~~~~~~~~~~~~~~
compilation terminated.
make: *** [src/subdir.mk:26: src/main.o] Error 1
11:27:57 **** Auto Build of configuration Debug for project DC_emulator_lab ****
make pre-build main-build 
a9-linaro-pre-build-step
' '
'Building file: ../src/main.cpp'
'Invoking: ARM v7 g++ compiler'
arm-none-eabi-g++ -DFULL -DARM_A9 -DHAS_BASIC_FAULT_LOG_IF_CAPABILITY -DHAS_RUN_INHIBIT_SUPPORT -DHAS_STRNLEN -DHAS_DIGSCOPE_CAPABILITY -Wall -O3 -gdwarf-2 -g -gdwarf-4 -I"C:\Programming\TSW_SW\include" -I../../DC_emulator_lab_bsp/ps7_cortexa9_1/include -c -fmessage-length=0 -MT"src/main.o" -mcpu=cortex-a9 -mfpu=vfpv3 -mfloat-abi=hard -I../../DC_emulator_lab_bsp/ps7_cortexa9_1/include -MMD -MP -MF"src/main.d" -MT"src/main.o" -o "src/main.o" "../src/main.cpp"
In file included from ../src/../include/HMI.hpp:78,
                 from ../src/../include/Converter.hpp:78,
                 from ../src/../include/Application.hpp:89,
                 from ../src/../include/DriveRoutineFast.hpp:75,
                 from ../src/main.cpp:4:
../src/../include/Measurements.hpp:282: warning: "NO_OF_CHANNELS_CNT" redefined
 #define NO_OF_CHANNELS_CNT 8 // max 8 physical ADC channels
 
In file included from ../src/../include/Converter.hpp:77,
                 from ../src/../include/Application.hpp:89,
                 from ../src/../include/DriveRoutineFast.hpp:75,
                 from ../src/main.cpp:4:
../src/../include/GateDriver.hpp:496: note: this is the location of the previous definition
 #define NO_OF_CHANNELS_CNT XPAR_CONVERTER_1_SWITCHING_EVENT_COUNTER_NUMBER_OF_CHANNELS
 
In file included from ../src/../include/FirmWare_2L_3ph.hpp:76,
                 from ../src/../include/Drive.hpp:87,
                 from ../src/../include/Application.hpp:90,
                 from ../src/../include/DriveRoutineFast.hpp:75,
                 from ../src/main.cpp:4:
../src/../include/Encoder.hpp:10:10: fatal error: ../basis_io_picozed7030_based_processor_board.h: No such file or directory
 #include "../basis_io_picozed7030_based_processor_board.h"
          ^~~~~~~~~~~~~~~~~~~~~~~~~~~~~~~~~~~~~~~~~~~~~~~~~
compilation terminated.
make: *** [src/subdir.mk:26: src/main.o] Error 1
11:28:03 **** Auto Build of configuration Debug for project DC_emulator_lab ****
make pre-build main-build 
a9-linaro-pre-build-step
' '
'Building file: ../src/main.cpp'
'Invoking: ARM v7 g++ compiler'
arm-none-eabi-g++ -DFULL -DARM_A9 -DHAS_BASIC_FAULT_LOG_IF_CAPABILITY -DHAS_RUN_INHIBIT_SUPPORT -DHAS_STRNLEN -DHAS_DIGSCOPE_CAPABILITY -Wall -O3 -gdwarf-2 -g -gdwarf-4 -I"C:\Programming\TSW_SW\include" -I../../DC_emulator_lab_bsp/ps7_cortexa9_1/include -c -fmessage-length=0 -MT"src/main.o" -mcpu=cortex-a9 -mfpu=vfpv3 -mfloat-abi=hard -I../../DC_emulator_lab_bsp/ps7_cortexa9_1/include -MMD -MP -MF"src/main.d" -MT"src/main.o" -o "src/main.o" "../src/main.cpp"
In file included from ../src/../include/HMI.hpp:78,
                 from ../src/../include/Converter.hpp:78,
                 from ../src/../include/Application.hpp:89,
                 from ../src/../include/DriveRoutineFast.hpp:75,
                 from ../src/main.cpp:4:
../src/../include/Measurements.hpp:282: warning: "NO_OF_CHANNELS_CNT" redefined
 #define NO_OF_CHANNELS_CNT 8 // max 8 physical ADC channels
 
In file included from ../src/../include/Converter.hpp:77,
                 from ../src/../include/Application.hpp:89,
                 from ../src/../include/DriveRoutineFast.hpp:75,
                 from ../src/main.cpp:4:
../src/../include/GateDriver.hpp:496: note: this is the location of the previous definition
 #define NO_OF_CHANNELS_CNT XPAR_CONVERTER_1_SWITCHING_EVENT_COUNTER_NUMBER_OF_CHANNELS
 
In file included from ../src/../include/FirmWare_2L_3ph.hpp:77,
                 from ../src/../include/Drive.hpp:87,
                 from ../src/../include/Application.hpp:90,
                 from ../src/../include/DriveRoutineFast.hpp:75,
                 from ../src/main.cpp:4:
../src/../include/EnDat22.hpp:140:10: fatal error: ../Constants.hpp: No such file or directory
 #include "../Constants.hpp"
          ^~~~~~~~~~~~~~~~~~
compilation terminated.
make: *** [src/subdir.mk:26: src/main.o] Error 1
11:28:09 **** Auto Build of configuration Debug for project DC_emulator_lab ****
make pre-build main-build 
a9-linaro-pre-build-step
' '
'Building file: ../src/main.cpp'
'Invoking: ARM v7 g++ compiler'
arm-none-eabi-g++ -DFULL -DARM_A9 -DHAS_BASIC_FAULT_LOG_IF_CAPABILITY -DHAS_RUN_INHIBIT_SUPPORT -DHAS_STRNLEN -DHAS_DIGSCOPE_CAPABILITY -Wall -O3 -gdwarf-2 -g -gdwarf-4 -I"C:\Programming\TSW_SW\include" -I../../DC_emulator_lab_bsp/ps7_cortexa9_1/include -c -fmessage-length=0 -MT"src/main.o" -mcpu=cortex-a9 -mfpu=vfpv3 -mfloat-abi=hard -I../../DC_emulator_lab_bsp/ps7_cortexa9_1/include -MMD -MP -MF"src/main.d" -MT"src/main.o" -o "src/main.o" "../src/main.cpp"
In file included from ../src/../include/HMI.hpp:78,
                 from ../src/../include/Converter.hpp:78,
                 from ../src/../include/Application.hpp:89,
                 from ../src/../include/DriveRoutineFast.hpp:75,
                 from ../src/main.cpp:4:
../src/../include/Measurements.hpp:282: warning: "NO_OF_CHANNELS_CNT" redefined
 #define NO_OF_CHANNELS_CNT 8 // max 8 physical ADC channels
 
In file included from ../src/../include/Converter.hpp:77,
                 from ../src/../include/Application.hpp:89,
                 from ../src/../include/DriveRoutineFast.hpp:75,
                 from ../src/main.cpp:4:
../src/../include/GateDriver.hpp:496: note: this is the location of the previous definition
 #define NO_OF_CHANNELS_CNT XPAR_CONVERTER_1_SWITCHING_EVENT_COUNTER_NUMBER_OF_CHANNELS
 
In file included from ../src/../include/Drive.hpp:87,
                 from ../src/../include/Application.hpp:90,
                 from ../src/../include/DriveRoutineFast.hpp:75,
                 from ../src/main.cpp:4:
../src/../include/FirmWare_2L_3ph.hpp:81:10: fatal error: src/SwLoadEmulator.hpp: No such file or directory
 #include "src/SwLoadEmulator.hpp"
          ^~~~~~~~~~~~~~~~~~~~~~~~
compilation terminated.
make: *** [src/subdir.mk:26: src/main.o] Error 1
11:28:27 **** Auto Build of configuration Debug for project DC_emulator_lab ****
make pre-build main-build 
a9-linaro-pre-build-step
' '
'Building file: ../src/main.cpp'
'Invoking: ARM v7 g++ compiler'
arm-none-eabi-g++ -DFULL -DARM_A9 -DHAS_BASIC_FAULT_LOG_IF_CAPABILITY -DHAS_RUN_INHIBIT_SUPPORT -DHAS_STRNLEN -DHAS_DIGSCOPE_CAPABILITY -Wall -O3 -gdwarf-2 -g -gdwarf-4 -I"C:\Programming\TSW_SW\include" -I../../DC_emulator_lab_bsp/ps7_cortexa9_1/include -c -fmessage-length=0 -MT"src/main.o" -mcpu=cortex-a9 -mfpu=vfpv3 -mfloat-abi=hard -I../../DC_emulator_lab_bsp/ps7_cortexa9_1/include -MMD -MP -MF"src/main.d" -MT"src/main.o" -o "src/main.o" "../src/main.cpp"
In file included from ../src/../include/HMI.hpp:78,
                 from ../src/../include/Converter.hpp:78,
                 from ../src/../include/Application.hpp:89,
                 from ../src/../include/DriveRoutineFast.hpp:75,
                 from ../src/main.cpp:4:
../src/../include/Measurements.hpp:282: warning: "NO_OF_CHANNELS_CNT" redefined
 #define NO_OF_CHANNELS_CNT 8 // max 8 physical ADC channels
 
In file included from ../src/../include/Converter.hpp:77,
                 from ../src/../include/Application.hpp:89,
                 from ../src/../include/DriveRoutineFast.hpp:75,
                 from ../src/main.cpp:4:
../src/../include/GateDriver.hpp:496: note: this is the location of the previous definition
 #define NO_OF_CHANNELS_CNT XPAR_CONVERTER_1_SWITCHING_EVENT_COUNTER_NUMBER_OF_CHANNELS
 
In file included from ../src/../include/Drive.hpp:88,
                 from ../src/../include/Application.hpp:90,
                 from ../src/../include/DriveRoutineFast.hpp:75,
                 from ../src/main.cpp:4:
../src/../include/Motor.hpp:16:10: fatal error: ../Constants.hpp: No such file or directory
 #include "../Constants.hpp"
          ^~~~~~~~~~~~~~~~~~
compilation terminated.
make: *** [src/subdir.mk:26: src/main.o] Error 1
11:28:38 **** Auto Build of configuration Debug for project DC_emulator_lab ****
make pre-build main-build 
a9-linaro-pre-build-step
' '
'Building file: ../src/main.cpp'
'Invoking: ARM v7 g++ compiler'
arm-none-eabi-g++ -DFULL -DARM_A9 -DHAS_BASIC_FAULT_LOG_IF_CAPABILITY -DHAS_RUN_INHIBIT_SUPPORT -DHAS_STRNLEN -DHAS_DIGSCOPE_CAPABILITY -Wall -O3 -gdwarf-2 -g -gdwarf-4 -I"C:\Programming\TSW_SW\include" -I../../DC_emulator_lab_bsp/ps7_cortexa9_1/include -c -fmessage-length=0 -MT"src/main.o" -mcpu=cortex-a9 -mfpu=vfpv3 -mfloat-abi=hard -I../../DC_emulator_lab_bsp/ps7_cortexa9_1/include -MMD -MP -MF"src/main.d" -MT"src/main.o" -o "src/main.o" "../src/main.cpp"
In file included from ../src/../include/HMI.hpp:78,
                 from ../src/../include/Converter.hpp:78,
                 from ../src/../include/Application.hpp:89,
                 from ../src/../include/DriveRoutineFast.hpp:75,
                 from ../src/main.cpp:4:
../src/../include/Measurements.hpp:282: warning: "NO_OF_CHANNELS_CNT" redefined
 #define NO_OF_CHANNELS_CNT 8 // max 8 physical ADC channels
 
In file included from ../src/../include/Converter.hpp:77,
                 from ../src/../include/Application.hpp:89,
                 from ../src/../include/DriveRoutineFast.hpp:75,
                 from ../src/main.cpp:4:
../src/../include/GateDriver.hpp:496: note: this is the location of the previous definition
 #define NO_OF_CHANNELS_CNT XPAR_CONVERTER_1_SWITCHING_EVENT_COUNTER_NUMBER_OF_CHANNELS
 
In file included from ../src/../include/Drive.hpp:88,
                 from ../src/../include/Application.hpp:90,
                 from ../src/../include/DriveRoutineFast.hpp:75,
                 from ../src/main.cpp:4:
../src/../include/Motor.hpp:19:10: fatal error: ../ConfigParameters.hpp: No such file or directory
 #include "../ConfigParameters.hpp"
          ^~~~~~~~~~~~~~~~~~~~~~~~~
compilation terminated.
make: *** [src/subdir.mk:26: src/main.o] Error 1
11:28:42 **** Auto Build of configuration Debug for project DC_emulator_lab ****
make pre-build main-build 
a9-linaro-pre-build-step
' '
'Building file: ../src/main.cpp'
'Invoking: ARM v7 g++ compiler'
arm-none-eabi-g++ -DFULL -DARM_A9 -DHAS_BASIC_FAULT_LOG_IF_CAPABILITY -DHAS_RUN_INHIBIT_SUPPORT -DHAS_STRNLEN -DHAS_DIGSCOPE_CAPABILITY -Wall -O3 -gdwarf-2 -g -gdwarf-4 -I"C:\Programming\TSW_SW\include" -I../../DC_emulator_lab_bsp/ps7_cortexa9_1/include -c -fmessage-length=0 -MT"src/main.o" -mcpu=cortex-a9 -mfpu=vfpv3 -mfloat-abi=hard -I../../DC_emulator_lab_bsp/ps7_cortexa9_1/include -MMD -MP -MF"src/main.d" -MT"src/main.o" -o "src/main.o" "../src/main.cpp"
In file included from ../src/../include/HMI.hpp:78,
                 from ../src/../include/Converter.hpp:78,
                 from ../src/../include/Application.hpp:89,
                 from ../src/../include/DriveRoutineFast.hpp:75,
                 from ../src/main.cpp:4:
../src/../include/Measurements.hpp:282: warning: "NO_OF_CHANNELS_CNT" redefined
 #define NO_OF_CHANNELS_CNT 8 // max 8 physical ADC channels
 
In file included from ../src/../include/Converter.hpp:77,
                 from ../src/../include/Application.hpp:89,
                 from ../src/../include/DriveRoutineFast.hpp:75,
                 from ../src/main.cpp:4:
../src/../include/GateDriver.hpp:496: note: this is the location of the previous definition
 #define NO_OF_CHANNELS_CNT XPAR_CONVERTER_1_SWITCHING_EVENT_COUNTER_NUMBER_OF_CHANNELS
 
In file included from ../src/../include/Drive.hpp:89,
                 from ../src/../include/Application.hpp:90,
                 from ../src/../include/DriveRoutineFast.hpp:75,
                 from ../src/main.cpp:4:
../src/../include/PI_controller.hpp:14:10: fatal error: ../Constants.hpp: No such file or directory
 #include "../Constants.hpp"
          ^~~~~~~~~~~~~~~~~~
compilation terminated.
make: *** [src/subdir.mk:26: src/main.o] Error 1
11:28:49 **** Auto Build of configuration Debug for project DC_emulator_lab ****
make pre-build main-build 
a9-linaro-pre-build-step
' '
'Building file: ../src/main.cpp'
'Invoking: ARM v7 g++ compiler'
arm-none-eabi-g++ -DFULL -DARM_A9 -DHAS_BASIC_FAULT_LOG_IF_CAPABILITY -DHAS_RUN_INHIBIT_SUPPORT -DHAS_STRNLEN -DHAS_DIGSCOPE_CAPABILITY -Wall -O3 -gdwarf-2 -g -gdwarf-4 -I"C:\Programming\TSW_SW\include" -I../../DC_emulator_lab_bsp/ps7_cortexa9_1/include -c -fmessage-length=0 -MT"src/main.o" -mcpu=cortex-a9 -mfpu=vfpv3 -mfloat-abi=hard -I../../DC_emulator_lab_bsp/ps7_cortexa9_1/include -MMD -MP -MF"src/main.d" -MT"src/main.o" -o "src/main.o" "../src/main.cpp"
In file included from ../src/../include/HMI.hpp:78,
                 from ../src/../include/Converter.hpp:78,
                 from ../src/../include/Application.hpp:89,
                 from ../src/../include/DriveRoutineFast.hpp:75,
                 from ../src/main.cpp:4:
../src/../include/Measurements.hpp:282: warning: "NO_OF_CHANNELS_CNT" redefined
 #define NO_OF_CHANNELS_CNT 8 // max 8 physical ADC channels
 
In file included from ../src/../include/Converter.hpp:77,
                 from ../src/../include/Application.hpp:89,
                 from ../src/../include/DriveRoutineFast.hpp:75,
                 from ../src/main.cpp:4:
../src/../include/GateDriver.hpp:496: note: this is the location of the previous definition
 #define NO_OF_CHANNELS_CNT XPAR_CONVERTER_1_SWITCHING_EVENT_COUNTER_NUMBER_OF_CHANNELS
 
In file included from ../src/../include/Drive.hpp:90,
                 from ../src/../include/Application.hpp:90,
                 from ../src/../include/DriveRoutineFast.hpp:75,
                 from ../src/main.cpp:4:
../src/../include/TorqueLimiters.hpp:66:10: fatal error: ../ConfigParameters.hpp: No such file or directory
 #include "../ConfigParameters.hpp"
          ^~~~~~~~~~~~~~~~~~~~~~~~~
compilation terminated.
make: *** [src/subdir.mk:26: src/main.o] Error 1
11:29:02 **** Auto Build of configuration Debug for project DC_emulator_lab ****
make pre-build main-build 
a9-linaro-pre-build-step
' '
'Building file: ../src/main.cpp'
'Invoking: ARM v7 g++ compiler'
arm-none-eabi-g++ -DFULL -DARM_A9 -DHAS_BASIC_FAULT_LOG_IF_CAPABILITY -DHAS_RUN_INHIBIT_SUPPORT -DHAS_STRNLEN -DHAS_DIGSCOPE_CAPABILITY -Wall -O3 -gdwarf-2 -g -gdwarf-4 -I"C:\Programming\TSW_SW\include" -I../../DC_emulator_lab_bsp/ps7_cortexa9_1/include -c -fmessage-length=0 -MT"src/main.o" -mcpu=cortex-a9 -mfpu=vfpv3 -mfloat-abi=hard -I../../DC_emulator_lab_bsp/ps7_cortexa9_1/include -MMD -MP -MF"src/main.d" -MT"src/main.o" -o "src/main.o" "../src/main.cpp"
In file included from ../src/../include/HMI.hpp:78,
                 from ../src/../include/Converter.hpp:78,
                 from ../src/../include/Application.hpp:89,
                 from ../src/../include/DriveRoutineFast.hpp:75,
                 from ../src/main.cpp:4:
../src/../include/Measurements.hpp:282: warning: "NO_OF_CHANNELS_CNT" redefined
 #define NO_OF_CHANNELS_CNT 8 // max 8 physical ADC channels
 
In file included from ../src/../include/Converter.hpp:77,
                 from ../src/../include/Application.hpp:89,
                 from ../src/../include/DriveRoutineFast.hpp:75,
                 from ../src/main.cpp:4:
../src/../include/GateDriver.hpp:496: note: this is the location of the previous definition
 #define NO_OF_CHANNELS_CNT XPAR_CONVERTER_1_SWITCHING_EVENT_COUNTER_NUMBER_OF_CHANNELS
 
In file included from ../src/../include/DriveRoutineFast.hpp:80,
                 from ../src/main.cpp:4:
../src/../include/GPIO.hpp:15:10: fatal error: ../HMI.hpp: No such file or directory
 #include "../HMI.hpp"
          ^~~~~~~~~~~~
compilation terminated.
make: *** [src/subdir.mk:26: src/main.o] Error 1
11:29:11 **** Auto Build of configuration Debug for project DC_emulator_lab ****
make pre-build main-build 
a9-linaro-pre-build-step
' '
'Building file: ../src/main.cpp'
'Invoking: ARM v7 g++ compiler'
arm-none-eabi-g++ -DFULL -DARM_A9 -DHAS_BASIC_FAULT_LOG_IF_CAPABILITY -DHAS_RUN_INHIBIT_SUPPORT -DHAS_STRNLEN -DHAS_DIGSCOPE_CAPABILITY -Wall -O3 -gdwarf-2 -g -gdwarf-4 -I"C:\Programming\TSW_SW\include" -I../../DC_emulator_lab_bsp/ps7_cortexa9_1/include -c -fmessage-length=0 -MT"src/main.o" -mcpu=cortex-a9 -mfpu=vfpv3 -mfloat-abi=hard -I../../DC_emulator_lab_bsp/ps7_cortexa9_1/include -MMD -MP -MF"src/main.d" -MT"src/main.o" -o "src/main.o" "../src/main.cpp"
In file included from ../src/../include/HMI.hpp:78,
                 from ../src/../include/Converter.hpp:78,
                 from ../src/../include/Application.hpp:89,
                 from ../src/../include/DriveRoutineFast.hpp:75,
                 from ../src/main.cpp:4:
../src/../include/Measurements.hpp:282: warning: "NO_OF_CHANNELS_CNT" redefined
 #define NO_OF_CHANNELS_CNT 8 // max 8 physical ADC channels
 
In file included from ../src/../include/Converter.hpp:77,
                 from ../src/../include/Application.hpp:89,
                 from ../src/../include/DriveRoutineFast.hpp:75,
                 from ../src/main.cpp:4:
../src/../include/GateDriver.hpp:496: note: this is the location of the previous definition
 #define NO_OF_CHANNELS_CNT XPAR_CONVERTER_1_SWITCHING_EVENT_COUNTER_NUMBER_OF_CHANNELS
 
In file included from ../src/../include/StopWatch.hpp:4,
                 from ../src/../include/EnDat22.hpp:142,
                 from ../src/../include/FirmWare_2L_3ph.hpp:77,
                 from ../src/../include/Drive.hpp:87,
                 from ../src/../include/Application.hpp:90,
                 from ../src/../include/DriveRoutineFast.hpp:75,
                 from ../src/main.cpp:4:
../../DC_emulator_lab_bsp/ps7_cortexa9_1/include/xtime_l.h:87:70: note: #pragma message: For the sleep routines, Global timer is being used
 #pragma message ("For the sleep routines, Global timer is being used")
                                                                      ^
'Finished building: ../src/main.cpp'
' '
'Building target: DC_emulator_lab.elf'
'Invoking: ARM v7 g++ linker'
arm-none-eabi-g++ -L"..\lib" -L../../DC_emulator_lab_bsp/ps7_cortexa9_1/lib -mcpu=cortex-a9 -mfpu=vfpv3 -mfloat-abi=hard -Wl,-build-id=none -specs=Xilinx.spec -Wl,-T -Wl,../src/lscript.ld -L../../DC_emulator_lab_bsp/ps7_cortexa9_1/lib -o "DC_emulator_lab.elf"  ./src/SwLoadEmulator.o ./src/main.o   -lL2_Ph3_L2_Ph3_DC_Drive -lwtcp_arm_a9_full -Wl,--start-group,-lxil,-lgcc,-lc,-lstdc++,--end-group
'Finished building target: DC_emulator_lab.elf'
' '
'Invoking: ARM v7 Print Size'
arm-none-eabi-size DC_emulator_lab.elf  |tee "DC_emulator_lab.elf.size"
   text	   data	    bss	    dec	    hex	filename
 177852	   3368	16815672	16996892	1035a1c	DC_emulator_lab.elf
'Finished building: DC_emulator_lab.elf.size'
' '
