17:02:34 **** Build of project L2_Ph3_L2_Ph3_bsp ****
make -k all 
"Running Make include in ps7_cortexa9_1/libsrc/ad_converter_serial_receiver_v1_00_a/src"
make -C ps7_cortexa9_1/libsrc/ad_converter_serial_receiver_v1_00_a/src -s include  "SHELL=CMD" "COMPILER=arm-none-eabi-gcc" "ARCHIVER=arm-none-eabi-ar" "COMPILER_FLAGS=  -O2 -c" "EXTRA_COMPILER_FLAGS=-DUSE_AMP=1 -mcpu=cortex-a9 -mfpu=vfpv3 -mfloat-abi=hard -nostartfiles -g -Wall -Wextra"
"AD converter serial receiver include files"
"Running Make include in ps7_cortexa9_1/libsrc/blankingtimecorr_v1_0/src"
make -C ps7_cortexa9_1/libsrc/blankingtimecorr_v1_0/src -s include  "SHELL=CMD" "COMPILER=arm-none-eabi-gcc" "ARCHIVER=arm-none-eabi-ar" "COMPILER_FLAGS=  -O2 -c" "EXTRA_COMPILER_FLAGS=-DUSE_AMP=1 -mcpu=cortex-a9 -mfpu=vfpv3 -mfloat-abi=hard -nostartfiles -g -Wall -Wextra"
"Running Make include in ps7_cortexa9_1/libsrc/canps_v3_2/src"
make -C ps7_cortexa9_1/libsrc/canps_v3_2/src -s include  "SHELL=CMD" "COMPILER=arm-none-eabi-gcc" "ARCHIVER=arm-none-eabi-ar" "COMPILER_FLAGS=  -O2 -c" "EXTRA_COMPILER_FLAGS=-DUSE_AMP=1 -mcpu=cortex-a9 -mfpu=vfpv3 -mfloat-abi=hard -nostartfiles -g -Wall -Wextra"
"Running Make include in ps7_cortexa9_1/libsrc/common_v1_00_a/src"
make -C ps7_cortexa9_1/libsrc/common_v1_00_a/src -s include  "SHELL=CMD" "COMPILER=arm-none-eabi-gcc" "ARCHIVER=arm-none-eabi-ar" "COMPILER_FLAGS=  -O2 -c" "EXTRA_COMPILER_FLAGS=-DUSE_AMP=1 -mcpu=cortex-a9 -mfpu=vfpv3 -mfloat-abi=hard -nostartfiles -g -Wall -Wextra"
"Running Make include in ps7_cortexa9_1/libsrc/comparator_limiter_block_v1_00_a/src"
make -C ps7_cortexa9_1/libsrc/comparator_limiter_block_v1_00_a/src -s include  "SHELL=CMD" "COMPILER=arm-none-eabi-gcc" "ARCHIVER=arm-none-eabi-ar" "COMPILER_FLAGS=  -O2 -c" "EXTRA_COMPILER_FLAGS=-DUSE_AMP=1 -mcpu=cortex-a9 -mfpu=vfpv3 -mfloat-abi=hard -nostartfiles -g -Wall -Wextra"
"Running Make include in ps7_cortexa9_1/libsrc/coresightps_dcc_v1_5/src"
make -C ps7_cortexa9_1/libsrc/coresightps_dcc_v1_5/src -s include  "SHELL=CMD" "COMPILER=arm-none-eabi-gcc" "ARCHIVER=arm-none-eabi-ar" "COMPILER_FLAGS=  -O2 -c" "EXTRA_COMPILER_FLAGS=-DUSE_AMP=1 -mcpu=cortex-a9 -mfpu=vfpv3 -mfloat-abi=hard -nostartfiles -g -Wall -Wextra"
"Running Make include in ps7_cortexa9_1/libsrc/cpu_cortexa9_v2_7/src"
make -C ps7_cortexa9_1/libsrc/cpu_cortexa9_v2_7/src -s include  "SHELL=CMD" "COMPILER=arm-none-eabi-gcc" "ARCHIVER=arm-none-eabi-ar" "COMPILER_FLAGS=  -O2 -c" "EXTRA_COMPILER_FLAGS=-DUSE_AMP=1 -mcpu=cortex-a9 -mfpu=vfpv3 -mfloat-abi=hard -nostartfiles -g -Wall -Wextra"
"Running Make include in ps7_cortexa9_1/libsrc/da_converter_interface_v1_00_a/src"
make -C ps7_cortexa9_1/libsrc/da_converter_interface_v1_00_a/src -s include  "SHELL=CMD" "COMPILER=arm-none-eabi-gcc" "ARCHIVER=arm-none-eabi-ar" "COMPILER_FLAGS=  -O2 -c" "EXTRA_COMPILER_FLAGS=-DUSE_AMP=1 -mcpu=cortex-a9 -mfpu=vfpv3 -mfloat-abi=hard -nostartfiles -g -Wall -Wextra"
"Running Make include in ps7_cortexa9_1/libsrc/ddrps_v1_0/src"
make -C ps7_cortexa9_1/libsrc/ddrps_v1_0/src -s include  "SHELL=CMD" "COMPILER=arm-none-eabi-gcc" "ARCHIVER=arm-none-eabi-ar" "COMPILER_FLAGS=  -O2 -c" "EXTRA_COMPILER_FLAGS=-DUSE_AMP=1 -mcpu=cortex-a9 -mfpu=vfpv3 -mfloat-abi=hard -nostartfiles -g -Wall -Wextra"
"Running Make include in ps7_cortexa9_1/libsrc/devcfg_v3_5/src"
make -C ps7_cortexa9_1/libsrc/devcfg_v3_5/src -s include  "SHELL=CMD" "COMPILER=arm-none-eabi-gcc" "ARCHIVER=arm-none-eabi-ar" "COMPILER_FLAGS=  -O2 -c" "EXTRA_COMPILER_FLAGS=-DUSE_AMP=1 -mcpu=cortex-a9 -mfpu=vfpv3 -mfloat-abi=hard -nostartfiles -g -Wall -Wextra"
"Running Make include in ps7_cortexa9_1/libsrc/dmaps_v2_4/src"
make -C ps7_cortexa9_1/libsrc/dmaps_v2_4/src -s include  "SHELL=CMD" "COMPILER=arm-none-eabi-gcc" "ARCHIVER=arm-none-eabi-ar" "COMPILER_FLAGS=  -O2 -c" "EXTRA_COMPILER_FLAGS=-DUSE_AMP=1 -mcpu=cortex-a9 -mfpu=vfpv3 -mfloat-abi=hard -nostartfiles -g -Wall -Wextra"
"Running Make include in ps7_cortexa9_1/libsrc/driver_interface_v1_00_a/src"
make -C ps7_cortexa9_1/libsrc/driver_interface_v1_00_a/src -s include  "SHELL=CMD" "COMPILER=arm-none-eabi-gcc" "ARCHIVER=arm-none-eabi-ar" "COMPILER_FLAGS=  -O2 -c" "EXTRA_COMPILER_FLAGS=-DUSE_AMP=1 -mcpu=cortex-a9 -mfpu=vfpv3 -mfloat-abi=hard -nostartfiles -g -Wall -Wextra"
"Running Make include in ps7_cortexa9_1/libsrc/emacps_v3_9/src"
make -C ps7_cortexa9_1/libsrc/emacps_v3_9/src -s include  "SHELL=CMD" "COMPILER=arm-none-eabi-gcc" "ARCHIVER=arm-none-eabi-ar" "COMPILER_FLAGS=  -O2 -c" "EXTRA_COMPILER_FLAGS=-DUSE_AMP=1 -mcpu=cortex-a9 -mfpu=vfpv3 -mfloat-abi=hard -nostartfiles -g -Wall -Wextra"
"Running Make include in ps7_cortexa9_1/libsrc/filter_block_v1_00_a/src"
make -C ps7_cortexa9_1/libsrc/filter_block_v1_00_a/src -s include  "SHELL=CMD" "COMPILER=arm-none-eabi-gcc" "ARCHIVER=arm-none-eabi-ar" "COMPILER_FLAGS=  -O2 -c" "EXTRA_COMPILER_FLAGS=-DUSE_AMP=1 -mcpu=cortex-a9 -mfpu=vfpv3 -mfloat-abi=hard -nostartfiles -g -Wall -Wextra"
"Running Make include in ps7_cortexa9_1/libsrc/gpiops_v3_5/src"
make -C ps7_cortexa9_1/libsrc/gpiops_v3_5/src -s include  "SHELL=CMD" "COMPILER=arm-none-eabi-gcc" "ARCHIVER=arm-none-eabi-ar" "COMPILER_FLAGS=  -O2 -c" "EXTRA_COMPILER_FLAGS=-DUSE_AMP=1 -mcpu=cortex-a9 -mfpu=vfpv3 -mfloat-abi=hard -nostartfiles -g -Wall -Wextra"
"Running Make include in ps7_cortexa9_1/libsrc/gpio_v4_4/src"
make -C ps7_cortexa9_1/libsrc/gpio_v4_4/src -s include  "SHELL=CMD" "COMPILER=arm-none-eabi-gcc" "ARCHIVER=arm-none-eabi-ar" "COMPILER_FLAGS=  -O2 -c" "EXTRA_COMPILER_FLAGS=-DUSE_AMP=1 -mcpu=cortex-a9 -mfpu=vfpv3 -mfloat-abi=hard -nostartfiles -g -Wall -Wextra"
"Running Make include in ps7_cortexa9_1/libsrc/incremental_encoder_interface_v1_00_a/src"
make -C ps7_cortexa9_1/libsrc/incremental_encoder_interface_v1_00_a/src -s include  "SHELL=CMD" "COMPILER=arm-none-eabi-gcc" "ARCHIVER=arm-none-eabi-ar" "COMPILER_FLAGS=  -O2 -c" "EXTRA_COMPILER_FLAGS=-DUSE_AMP=1 -mcpu=cortex-a9 -mfpu=vfpv3 -mfloat-abi=hard -nostartfiles -g -Wall -Wextra"
"Running Make include in ps7_cortexa9_1/libsrc/pulse_width_modulator_v1_00_a/src"
make -C ps7_cortexa9_1/libsrc/pulse_width_modulator_v1_00_a/src -s include  "SHELL=CMD" "COMPILER=arm-none-eabi-gcc" "ARCHIVER=arm-none-eabi-ar" "COMPILER_FLAGS=  -O2 -c" "EXTRA_COMPILER_FLAGS=-DUSE_AMP=1 -mcpu=cortex-a9 -mfpu=vfpv3 -mfloat-abi=hard -nostartfiles -g -Wall -Wextra"
"Running Make include in ps7_cortexa9_1/libsrc/qspips_v3_6/src"
make -C ps7_cortexa9_1/libsrc/qspips_v3_6/src -s include  "SHELL=CMD" "COMPILER=arm-none-eabi-gcc" "ARCHIVER=arm-none-eabi-ar" "COMPILER_FLAGS=  -O2 -c" "EXTRA_COMPILER_FLAGS=-DUSE_AMP=1 -mcpu=cortex-a9 -mfpu=vfpv3 -mfloat-abi=hard -nostartfiles -g -Wall -Wextra"
"Running Make include in ps7_cortexa9_1/libsrc/register_array_v1_00_a/src"
make -C ps7_cortexa9_1/libsrc/register_array_v1_00_a/src -s include  "SHELL=CMD" "COMPILER=arm-none-eabi-gcc" "ARCHIVER=arm-none-eabi-ar" "COMPILER_FLAGS=  -O2 -c" "EXTRA_COMPILER_FLAGS=-DUSE_AMP=1 -mcpu=cortex-a9 -mfpu=vfpv3 -mfloat-abi=hard -nostartfiles -g -Wall -Wextra"
"Running Make include in ps7_cortexa9_1/libsrc/scugic_v4_0/src"
make -C ps7_cortexa9_1/libsrc/scugic_v4_0/src -s include  "SHELL=CMD" "COMPILER=arm-none-eabi-gcc" "ARCHIVER=arm-none-eabi-ar" "COMPILER_FLAGS=  -O2 -c" "EXTRA_COMPILER_FLAGS=-DUSE_AMP=1 -mcpu=cortex-a9 -mfpu=vfpv3 -mfloat-abi=hard -nostartfiles -g -Wall -Wextra"
"Running Make include in ps7_cortexa9_1/libsrc/scutimer_v2_1/src"
make -C ps7_cortexa9_1/libsrc/scutimer_v2_1/src -s include  "SHELL=CMD" "COMPILER=arm-none-eabi-gcc" "ARCHIVER=arm-none-eabi-ar" "COMPILER_FLAGS=  -O2 -c" "EXTRA_COMPILER_FLAGS=-DUSE_AMP=1 -mcpu=cortex-a9 -mfpu=vfpv3 -mfloat-abi=hard -nostartfiles -g -Wall -Wextra"
"Running Make include in ps7_cortexa9_1/libsrc/scuwdt_v2_1/src"
make -C ps7_cortexa9_1/libsrc/scuwdt_v2_1/src -s include  "SHELL=CMD" "COMPILER=arm-none-eabi-gcc" "ARCHIVER=arm-none-eabi-ar" "COMPILER_FLAGS=  -O2 -c" "EXTRA_COMPILER_FLAGS=-DUSE_AMP=1 -mcpu=cortex-a9 -mfpu=vfpv3 -mfloat-abi=hard -nostartfiles -g -Wall -Wextra"
"Running Make include in ps7_cortexa9_1/libsrc/sdps_v3_7/src"
make -C ps7_cortexa9_1/libsrc/sdps_v3_7/src -s include  "SHELL=CMD" "COMPILER=arm-none-eabi-gcc" "ARCHIVER=arm-none-eabi-ar" "COMPILER_FLAGS=  -O2 -c" "EXTRA_COMPILER_FLAGS=-DUSE_AMP=1 -mcpu=cortex-a9 -mfpu=vfpv3 -mfloat-abi=hard -nostartfiles -g -Wall -Wextra"
"Running Make include in ps7_cortexa9_1/libsrc/spips_v3_2/src"
make -C ps7_cortexa9_1/libsrc/spips_v3_2/src -s include  "SHELL=CMD" "COMPILER=arm-none-eabi-gcc" "ARCHIVER=arm-none-eabi-ar" "COMPILER_FLAGS=  -O2 -c" "EXTRA_COMPILER_FLAGS=-DUSE_AMP=1 -mcpu=cortex-a9 -mfpu=vfpv3 -mfloat-abi=hard -nostartfiles -g -Wall -Wextra"
"Running Make include in ps7_cortexa9_1/libsrc/standalone_v7_0/src"
make -C ps7_cortexa9_1/libsrc/standalone_v7_0/src -s include  "SHELL=CMD" "COMPILER=arm-none-eabi-gcc" "ARCHIVER=arm-none-eabi-ar" "COMPILER_FLAGS=  -O2 -c" "EXTRA_COMPILER_FLAGS=-DUSE_AMP=1 -mcpu=cortex-a9 -mfpu=vfpv3 -mfloat-abi=hard -nostartfiles -g -Wall -Wextra"
"Running Make include in ps7_cortexa9_1/libsrc/switching_event_counter_v1_00_a/src"
make -C ps7_cortexa9_1/libsrc/switching_event_counter_v1_00_a/src -s include  "SHELL=CMD" "COMPILER=arm-none-eabi-gcc" "ARCHIVER=arm-none-eabi-ar" "COMPILER_FLAGS=  -O2 -c" "EXTRA_COMPILER_FLAGS=-DUSE_AMP=1 -mcpu=cortex-a9 -mfpu=vfpv3 -mfloat-abi=hard -nostartfiles -g -Wall -Wextra"
"Running Make include in ps7_cortexa9_1/libsrc/sysmon_v7_5/src"
make -C ps7_cortexa9_1/libsrc/sysmon_v7_5/src -s include  "SHELL=CMD" "COMPILER=arm-none-eabi-gcc" "ARCHIVER=arm-none-eabi-ar" "COMPILER_FLAGS=  -O2 -c" "EXTRA_COMPILER_FLAGS=-DUSE_AMP=1 -mcpu=cortex-a9 -mfpu=vfpv3 -mfloat-abi=hard -nostartfiles -g -Wall -Wextra"
"Running Make include in ps7_cortexa9_1/libsrc/tmrctr_v4_5/src"
make -C ps7_cortexa9_1/libsrc/tmrctr_v4_5/src -s include  "SHELL=CMD" "COMPILER=arm-none-eabi-gcc" "ARCHIVER=arm-none-eabi-ar" "COMPILER_FLAGS=  -O2 -c" "EXTRA_COMPILER_FLAGS=-DUSE_AMP=1 -mcpu=cortex-a9 -mfpu=vfpv3 -mfloat-abi=hard -nostartfiles -g -Wall -Wextra"
"Running Make include in ps7_cortexa9_1/libsrc/ttcps_v3_9/src"
make -C ps7_cortexa9_1/libsrc/ttcps_v3_9/src -s include  "SHELL=CMD" "COMPILER=arm-none-eabi-gcc" "ARCHIVER=arm-none-eabi-ar" "COMPILER_FLAGS=  -O2 -c" "EXTRA_COMPILER_FLAGS=-DUSE_AMP=1 -mcpu=cortex-a9 -mfpu=vfpv3 -mfloat-abi=hard -nostartfiles -g -Wall -Wextra"
"Running Make include in ps7_cortexa9_1/libsrc/uartps_v3_7/src"
make -C ps7_cortexa9_1/libsrc/uartps_v3_7/src -s include  "SHELL=CMD" "COMPILER=arm-none-eabi-gcc" "ARCHIVER=arm-none-eabi-ar" "COMPILER_FLAGS=  -O2 -c" "EXTRA_COMPILER_FLAGS=-DUSE_AMP=1 -mcpu=cortex-a9 -mfpu=vfpv3 -mfloat-abi=hard -nostartfiles -g -Wall -Wextra"
"Running Make include in ps7_cortexa9_1/libsrc/usbps_v2_4/src"
make -C ps7_cortexa9_1/libsrc/usbps_v2_4/src -s include  "SHELL=CMD" "COMPILER=arm-none-eabi-gcc" "ARCHIVER=arm-none-eabi-ar" "COMPILER_FLAGS=  -O2 -c" "EXTRA_COMPILER_FLAGS=-DUSE_AMP=1 -mcpu=cortex-a9 -mfpu=vfpv3 -mfloat-abi=hard -nostartfiles -g -Wall -Wextra"
"Running Make include in ps7_cortexa9_1/libsrc/xadcps_v2_3/src"
make -C ps7_cortexa9_1/libsrc/xadcps_v2_3/src -s include  "SHELL=CMD" "COMPILER=arm-none-eabi-gcc" "ARCHIVER=arm-none-eabi-ar" "COMPILER_FLAGS=  -O2 -c" "EXTRA_COMPILER_FLAGS=-DUSE_AMP=1 -mcpu=cortex-a9 -mfpu=vfpv3 -mfloat-abi=hard -nostartfiles -g -Wall -Wextra"
"Running Make libs in ps7_cortexa9_1/libsrc/ad_converter_serial_receiver_v1_00_a/src"
make -C ps7_cortexa9_1/libsrc/ad_converter_serial_receiver_v1_00_a/src -s libs  "SHELL=CMD" "COMPILER=arm-none-eabi-gcc" "ARCHIVER=arm-none-eabi-ar" "COMPILER_FLAGS=  -O2 -c" "EXTRA_COMPILER_FLAGS=-DUSE_AMP=1 -mcpu=cortex-a9 -mfpu=vfpv3 -mfloat-abi=hard -nostartfiles -g -Wall -Wextra"
"Running Make libs in ps7_cortexa9_1/libsrc/blankingtimecorr_v1_0/src"
make -C ps7_cortexa9_1/libsrc/blankingtimecorr_v1_0/src -s libs  "SHELL=CMD" "COMPILER=arm-none-eabi-gcc" "ARCHIVER=arm-none-eabi-ar" "COMPILER_FLAGS=  -O2 -c" "EXTRA_COMPILER_FLAGS=-DUSE_AMP=1 -mcpu=cortex-a9 -mfpu=vfpv3 -mfloat-abi=hard -nostartfiles -g -Wall -Wextra"
"Compiling foo_top_top"
In file included from blankingtimecorr.h:9,
                 from blankingtimecorr.c:1:
blankingtimecorr.c: In function 'blankingtimecorr_ic_in_read':
../../../include/xil_assert.h:108:9: warning: 'return' with no value, in function returning non-void
         return;                                    \
         ^~~~~~
blankingtimecorr.c:22:5: note: in expansion of macro 'Xil_AssertVoid'
     Xil_AssertVoid(InstancePtr != NULL);
     ^~~~~~~~~~~~~~
blankingtimecorr.c:19:5: note: declared here
 int blankingtimecorr_ic_in_read(blankingtimecorr *InstancePtr) {
     ^~~~~~~~~~~~~~~~~~~~~~~~~~~
In file included from blankingtimecorr.h:9,
                 from blankingtimecorr.c:1:
blankingtimecorr.c: In function 'blankingtimecorr_ib_in_read':
../../../include/xil_assert.h:108:9: warning: 'return' with no value, in function returning non-void
         return;                                    \
         ^~~~~~
blankingtimecorr.c:36:5: note: in expansion of macro 'Xil_AssertVoid'
     Xil_AssertVoid(InstancePtr != NULL);
     ^~~~~~~~~~~~~~
blankingtimecorr.c:33:5: note: declared here
 int blankingtimecorr_ib_in_read(blankingtimecorr *InstancePtr) {
     ^~~~~~~~~~~~~~~~~~~~~~~~~~~
In file included from blankingtimecorr.h:9,
                 from blankingtimecorr.c:1:
blankingtimecorr.c: In function 'blankingtimecorr_ia_in_read':
../../../include/xil_assert.h:108:9: warning: 'return' with no value, in function returning non-void
         return;                                    \
         ^~~~~~
blankingtimecorr.c:50:5: note: in expansion of macro 'Xil_AssertVoid'
     Xil_AssertVoid(InstancePtr != NULL);
     ^~~~~~~~~~~~~~
blankingtimecorr.c:47:5: note: declared here
 int blankingtimecorr_ia_in_read(blankingtimecorr *InstancePtr) {
     ^~~~~~~~~~~~~~~~~~~~~~~~~~~
In file included from blankingtimecorr.h:9,
                 from blankingtimecorr.c:1:
blankingtimecorr.c: In function 'blankingtimecorr_blankingtime_read':
../../../include/xil_assert.h:108:9: warning: 'return' with no value, in function returning non-void
         return;                                    \
         ^~~~~~
blankingtimecorr.c:64:5: note: in expansion of macro 'Xil_AssertVoid'
     Xil_AssertVoid(InstancePtr != NULL);
     ^~~~~~~~~~~~~~
blankingtimecorr.c:61:5: note: declared here
 int blankingtimecorr_blankingtime_read(blankingtimecorr *InstancePtr) {
     ^~~~~~~~~~~~~~~~~~~~~~~~~~~~~~~~~~
In file included from blankingtimecorr.h:9,
                 from blankingtimecorr.c:1:
blankingtimecorr.c: In function 'blankingtimecorr_t_samp_on_read':
../../../include/xil_assert.h:108:9: warning: 'return' with no value, in function returning non-void
         return;                                    \
         ^~~~~~
blankingtimecorr.c:72:5: note: in expansion of macro 'Xil_AssertVoid'
     Xil_AssertVoid(InstancePtr != NULL);
     ^~~~~~~~~~~~~~
blankingtimecorr.c:69:5: note: declared here
 u32 blankingtimecorr_t_samp_on_read(blankingtimecorr *InstancePtr) {
     ^~~~~~~~~~~~~~~~~~~~~~~~~~~~~~~
In file included from blankingtimecorr.h:9,
                 from blankingtimecorr.c:1:
blankingtimecorr.c: In function 'blankingtimecorr_ta_on_read':
../../../include/xil_assert.h:108:9: warning: 'return' with no value, in function returning non-void
         return;                                    \
         ^~~~~~
blankingtimecorr.c:80:5: note: in expansion of macro 'Xil_AssertVoid'
     Xil_AssertVoid(InstancePtr != NULL);
     ^~~~~~~~~~~~~~
blankingtimecorr.c:77:5: note: declared here
 u32 blankingtimecorr_ta_on_read(blankingtimecorr *InstancePtr) {
     ^~~~~~~~~~~~~~~~~~~~~~~~~~~
In file included from blankingtimecorr.h:9,
                 from blankingtimecorr.c:1:
blankingtimecorr.c: In function 'blankingtimecorr_tb_on_read':
../../../include/xil_assert.h:108:9: warning: 'return' with no value, in function returning non-void
         return;                                    \
         ^~~~~~
blankingtimecorr.c:88:5: note: in expansion of macro 'Xil_AssertVoid'
     Xil_AssertVoid(InstancePtr != NULL);
     ^~~~~~~~~~~~~~
blankingtimecorr.c:85:5: note: declared here
 u32 blankingtimecorr_tb_on_read(blankingtimecorr *InstancePtr) {
     ^~~~~~~~~~~~~~~~~~~~~~~~~~~
In file included from blankingtimecorr.h:9,
                 from blankingtimecorr.c:1:
blankingtimecorr.c: In function 'blankingtimecorr_tc_on_read':
../../../include/xil_assert.h:108:9: warning: 'return' with no value, in function returning non-void
         return;                                    \
         ^~~~~~
blankingtimecorr.c:96:5: note: in expansion of macro 'Xil_AssertVoid'
     Xil_AssertVoid(InstancePtr != NULL);
     ^~~~~~~~~~~~~~
blankingtimecorr.c:93:5: note: declared here
 u32 blankingtimecorr_tc_on_read(blankingtimecorr *InstancePtr) {
     ^~~~~~~~~~~~~~~~~~~~~~~~~~~
"Running Make libs in ps7_cortexa9_1/libsrc/canps_v3_2/src"
make -C ps7_cortexa9_1/libsrc/canps_v3_2/src -s libs  "SHELL=CMD" "COMPILER=arm-none-eabi-gcc" "ARCHIVER=arm-none-eabi-ar" "COMPILER_FLAGS=  -O2 -c" "EXTRA_COMPILER_FLAGS=-DUSE_AMP=1 -mcpu=cortex-a9 -mfpu=vfpv3 -mfloat-abi=hard -nostartfiles -g -Wall -Wextra"
"Compiling canps"
"Running Make libs in ps7_cortexa9_1/libsrc/common_v1_00_a/src"
make -C ps7_cortexa9_1/libsrc/common_v1_00_a/src -s libs  "SHELL=CMD" "COMPILER=arm-none-eabi-gcc" "ARCHIVER=arm-none-eabi-ar" "COMPILER_FLAGS=  -O2 -c" "EXTRA_COMPILER_FLAGS=-DUSE_AMP=1 -mcpu=cortex-a9 -mfpu=vfpv3 -mfloat-abi=hard -nostartfiles -g -Wall -Wextra"
"Compiling common"
xutil_memtest.c: In function 'XUtil_MemoryTest32':
xutil_memtest.c:157:7: warning: this statement may fall through [-Wimplicit-fallthrough=]
    if (Subtest != XUT_ALLMEMTESTS) {
       ^
xutil_memtest.c:166:2: note: here
  case XUT_WALKONES:
  ^~~~
xutil_memtest.c:218:7: warning: this statement may fall through [-Wimplicit-fallthrough=]
    if (Subtest != XUT_ALLMEMTESTS) {
       ^
xutil_memtest.c:227:2: note: here
  case XUT_WALKZEROS:
  ^~~~
xutil_memtest.c:282:7: warning: this statement may fall through [-Wimplicit-fallthrough=]
    if (Subtest != XUT_ALLMEMTESTS) {
       ^
xutil_memtest.c:290:2: note: here
  case XUT_INVERSEADDR:
  ^~~~
xutil_memtest.c:323:7: warning: this statement may fall through [-Wimplicit-fallthrough=]
    if (Subtest != XUT_ALLMEMTESTS) {
       ^
xutil_memtest.c:333:2: note: here
  case XUT_FIXEDPATTERN:
  ^~~~
xutil_memtest.c: In function 'XUtil_MemoryTest16':
xutil_memtest.c:492:7: warning: this statement may fall through [-Wimplicit-fallthrough=]
    if (Subtest != XUT_ALLMEMTESTS) {
       ^
xutil_memtest.c:500:2: note: here
  case XUT_WALKONES:
  ^~~~
xutil_memtest.c:555:7: warning: this statement may fall through [-Wimplicit-fallthrough=]
    if (Subtest != XUT_ALLMEMTESTS) {
       ^
xutil_memtest.c:564:2: note: here
  case XUT_WALKZEROS:
  ^~~~
xutil_memtest.c:621:7: warning: this statement may fall through [-Wimplicit-fallthrough=]
    if (Subtest != XUT_ALLMEMTESTS) {
       ^
xutil_memtest.c:629:2: note: here
  case XUT_INVERSEADDR:
  ^~~~
xutil_memtest.c:660:7: warning: this statement may fall through [-Wimplicit-fallthrough=]
    if (Subtest != XUT_ALLMEMTESTS) {
       ^
xutil_memtest.c:670:2: note: here
  case XUT_FIXEDPATTERN:
  ^~~~
xutil_memtest.c: In function 'XUtil_MemoryTest8':
xutil_memtest.c:832:7: warning: this statement may fall through [-Wimplicit-fallthrough=]
    if (Subtest != XUT_ALLMEMTESTS) {
       ^
xutil_memtest.c:841:2: note: here
  case XUT_WALKONES:
  ^~~~
xutil_memtest.c:893:7: warning: this statement may fall through [-Wimplicit-fallthrough=]
    if (Subtest != XUT_ALLMEMTESTS) {
       ^
xutil_memtest.c:902:2: note: here
  case XUT_WALKZEROS:
  ^~~~
xutil_memtest.c:958:7: warning: this statement may fall through [-Wimplicit-fallthrough=]
    if (Subtest != XUT_ALLMEMTESTS) {
       ^
xutil_memtest.c:966:2: note: here
  case XUT_INVERSEADDR:
  ^~~~
xutil_memtest.c:998:7: warning: this statement may fall through [-Wimplicit-fallthrough=]
    if (Subtest != XUT_ALLMEMTESTS) {
       ^
xutil_memtest.c:1008:2: note: here
  case XUT_FIXEDPATTERN:
  ^~~~
"Running Make libs in ps7_cortexa9_1/libsrc/comparator_limiter_block_v1_00_a/src"
make -C ps7_cortexa9_1/libsrc/comparator_limiter_block_v1_00_a/src -s libs  "SHELL=CMD" "COMPILER=arm-none-eabi-gcc" "ARCHIVER=arm-none-eabi-ar" "COMPILER_FLAGS=  -O2 -c" "EXTRA_COMPILER_FLAGS=-DUSE_AMP=1 -mcpu=cortex-a9 -mfpu=vfpv3 -mfloat-abi=hard -nostartfiles -g -Wall -Wextra"
"Running Make libs in ps7_cortexa9_1/libsrc/coresightps_dcc_v1_5/src"
make -C ps7_cortexa9_1/libsrc/coresightps_dcc_v1_5/src -s libs  "SHELL=CMD" "COMPILER=arm-none-eabi-gcc" "ARCHIVER=arm-none-eabi-ar" "COMPILER_FLAGS=  -O2 -c" "EXTRA_COMPILER_FLAGS=-DUSE_AMP=1 -mcpu=cortex-a9 -mfpu=vfpv3 -mfloat-abi=hard -nostartfiles -g -Wall -Wextra"
"Compiling coresightps_dcc"
"Running Make libs in ps7_cortexa9_1/libsrc/cpu_cortexa9_v2_7/src"
make -C ps7_cortexa9_1/libsrc/cpu_cortexa9_v2_7/src -s libs  "SHELL=CMD" "COMPILER=arm-none-eabi-gcc" "ARCHIVER=arm-none-eabi-ar" "COMPILER_FLAGS=  -O2 -c" "EXTRA_COMPILER_FLAGS=-DUSE_AMP=1 -mcpu=cortex-a9 -mfpu=vfpv3 -mfloat-abi=hard -nostartfiles -g -Wall -Wextra"
"Compiling cpu_cortexa9"
"Running Make libs in ps7_cortexa9_1/libsrc/da_converter_interface_v1_00_a/src"
make -C ps7_cortexa9_1/libsrc/da_converter_interface_v1_00_a/src -s libs  "SHELL=CMD" "COMPILER=arm-none-eabi-gcc" "ARCHIVER=arm-none-eabi-ar" "COMPILER_FLAGS=  -O2 -c" "EXTRA_COMPILER_FLAGS=-DUSE_AMP=1 -mcpu=cortex-a9 -mfpu=vfpv3 -mfloat-abi=hard -nostartfiles -g -Wall -Wextra"
"Running Make libs in ps7_cortexa9_1/libsrc/ddrps_v1_0/src"
make -C ps7_cortexa9_1/libsrc/ddrps_v1_0/src -s libs  "SHELL=CMD" "COMPILER=arm-none-eabi-gcc" "ARCHIVER=arm-none-eabi-ar" "COMPILER_FLAGS=  -O2 -c" "EXTRA_COMPILER_FLAGS=-DUSE_AMP=1 -mcpu=cortex-a9 -mfpu=vfpv3 -mfloat-abi=hard -nostartfiles -g -Wall -Wextra"
"Compiling ddrps"
"Running Make libs in ps7_cortexa9_1/libsrc/devcfg_v3_5/src"
make -C ps7_cortexa9_1/libsrc/devcfg_v3_5/src -s libs  "SHELL=CMD" "COMPILER=arm-none-eabi-gcc" "ARCHIVER=arm-none-eabi-ar" "COMPILER_FLAGS=  -O2 -c" "EXTRA_COMPILER_FLAGS=-DUSE_AMP=1 -mcpu=cortex-a9 -mfpu=vfpv3 -mfloat-abi=hard -nostartfiles -g -Wall -Wextra"
"Compiling devcfg"
"Running Make libs in ps7_cortexa9_1/libsrc/dmaps_v2_4/src"
make -C ps7_cortexa9_1/libsrc/dmaps_v2_4/src -s libs  "SHELL=CMD" "COMPILER=arm-none-eabi-gcc" "ARCHIVER=arm-none-eabi-ar" "COMPILER_FLAGS=  -O2 -c" "EXTRA_COMPILER_FLAGS=-DUSE_AMP=1 -mcpu=cortex-a9 -mfpu=vfpv3 -mfloat-abi=hard -nostartfiles -g -Wall -Wextra"
"Compiling dmaps"
"Running Make libs in ps7_cortexa9_1/libsrc/driver_interface_v1_00_a/src"
make -C ps7_cortexa9_1/libsrc/driver_interface_v1_00_a/src -s libs  "SHELL=CMD" "COMPILER=arm-none-eabi-gcc" "ARCHIVER=arm-none-eabi-ar" "COMPILER_FLAGS=  -O2 -c" "EXTRA_COMPILER_FLAGS=-DUSE_AMP=1 -mcpu=cortex-a9 -mfpu=vfpv3 -mfloat-abi=hard -nostartfiles -g -Wall -Wextra"
"Running Make libs in ps7_cortexa9_1/libsrc/emacps_v3_9/src"
make -C ps7_cortexa9_1/libsrc/emacps_v3_9/src -s libs  "SHELL=CMD" "COMPILER=arm-none-eabi-gcc" "ARCHIVER=arm-none-eabi-ar" "COMPILER_FLAGS=  -O2 -c" "EXTRA_COMPILER_FLAGS=-DUSE_AMP=1 -mcpu=cortex-a9 -mfpu=vfpv3 -mfloat-abi=hard -nostartfiles -g -Wall -Wextra"
"Compiling emacps"
"Running Make libs in ps7_cortexa9_1/libsrc/filter_block_v1_00_a/src"
make -C ps7_cortexa9_1/libsrc/filter_block_v1_00_a/src -s libs  "SHELL=CMD" "COMPILER=arm-none-eabi-gcc" "ARCHIVER=arm-none-eabi-ar" "COMPILER_FLAGS=  -O2 -c" "EXTRA_COMPILER_FLAGS=-DUSE_AMP=1 -mcpu=cortex-a9 -mfpu=vfpv3 -mfloat-abi=hard -nostartfiles -g -Wall -Wextra"
"Running Make libs in ps7_cortexa9_1/libsrc/gpiops_v3_5/src"
make -C ps7_cortexa9_1/libsrc/gpiops_v3_5/src -s libs  "SHELL=CMD" "COMPILER=arm-none-eabi-gcc" "ARCHIVER=arm-none-eabi-ar" "COMPILER_FLAGS=  -O2 -c" "EXTRA_COMPILER_FLAGS=-DUSE_AMP=1 -mcpu=cortex-a9 -mfpu=vfpv3 -mfloat-abi=hard -nostartfiles -g -Wall -Wextra"
"Compiling gpiops"
"Running Make libs in ps7_cortexa9_1/libsrc/gpio_v4_4/src"
make -C ps7_cortexa9_1/libsrc/gpio_v4_4/src -s libs  "SHELL=CMD" "COMPILER=arm-none-eabi-gcc" "ARCHIVER=arm-none-eabi-ar" "COMPILER_FLAGS=  -O2 -c" "EXTRA_COMPILER_FLAGS=-DUSE_AMP=1 -mcpu=cortex-a9 -mfpu=vfpv3 -mfloat-abi=hard -nostartfiles -g -Wall -Wextra"
"Compiling gpio"
"Running Make libs in ps7_cortexa9_1/libsrc/incremental_encoder_interface_v1_00_a/src"
make -C ps7_cortexa9_1/libsrc/incremental_encoder_interface_v1_00_a/src -s libs  "SHELL=CMD" "COMPILER=arm-none-eabi-gcc" "ARCHIVER=arm-none-eabi-ar" "COMPILER_FLAGS=  -O2 -c" "EXTRA_COMPILER_FLAGS=-DUSE_AMP=1 -mcpu=cortex-a9 -mfpu=vfpv3 -mfloat-abi=hard -nostartfiles -g -Wall -Wextra"
"Running Make libs in ps7_cortexa9_1/libsrc/pulse_width_modulator_v1_00_a/src"
make -C ps7_cortexa9_1/libsrc/pulse_width_modulator_v1_00_a/src -s libs  "SHELL=CMD" "COMPILER=arm-none-eabi-gcc" "ARCHIVER=arm-none-eabi-ar" "COMPILER_FLAGS=  -O2 -c" "EXTRA_COMPILER_FLAGS=-DUSE_AMP=1 -mcpu=cortex-a9 -mfpu=vfpv3 -mfloat-abi=hard -nostartfiles -g -Wall -Wextra"
"Running Make libs in ps7_cortexa9_1/libsrc/qspips_v3_6/src"
make -C ps7_cortexa9_1/libsrc/qspips_v3_6/src -s libs  "SHELL=CMD" "COMPILER=arm-none-eabi-gcc" "ARCHIVER=arm-none-eabi-ar" "COMPILER_FLAGS=  -O2 -c" "EXTRA_COMPILER_FLAGS=-DUSE_AMP=1 -mcpu=cortex-a9 -mfpu=vfpv3 -mfloat-abi=hard -nostartfiles -g -Wall -Wextra"
"Compiling qspips"
"Running Make libs in ps7_cortexa9_1/libsrc/register_array_v1_00_a/src"
make -C ps7_cortexa9_1/libsrc/register_array_v1_00_a/src -s libs  "SHELL=CMD" "COMPILER=arm-none-eabi-gcc" "ARCHIVER=arm-none-eabi-ar" "COMPILER_FLAGS=  -O2 -c" "EXTRA_COMPILER_FLAGS=-DUSE_AMP=1 -mcpu=cortex-a9 -mfpu=vfpv3 -mfloat-abi=hard -nostartfiles -g -Wall -Wextra"
"Running Make libs in ps7_cortexa9_1/libsrc/scugic_v4_0/src"
make -C ps7_cortexa9_1/libsrc/scugic_v4_0/src -s libs  "SHELL=CMD" "COMPILER=arm-none-eabi-gcc" "ARCHIVER=arm-none-eabi-ar" "COMPILER_FLAGS=  -O2 -c" "EXTRA_COMPILER_FLAGS=-DUSE_AMP=1 -mcpu=cortex-a9 -mfpu=vfpv3 -mfloat-abi=hard -nostartfiles -g -Wall -Wextra"
"Compiling scugic"
xscugic_hw.c: In function 'DistInit':
xscugic_hw.c:132:3: warning: #warning "Building GIC for AMP" [-Wcpp]
  #warning "Building GIC for AMP"
   ^~~~~~~
xscugic.c: In function 'DistributorInit':
xscugic.c:310:2: warning: #warning "Building GIC for AMP" [-Wcpp]
 #warning "Building GIC for AMP"
  ^~~~~~~
"Running Make libs in ps7_cortexa9_1/libsrc/scutimer_v2_1/src"
make -C ps7_cortexa9_1/libsrc/scutimer_v2_1/src -s libs  "SHELL=CMD" "COMPILER=arm-none-eabi-gcc" "ARCHIVER=arm-none-eabi-ar" "COMPILER_FLAGS=  -O2 -c" "EXTRA_COMPILER_FLAGS=-DUSE_AMP=1 -mcpu=cortex-a9 -mfpu=vfpv3 -mfloat-abi=hard -nostartfiles -g -Wall -Wextra"
"Compiling scutimer"
"Running Make libs in ps7_cortexa9_1/libsrc/scuwdt_v2_1/src"
make -C ps7_cortexa9_1/libsrc/scuwdt_v2_1/src -s libs  "SHELL=CMD" "COMPILER=arm-none-eabi-gcc" "ARCHIVER=arm-none-eabi-ar" "COMPILER_FLAGS=  -O2 -c" "EXTRA_COMPILER_FLAGS=-DUSE_AMP=1 -mcpu=cortex-a9 -mfpu=vfpv3 -mfloat-abi=hard -nostartfiles -g -Wall -Wextra"
"Compiling scuwdt"
"Running Make libs in ps7_cortexa9_1/libsrc/sdps_v3_7/src"
make -C ps7_cortexa9_1/libsrc/sdps_v3_7/src -s libs  "SHELL=CMD" "COMPILER=arm-none-eabi-gcc" "ARCHIVER=arm-none-eabi-ar" "COMPILER_FLAGS=  -O2 -c" "EXTRA_COMPILER_FLAGS=-DUSE_AMP=1 -mcpu=cortex-a9 -mfpu=vfpv3 -mfloat-abi=hard -nostartfiles -g -Wall -Wextra"
"Compiling sdps"
"Running Make libs in ps7_cortexa9_1/libsrc/spips_v3_2/src"
make -C ps7_cortexa9_1/libsrc/spips_v3_2/src -s libs  "SHELL=CMD" "COMPILER=arm-none-eabi-gcc" "ARCHIVER=arm-none-eabi-ar" "COMPILER_FLAGS=  -O2 -c" "EXTRA_COMPILER_FLAGS=-DUSE_AMP=1 -mcpu=cortex-a9 -mfpu=vfpv3 -mfloat-abi=hard -nostartfiles -g -Wall -Wextra"
"Compiling spips"
"Running Make libs in ps7_cortexa9_1/libsrc/standalone_v7_0/src"
make -C ps7_cortexa9_1/libsrc/standalone_v7_0/src -s libs  "SHELL=CMD" "COMPILER=arm-none-eabi-gcc" "ARCHIVER=arm-none-eabi-ar" "COMPILER_FLAGS=  -O2 -c" "EXTRA_COMPILER_FLAGS=-DUSE_AMP=1 -mcpu=cortex-a9 -mfpu=vfpv3 -mfloat-abi=hard -nostartfiles -g -Wall -Wextra"
"Compiling standalone"
In file included from usleep.c:56:
xtime_l.h:87:9: note: #pragma message: For the sleep routines, Global timer is being used
 #pragma message ("For the sleep routines, Global timer is being used")
         ^~~~~~~
In file included from sleep.c:53:
xtime_l.h:87:9: note: #pragma message: For the sleep routines, Global timer is being used
 #pragma message ("For the sleep routines, Global timer is being used")
         ^~~~~~~
inbyte.c: In function 'inbyte':
inbyte.c:11:1: warning: control reaches end of non-void function [-Wreturn-type]
 }
 ^
In file included from xil_sleeptimer.c:51:
xtime_l.h:87:9: note: #pragma message: For the sleep routines, Global timer is being used
 #pragma message ("For the sleep routines, Global timer is being used")
         ^~~~~~~
xil_cache.c: In function 'Xil_DCacheInvalidateRange':
xil_cache.c:336:16: warning: unused variable 'L2CCOffset' [-Wunused-variable]
  volatile u32 *L2CCOffset = (volatile u32 *)(XPS_L2CC_BASEADDR +
                ^~~~~~~~~~
xil_cache.c: In function 'Xil_DCacheFlushRange':
xil_cache.c:481:16: warning: unused variable 'L2CCOffset' [-Wunused-variable]
  volatile u32 *L2CCOffset = (volatile u32 *)(XPS_L2CC_BASEADDR +
                ^~~~~~~~~~
xil_cache.c: In function 'Xil_ICacheInvalidateRange':
xil_cache.c:654:16: warning: unused variable 'L2CCOffset' [-Wunused-variable]
  volatile u32 *L2CCOffset = (volatile u32 *)(XPS_L2CC_BASEADDR +
                ^~~~~~~~~~
outbyte.c: In function 'outbyte':
outbyte.c:11:19: warning: unused parameter 'c' [-Wunused-parameter]
 void outbyte(char c) {
              ~~~~~^
In file included from xtime_l.c:49:
xtime_l.h:87:9: note: #pragma message: For the sleep routines, Global timer is being used
 #pragma message ("For the sleep routines, Global timer is being used")
         ^~~~~~~
"Running Make libs in ps7_cortexa9_1/libsrc/switching_event_counter_v1_00_a/src"
make -C ps7_cortexa9_1/libsrc/switching_event_counter_v1_00_a/src -s libs  "SHELL=CMD" "COMPILER=arm-none-eabi-gcc" "ARCHIVER=arm-none-eabi-ar" "COMPILER_FLAGS=  -O2 -c" "EXTRA_COMPILER_FLAGS=-DUSE_AMP=1 -mcpu=cortex-a9 -mfpu=vfpv3 -mfloat-abi=hard -nostartfiles -g -Wall -Wextra"
"Running Make libs in ps7_cortexa9_1/libsrc/sysmon_v7_5/src"
make -C ps7_cortexa9_1/libsrc/sysmon_v7_5/src -s libs  "SHELL=CMD" "COMPILER=arm-none-eabi-gcc" "ARCHIVER=arm-none-eabi-ar" "COMPILER_FLAGS=  -O2 -c" "EXTRA_COMPILER_FLAGS=-DUSE_AMP=1 -mcpu=cortex-a9 -mfpu=vfpv3 -mfloat-abi=hard -nostartfiles -g -Wall -Wextra"
"Compiling sysmon"
"Running Make libs in ps7_cortexa9_1/libsrc/tmrctr_v4_5/src"
make -C ps7_cortexa9_1/libsrc/tmrctr_v4_5/src -s libs  "SHELL=CMD" "COMPILER=arm-none-eabi-gcc" "ARCHIVER=arm-none-eabi-ar" "COMPILER_FLAGS=  -O2 -c" "EXTRA_COMPILER_FLAGS=-DUSE_AMP=1 -mcpu=cortex-a9 -mfpu=vfpv3 -mfloat-abi=hard -nostartfiles -g -Wall -Wextra"
"Compiling tmrctr"
"Running Make libs in ps7_cortexa9_1/libsrc/ttcps_v3_9/src"
make -C ps7_cortexa9_1/libsrc/ttcps_v3_9/src -s libs  "SHELL=CMD" "COMPILER=arm-none-eabi-gcc" "ARCHIVER=arm-none-eabi-ar" "COMPILER_FLAGS=  -O2 -c" "EXTRA_COMPILER_FLAGS=-DUSE_AMP=1 -mcpu=cortex-a9 -mfpu=vfpv3 -mfloat-abi=hard -nostartfiles -g -Wall -Wextra"
"Compiling ttcps"
"Running Make libs in ps7_cortexa9_1/libsrc/uartps_v3_7/src"
make -C ps7_cortexa9_1/libsrc/uartps_v3_7/src -s libs  "SHELL=CMD" "COMPILER=arm-none-eabi-gcc" "ARCHIVER=arm-none-eabi-ar" "COMPILER_FLAGS=  -O2 -c" "EXTRA_COMPILER_FLAGS=-DUSE_AMP=1 -mcpu=cortex-a9 -mfpu=vfpv3 -mfloat-abi=hard -nostartfiles -g -Wall -Wextra"
"Compiling uartps"
"Running Make libs in ps7_cortexa9_1/libsrc/usbps_v2_4/src"
make -C ps7_cortexa9_1/libsrc/usbps_v2_4/src -s libs  "SHELL=CMD" "COMPILER=arm-none-eabi-gcc" "ARCHIVER=arm-none-eabi-ar" "COMPILER_FLAGS=  -O2 -c" "EXTRA_COMPILER_FLAGS=-DUSE_AMP=1 -mcpu=cortex-a9 -mfpu=vfpv3 -mfloat-abi=hard -nostartfiles -g -Wall -Wextra"
"Compiling usbps"
"Running Make libs in ps7_cortexa9_1/libsrc/xadcps_v2_3/src"
make -C ps7_cortexa9_1/libsrc/xadcps_v2_3/src -s libs  "SHELL=CMD" "COMPILER=arm-none-eabi-gcc" "ARCHIVER=arm-none-eabi-ar" "COMPILER_FLAGS=  -O2 -c" "EXTRA_COMPILER_FLAGS=-DUSE_AMP=1 -mcpu=cortex-a9 -mfpu=vfpv3 -mfloat-abi=hard -nostartfiles -g -Wall -Wextra"
"Compiling xadcps"
'Finished building libraries'
17:03:39 **** Clean-only build of configuration Debug for project IM_Drive ****
make clean 
rm -rf  ./src/ADC.o ./src/Application_6ph_IM.o ./src/CommInterface.o ./src/Converter_2L_3ph.o ./src/DAC.o ./src/DriveRoutineFast_6ph_IM.o ./src/Drive_6ph_IM.o ./src/Exception.o ./src/FW_Tripping.o ./src/Filter.o ./src/FirmWare_2L_3ph.o ./src/GateDriver.o ./src/HMI.o ./src/HysteresisAmpRegulator.o ./src/Initialize_SW.o ./src/Measurements.o ./src/PWM_2L_3ph.o ./src/Relay.o ./src/SetBit.o ./src/main.o  ./src/ADC.d ./src/Application_6ph_IM.d ./src/CommInterface.d ./src/Converter_2L_3ph.d ./src/DAC.d ./src/DriveRoutineFast_6ph_IM.d ./src/Drive_6ph_IM.d ./src/Exception.d ./src/FW_Tripping.d ./src/Filter.d ./src/FirmWare_2L_3ph.d ./src/GateDriver.d ./src/HMI.d ./src/HysteresisAmpRegulator.d ./src/Initialize_SW.d ./src/Measurements.d ./src/PWM_2L_3ph.d ./src/Relay.d ./src/SetBit.d ./src/main.d  IM_Drive.elf.size IM_Drive.elf.size  IM_Drive.elf
' '
17:03:40 **** Build of configuration Debug for project IM_Drive ****
make pre-build main-build 
a9-linaro-pre-build-step
' '
'Building file: C:/Programming/PESC_CPP_LIB/Firmware_general/src/ADC.cpp'
'Invoking: ARM v7 g++ compiler'
arm-none-eabi-g++ -D"C:\Programming\PESC_CPP_LIB\Modulators\include" -DFULL -DARM_A9 -DHAS_BASIC_FAULT_LOG_IF_CAPABILITY -DHAS_RUN_INHIBIT_SUPPORT -DHAS_STRNLEN -DHAS_DIGSCOPE_CAPABILITY -Wall -O3 -gdwarf-2 -g -gdwarf-4 -I../../L2_Ph3_L2_Ph3_bsp/ps7_cortexa9_1/include -I"C:\Programming\PESC_CPP_LIB\L2_Ph3_L2_Ph3\include" -I"C:\Programming\TSW_SW\src" -I"C:\Programming\PESC_CPP_LIB\System" -I"C:\Programming\PESC_CPP_LIB" -I"C:\Programming\PESC_CPP_LIB\Modulators" -I"C:\Programming\PESC_CPP_LIB\picoZed_basis_io" -I"C:\Programming\TSW_SW\include" -I"C:\Programming\PESC_CPP_LIB\Firmware_general" -I"C:\Programming\PESC_CPP_LIB\Modulators\include" -I"C:\Programming\PESC_CPP_LIB\Modulators\src" -I"C:\Programming\PESC_CPP_LIB\Firmware_general\src" -I"C:\Programming\PESC_CPP_LIB\Firmware_general\include" -I"C:\Programming\PESC_SDK_CTRL\IM_Drive\src" -I"C:\Programming\PESC_CPP_LIB\System\include" -c -fmessage-length=0 -MT"src/ADC.o" -mcpu=cortex-a9 -mfpu=vfpv3 -mfloat-abi=hard -MMD -MP -MF"src/ADC.d" -MT"src/ADC.o" -o "src/ADC.o" "C:/Programming/PESC_CPP_LIB/Firmware_general/src/ADC.cpp"
<command-line>: warning: ISO C++11 requires whitespace after the macro name
'Finished building: C:/Programming/PESC_CPP_LIB/Firmware_general/src/ADC.cpp'
' '
'Building file: ../src/Application_6ph_IM.cpp'
'Invoking: ARM v7 g++ compiler'
arm-none-eabi-g++ -D"C:\Programming\PESC_CPP_LIB\Modulators\include" -DFULL -DARM_A9 -DHAS_BASIC_FAULT_LOG_IF_CAPABILITY -DHAS_RUN_INHIBIT_SUPPORT -DHAS_STRNLEN -DHAS_DIGSCOPE_CAPABILITY -Wall -O3 -gdwarf-2 -g -gdwarf-4 -I../../L2_Ph3_L2_Ph3_bsp/ps7_cortexa9_1/include -I"C:\Programming\PESC_CPP_LIB\L2_Ph3_L2_Ph3\include" -I"C:\Programming\TSW_SW\src" -I"C:\Programming\PESC_CPP_LIB\System" -I"C:\Programming\PESC_CPP_LIB" -I"C:\Programming\PESC_CPP_LIB\Modulators" -I"C:\Programming\PESC_CPP_LIB\picoZed_basis_io" -I"C:\Programming\TSW_SW\include" -I"C:\Programming\PESC_CPP_LIB\Firmware_general" -I"C:\Programming\PESC_CPP_LIB\Modulators\include" -I"C:\Programming\PESC_CPP_LIB\Modulators\src" -I"C:\Programming\PESC_CPP_LIB\Firmware_general\src" -I"C:\Programming\PESC_CPP_LIB\Firmware_general\include" -I"C:\Programming\PESC_SDK_CTRL\IM_Drive\src" -I"C:\Programming\PESC_CPP_LIB\System\include" -c -fmessage-length=0 -MT"src/Application_6ph_IM.o" -mcpu=cortex-a9 -mfpu=vfpv3 -mfloat-abi=hard -MMD -MP -MF"src/Application_6ph_IM.d" -MT"src/Application_6ph_IM.o" -o "src/Application_6ph_IM.o" "../src/Application_6ph_IM.cpp"
<command-line>: warning: ISO C++11 requires whitespace after the macro name
In file included from ../src/Converter_2L_3ph.hpp:79,
                 from ../src/Drive_6ph_IM.hpp:82,
                 from ../src/Application_6ph_IM.hpp:86,
                 from ../src/Application_6ph_IM.cpp:9:
C:\Programming\PESC_CPP_LIB\L2_Ph3_L2_Ph3\include/Measurements.hpp:276: warning: "NO_OF_CHANNELS_CNT" redefined
 #define NO_OF_CHANNELS_CNT 8 // max 8 physical ADC channels
 
In file included from ../src/Converter_2L_3ph.hpp:75,
                 from ../src/Drive_6ph_IM.hpp:82,
                 from ../src/Application_6ph_IM.hpp:86,
                 from ../src/Application_6ph_IM.cpp:9:
C:\Programming\PESC_CPP_LIB\L2_Ph3_L2_Ph3\include/GateDriver.hpp:495: note: this is the location of the previous definition
 #define NO_OF_CHANNELS_CNT XPAR_CONVERTER_1_SWITCHING_EVENT_COUNTER_NUMBER_OF_CHANNELS
 
'Finished building: ../src/Application_6ph_IM.cpp'
' '
'Building file: C:/Programming/TSW_SW/src/CommInterface.cpp'
'Invoking: ARM v7 g++ compiler'
arm-none-eabi-g++ -D"C:\Programming\PESC_CPP_LIB\Modulators\include" -DFULL -DARM_A9 -DHAS_BASIC_FAULT_LOG_IF_CAPABILITY -DHAS_RUN_INHIBIT_SUPPORT -DHAS_STRNLEN -DHAS_DIGSCOPE_CAPABILITY -Wall -O3 -gdwarf-2 -g -gdwarf-4 -I../../L2_Ph3_L2_Ph3_bsp/ps7_cortexa9_1/include -I"C:\Programming\PESC_CPP_LIB\L2_Ph3_L2_Ph3\include" -I"C:\Programming\TSW_SW\src" -I"C:\Programming\PESC_CPP_LIB\System" -I"C:\Programming\PESC_CPP_LIB" -I"C:\Programming\PESC_CPP_LIB\Modulators" -I"C:\Programming\PESC_CPP_LIB\picoZed_basis_io" -I"C:\Programming\TSW_SW\include" -I"C:\Programming\PESC_CPP_LIB\Firmware_general" -I"C:\Programming\PESC_CPP_LIB\Modulators\include" -I"C:\Programming\PESC_CPP_LIB\Modulators\src" -I"C:\Programming\PESC_CPP_LIB\Firmware_general\src" -I"C:\Programming\PESC_CPP_LIB\Firmware_general\include" -I"C:\Programming\PESC_SDK_CTRL\IM_Drive\src" -I"C:\Programming\PESC_CPP_LIB\System\include" -c -fmessage-length=0 -MT"src/CommInterface.o" -mcpu=cortex-a9 -mfpu=vfpv3 -mfloat-abi=hard -MMD -MP -MF"src/CommInterface.d" -MT"src/CommInterface.o" -o "src/CommInterface.o" "C:/Programming/TSW_SW/src/CommInterface.cpp"
<command-line>: warning: ISO C++11 requires whitespace after the macro name
'Finished building: C:/Programming/TSW_SW/src/CommInterface.cpp'
' '
'Building file: ../src/Converter_2L_3ph.cpp'
'Invoking: ARM v7 g++ compiler'
arm-none-eabi-g++ -D"C:\Programming\PESC_CPP_LIB\Modulators\include" -DFULL -DARM_A9 -DHAS_BASIC_FAULT_LOG_IF_CAPABILITY -DHAS_RUN_INHIBIT_SUPPORT -DHAS_STRNLEN -DHAS_DIGSCOPE_CAPABILITY -Wall -O3 -gdwarf-2 -g -gdwarf-4 -I../../L2_Ph3_L2_Ph3_bsp/ps7_cortexa9_1/include -I"C:\Programming\PESC_CPP_LIB\L2_Ph3_L2_Ph3\include" -I"C:\Programming\TSW_SW\src" -I"C:\Programming\PESC_CPP_LIB\System" -I"C:\Programming\PESC_CPP_LIB" -I"C:\Programming\PESC_CPP_LIB\Modulators" -I"C:\Programming\PESC_CPP_LIB\picoZed_basis_io" -I"C:\Programming\TSW_SW\include" -I"C:\Programming\PESC_CPP_LIB\Firmware_general" -I"C:\Programming\PESC_CPP_LIB\Modulators\include" -I"C:\Programming\PESC_CPP_LIB\Modulators\src" -I"C:\Programming\PESC_CPP_LIB\Firmware_general\src" -I"C:\Programming\PESC_CPP_LIB\Firmware_general\include" -I"C:\Programming\PESC_SDK_CTRL\IM_Drive\src" -I"C:\Programming\PESC_CPP_LIB\System\include" -c -fmessage-length=0 -MT"src/Converter_2L_3ph.o" -mcpu=cortex-a9 -mfpu=vfpv3 -mfloat-abi=hard -MMD -MP -MF"src/Converter_2L_3ph.d" -MT"src/Converter_2L_3ph.o" -o "src/Converter_2L_3ph.o" "../src/Converter_2L_3ph.cpp"
<command-line>: warning: ISO C++11 requires whitespace after the macro name
In file included from ../src/Converter_2L_3ph.hpp:79,
                 from ../src/Converter_2L_3ph.cpp:9:
C:\Programming\PESC_CPP_LIB\L2_Ph3_L2_Ph3\include/Measurements.hpp:276: warning: "NO_OF_CHANNELS_CNT" redefined
 #define NO_OF_CHANNELS_CNT 8 // max 8 physical ADC channels
 
In file included from ../src/Converter_2L_3ph.hpp:75,
                 from ../src/Converter_2L_3ph.cpp:9:
C:\Programming\PESC_CPP_LIB\L2_Ph3_L2_Ph3\include/GateDriver.hpp:495: note: this is the location of the previous definition
 #define NO_OF_CHANNELS_CNT XPAR_CONVERTER_1_SWITCHING_EVENT_COUNTER_NUMBER_OF_CHANNELS
 
../src/Converter_2L_3ph.cpp: In member function 'const uint16_t Converter::getStatus()':
../src/Converter_2L_3ph.cpp:106:24: warning: suggest parentheses around assignment used as truth value [-Wparentheses]
    if (m_uFaultWord.all=0){
        ~~~~~~~~~~~~~~~~^~
'Finished building: ../src/Converter_2L_3ph.cpp'
' '
'Building file: C:/Programming/PESC_CPP_LIB/Firmware_general/src/DAC.cpp'
'Invoking: ARM v7 g++ compiler'
arm-none-eabi-g++ -D"C:\Programming\PESC_CPP_LIB\Modulators\include" -DFULL -DARM_A9 -DHAS_BASIC_FAULT_LOG_IF_CAPABILITY -DHAS_RUN_INHIBIT_SUPPORT -DHAS_STRNLEN -DHAS_DIGSCOPE_CAPABILITY -Wall -O3 -gdwarf-2 -g -gdwarf-4 -I../../L2_Ph3_L2_Ph3_bsp/ps7_cortexa9_1/include -I"C:\Programming\PESC_CPP_LIB\L2_Ph3_L2_Ph3\include" -I"C:\Programming\TSW_SW\src" -I"C:\Programming\PESC_CPP_LIB\System" -I"C:\Programming\PESC_CPP_LIB" -I"C:\Programming\PESC_CPP_LIB\Modulators" -I"C:\Programming\PESC_CPP_LIB\picoZed_basis_io" -I"C:\Programming\TSW_SW\include" -I"C:\Programming\PESC_CPP_LIB\Firmware_general" -I"C:\Programming\PESC_CPP_LIB\Modulators\include" -I"C:\Programming\PESC_CPP_LIB\Modulators\src" -I"C:\Programming\PESC_CPP_LIB\Firmware_general\src" -I"C:\Programming\PESC_CPP_LIB\Firmware_general\include" -I"C:\Programming\PESC_SDK_CTRL\IM_Drive\src" -I"C:\Programming\PESC_CPP_LIB\System\include" -c -fmessage-length=0 -MT"src/DAC.o" -mcpu=cortex-a9 -mfpu=vfpv3 -mfloat-abi=hard -MMD -MP -MF"src/DAC.d" -MT"src/DAC.o" -o "src/DAC.o" "C:/Programming/PESC_CPP_LIB/Firmware_general/src/DAC.cpp"
<command-line>: warning: ISO C++11 requires whitespace after the macro name
'Finished building: C:/Programming/PESC_CPP_LIB/Firmware_general/src/DAC.cpp'
' '
'Building file: ../src/DriveRoutineFast_6ph_IM.cpp'
'Invoking: ARM v7 g++ compiler'
arm-none-eabi-g++ -D"C:\Programming\PESC_CPP_LIB\Modulators\include" -DFULL -DARM_A9 -DHAS_BASIC_FAULT_LOG_IF_CAPABILITY -DHAS_RUN_INHIBIT_SUPPORT -DHAS_STRNLEN -DHAS_DIGSCOPE_CAPABILITY -Wall -O3 -gdwarf-2 -g -gdwarf-4 -I../../L2_Ph3_L2_Ph3_bsp/ps7_cortexa9_1/include -I"C:\Programming\PESC_CPP_LIB\L2_Ph3_L2_Ph3\include" -I"C:\Programming\TSW_SW\src" -I"C:\Programming\PESC_CPP_LIB\System" -I"C:\Programming\PESC_CPP_LIB" -I"C:\Programming\PESC_CPP_LIB\Modulators" -I"C:\Programming\PESC_CPP_LIB\picoZed_basis_io" -I"C:\Programming\TSW_SW\include" -I"C:\Programming\PESC_CPP_LIB\Firmware_general" -I"C:\Programming\PESC_CPP_LIB\Modulators\include" -I"C:\Programming\PESC_CPP_LIB\Modulators\src" -I"C:\Programming\PESC_CPP_LIB\Firmware_general\src" -I"C:\Programming\PESC_CPP_LIB\Firmware_general\include" -I"C:\Programming\PESC_SDK_CTRL\IM_Drive\src" -I"C:\Programming\PESC_CPP_LIB\System\include" -c -fmessage-length=0 -MT"src/DriveRoutineFast_6ph_IM.o" -mcpu=cortex-a9 -mfpu=vfpv3 -mfloat-abi=hard -MMD -MP -MF"src/DriveRoutineFast_6ph_IM.d" -MT"src/DriveRoutineFast_6ph_IM.o" -o "src/DriveRoutineFast_6ph_IM.o" "../src/DriveRoutineFast_6ph_IM.cpp"
<command-line>: warning: ISO C++11 requires whitespace after the macro name
In file included from C:\Programming\PESC_SDK_CTRL\IM_Drive\src/Converter_2L_3ph.hpp:79,
                 from C:\Programming\PESC_CPP_LIB\L2_Ph3_L2_Ph3\include/FirmWare_2L_3ph.hpp:71,
                 from ../src/DriveRoutineFast_6ph_IM.hpp:75,
                 from ../src/DriveRoutineFast_6ph_IM.cpp:11:
C:\Programming\PESC_CPP_LIB\L2_Ph3_L2_Ph3\include/Measurements.hpp:276: warning: "NO_OF_CHANNELS_CNT" redefined
 #define NO_OF_CHANNELS_CNT 8 // max 8 physical ADC channels
 
In file included from C:\Programming\PESC_SDK_CTRL\IM_Drive\src/Converter_2L_3ph.hpp:75,
                 from C:\Programming\PESC_CPP_LIB\L2_Ph3_L2_Ph3\include/FirmWare_2L_3ph.hpp:71,
                 from ../src/DriveRoutineFast_6ph_IM.hpp:75,
                 from ../src/DriveRoutineFast_6ph_IM.cpp:11:
C:\Programming\PESC_CPP_LIB\L2_Ph3_L2_Ph3\include/GateDriver.hpp:495: note: this is the location of the previous definition
 #define NO_OF_CHANNELS_CNT XPAR_CONVERTER_1_SWITCHING_EVENT_COUNTER_NUMBER_OF_CHANNELS
 
'Finished building: ../src/DriveRoutineFast_6ph_IM.cpp'
' '
'Building file: ../src/Drive_6ph_IM.cpp'
'Invoking: ARM v7 g++ compiler'
arm-none-eabi-g++ -D"C:\Programming\PESC_CPP_LIB\Modulators\include" -DFULL -DARM_A9 -DHAS_BASIC_FAULT_LOG_IF_CAPABILITY -DHAS_RUN_INHIBIT_SUPPORT -DHAS_STRNLEN -DHAS_DIGSCOPE_CAPABILITY -Wall -O3 -gdwarf-2 -g -gdwarf-4 -I../../L2_Ph3_L2_Ph3_bsp/ps7_cortexa9_1/include -I"C:\Programming\PESC_CPP_LIB\L2_Ph3_L2_Ph3\include" -I"C:\Programming\TSW_SW\src" -I"C:\Programming\PESC_CPP_LIB\System" -I"C:\Programming\PESC_CPP_LIB" -I"C:\Programming\PESC_CPP_LIB\Modulators" -I"C:\Programming\PESC_CPP_LIB\picoZed_basis_io" -I"C:\Programming\TSW_SW\include" -I"C:\Programming\PESC_CPP_LIB\Firmware_general" -I"C:\Programming\PESC_CPP_LIB\Modulators\include" -I"C:\Programming\PESC_CPP_LIB\Modulators\src" -I"C:\Programming\PESC_CPP_LIB\Firmware_general\src" -I"C:\Programming\PESC_CPP_LIB\Firmware_general\include" -I"C:\Programming\PESC_SDK_CTRL\IM_Drive\src" -I"C:\Programming\PESC_CPP_LIB\System\include" -c -fmessage-length=0 -MT"src/Drive_6ph_IM.o" -mcpu=cortex-a9 -mfpu=vfpv3 -mfloat-abi=hard -MMD -MP -MF"src/Drive_6ph_IM.d" -MT"src/Drive_6ph_IM.o" -o "src/Drive_6ph_IM.o" "../src/Drive_6ph_IM.cpp"
<command-line>: warning: ISO C++11 requires whitespace after the macro name
In file included from ../src/Converter_2L_3ph.hpp:79,
                 from ../src/Drive_6ph_IM.hpp:82,
                 from ../src/Drive_6ph_IM.cpp:10:
C:\Programming\PESC_CPP_LIB\L2_Ph3_L2_Ph3\include/Measurements.hpp:276: warning: "NO_OF_CHANNELS_CNT" redefined
 #define NO_OF_CHANNELS_CNT 8 // max 8 physical ADC channels
 
In file included from ../src/Converter_2L_3ph.hpp:75,
                 from ../src/Drive_6ph_IM.hpp:82,
                 from ../src/Drive_6ph_IM.cpp:10:
C:\Programming\PESC_CPP_LIB\L2_Ph3_L2_Ph3\include/GateDriver.hpp:495: note: this is the location of the previous definition
 #define NO_OF_CHANNELS_CNT XPAR_CONVERTER_1_SWITCHING_EVENT_COUNTER_NUMBER_OF_CHANNELS
 
'Finished building: ../src/Drive_6ph_IM.cpp'
' '
'Building file: C:/Programming/TSW_SW/src/Exception.cpp'
'Invoking: ARM v7 g++ compiler'
arm-none-eabi-g++ -D"C:\Programming\PESC_CPP_LIB\Modulators\include" -DFULL -DARM_A9 -DHAS_BASIC_FAULT_LOG_IF_CAPABILITY -DHAS_RUN_INHIBIT_SUPPORT -DHAS_STRNLEN -DHAS_DIGSCOPE_CAPABILITY -Wall -O3 -gdwarf-2 -g -gdwarf-4 -I../../L2_Ph3_L2_Ph3_bsp/ps7_cortexa9_1/include -I"C:\Programming\PESC_CPP_LIB\L2_Ph3_L2_Ph3\include" -I"C:\Programming\TSW_SW\src" -I"C:\Programming\PESC_CPP_LIB\System" -I"C:\Programming\PESC_CPP_LIB" -I"C:\Programming\PESC_CPP_LIB\Modulators" -I"C:\Programming\PESC_CPP_LIB\picoZed_basis_io" -I"C:\Programming\TSW_SW\include" -I"C:\Programming\PESC_CPP_LIB\Firmware_general" -I"C:\Programming\PESC_CPP_LIB\Modulators\include" -I"C:\Programming\PESC_CPP_LIB\Modulators\src" -I"C:\Programming\PESC_CPP_LIB\Firmware_general\src" -I"C:\Programming\PESC_CPP_LIB\Firmware_general\include" -I"C:\Programming\PESC_SDK_CTRL\IM_Drive\src" -I"C:\Programming\PESC_CPP_LIB\System\include" -c -fmessage-length=0 -MT"src/Exception.o" -mcpu=cortex-a9 -mfpu=vfpv3 -mfloat-abi=hard -MMD -MP -MF"src/Exception.d" -MT"src/Exception.o" -o "src/Exception.o" "C:/Programming/TSW_SW/src/Exception.cpp"
<command-line>: warning: ISO C++11 requires whitespace after the macro name
'Finished building: C:/Programming/TSW_SW/src/Exception.cpp'
' '
'Building file: C:/Programming/PESC_CPP_LIB/L2_Ph3_L2_Ph3/src/FW_Tripping.cpp'
'Invoking: ARM v7 g++ compiler'
arm-none-eabi-g++ -D"C:\Programming\PESC_CPP_LIB\Modulators\include" -DFULL -DARM_A9 -DHAS_BASIC_FAULT_LOG_IF_CAPABILITY -DHAS_RUN_INHIBIT_SUPPORT -DHAS_STRNLEN -DHAS_DIGSCOPE_CAPABILITY -Wall -O3 -gdwarf-2 -g -gdwarf-4 -I../../L2_Ph3_L2_Ph3_bsp/ps7_cortexa9_1/include -I"C:\Programming\PESC_CPP_LIB\L2_Ph3_L2_Ph3\include" -I"C:\Programming\TSW_SW\src" -I"C:\Programming\PESC_CPP_LIB\System" -I"C:\Programming\PESC_CPP_LIB" -I"C:\Programming\PESC_CPP_LIB\Modulators" -I"C:\Programming\PESC_CPP_LIB\picoZed_basis_io" -I"C:\Programming\TSW_SW\include" -I"C:\Programming\PESC_CPP_LIB\Firmware_general" -I"C:\Programming\PESC_CPP_LIB\Modulators\include" -I"C:\Programming\PESC_CPP_LIB\Modulators\src" -I"C:\Programming\PESC_CPP_LIB\Firmware_general\src" -I"C:\Programming\PESC_CPP_LIB\Firmware_general\include" -I"C:\Programming\PESC_SDK_CTRL\IM_Drive\src" -I"C:\Programming\PESC_CPP_LIB\System\include" -c -fmessage-length=0 -MT"src/FW_Tripping.o" -mcpu=cortex-a9 -mfpu=vfpv3 -mfloat-abi=hard -MMD -MP -MF"src/FW_Tripping.d" -MT"src/FW_Tripping.o" -o "src/FW_Tripping.o" "C:/Programming/PESC_CPP_LIB/L2_Ph3_L2_Ph3/src/FW_Tripping.cpp"
<command-line>: warning: ISO C++11 requires whitespace after the macro name
'Finished building: C:/Programming/PESC_CPP_LIB/L2_Ph3_L2_Ph3/src/FW_Tripping.cpp'
' '
'Building file: C:/Programming/PESC_CPP_LIB/L2_Ph3_L2_Ph3/src/Filter.cpp'
'Invoking: ARM v7 g++ compiler'
arm-none-eabi-g++ -D"C:\Programming\PESC_CPP_LIB\Modulators\include" -DFULL -DARM_A9 -DHAS_BASIC_FAULT_LOG_IF_CAPABILITY -DHAS_RUN_INHIBIT_SUPPORT -DHAS_STRNLEN -DHAS_DIGSCOPE_CAPABILITY -Wall -O3 -gdwarf-2 -g -gdwarf-4 -I../../L2_Ph3_L2_Ph3_bsp/ps7_cortexa9_1/include -I"C:\Programming\PESC_CPP_LIB\L2_Ph3_L2_Ph3\include" -I"C:\Programming\TSW_SW\src" -I"C:\Programming\PESC_CPP_LIB\System" -I"C:\Programming\PESC_CPP_LIB" -I"C:\Programming\PESC_CPP_LIB\Modulators" -I"C:\Programming\PESC_CPP_LIB\picoZed_basis_io" -I"C:\Programming\TSW_SW\include" -I"C:\Programming\PESC_CPP_LIB\Firmware_general" -I"C:\Programming\PESC_CPP_LIB\Modulators\include" -I"C:\Programming\PESC_CPP_LIB\Modulators\src" -I"C:\Programming\PESC_CPP_LIB\Firmware_general\src" -I"C:\Programming\PESC_CPP_LIB\Firmware_general\include" -I"C:\Programming\PESC_SDK_CTRL\IM_Drive\src" -I"C:\Programming\PESC_CPP_LIB\System\include" -c -fmessage-length=0 -MT"src/Filter.o" -mcpu=cortex-a9 -mfpu=vfpv3 -mfloat-abi=hard -MMD -MP -MF"src/Filter.d" -MT"src/Filter.o" -o "src/Filter.o" "C:/Programming/PESC_CPP_LIB/L2_Ph3_L2_Ph3/src/Filter.cpp"
<command-line>: warning: ISO C++11 requires whitespace after the macro name
'Finished building: C:/Programming/PESC_CPP_LIB/L2_Ph3_L2_Ph3/src/Filter.cpp'
' '
'Building file: C:/Programming/PESC_CPP_LIB/L2_Ph3_L2_Ph3/src/FirmWare_2L_3ph.cpp'
'Invoking: ARM v7 g++ compiler'
arm-none-eabi-g++ -D"C:\Programming\PESC_CPP_LIB\Modulators\include" -DFULL -DARM_A9 -DHAS_BASIC_FAULT_LOG_IF_CAPABILITY -DHAS_RUN_INHIBIT_SUPPORT -DHAS_STRNLEN -DHAS_DIGSCOPE_CAPABILITY -Wall -O3 -gdwarf-2 -g -gdwarf-4 -I../../L2_Ph3_L2_Ph3_bsp/ps7_cortexa9_1/include -I"C:\Programming\PESC_CPP_LIB\L2_Ph3_L2_Ph3\include" -I"C:\Programming\TSW_SW\src" -I"C:\Programming\PESC_CPP_LIB\System" -I"C:\Programming\PESC_CPP_LIB" -I"C:\Programming\PESC_CPP_LIB\Modulators" -I"C:\Programming\PESC_CPP_LIB\picoZed_basis_io" -I"C:\Programming\TSW_SW\include" -I"C:\Programming\PESC_CPP_LIB\Firmware_general" -I"C:\Programming\PESC_CPP_LIB\Modulators\include" -I"C:\Programming\PESC_CPP_LIB\Modulators\src" -I"C:\Programming\PESC_CPP_LIB\Firmware_general\src" -I"C:\Programming\PESC_CPP_LIB\Firmware_general\include" -I"C:\Programming\PESC_SDK_CTRL\IM_Drive\src" -I"C:\Programming\PESC_CPP_LIB\System\include" -c -fmessage-length=0 -MT"src/FirmWare_2L_3ph.o" -mcpu=cortex-a9 -mfpu=vfpv3 -mfloat-abi=hard -MMD -MP -MF"src/FirmWare_2L_3ph.d" -MT"src/FirmWare_2L_3ph.o" -o "src/FirmWare_2L_3ph.o" "C:/Programming/PESC_CPP_LIB/L2_Ph3_L2_Ph3/src/FirmWare_2L_3ph.cpp"
<command-line>: warning: ISO C++11 requires whitespace after the macro name
In file included from C:\Programming\PESC_SDK_CTRL\IM_Drive\src/Converter_2L_3ph.hpp:79,
                 from C:\Programming\PESC_CPP_LIB\L2_Ph3_L2_Ph3\include/FirmWare_2L_3ph.hpp:71,
                 from C:/Programming/PESC_CPP_LIB/L2_Ph3_L2_Ph3/src/FirmWare_2L_3ph.cpp:10:
C:\Programming\PESC_CPP_LIB\L2_Ph3_L2_Ph3\include/Measurements.hpp:276: warning: "NO_OF_CHANNELS_CNT" redefined
 #define NO_OF_CHANNELS_CNT 8 // max 8 physical ADC channels
 
In file included from C:\Programming\PESC_SDK_CTRL\IM_Drive\src/Converter_2L_3ph.hpp:75,
                 from C:\Programming\PESC_CPP_LIB\L2_Ph3_L2_Ph3\include/FirmWare_2L_3ph.hpp:71,
                 from C:/Programming/PESC_CPP_LIB/L2_Ph3_L2_Ph3/src/FirmWare_2L_3ph.cpp:10:
C:\Programming\PESC_CPP_LIB\L2_Ph3_L2_Ph3\include/GateDriver.hpp:495: note: this is the location of the previous definition
 #define NO_OF_CHANNELS_CNT XPAR_CONVERTER_1_SWITCHING_EVENT_COUNTER_NUMBER_OF_CHANNELS
 
'Finished building: C:/Programming/PESC_CPP_LIB/L2_Ph3_L2_Ph3/src/FirmWare_2L_3ph.cpp'
' '
'Building file: C:/Programming/PESC_CPP_LIB/L2_Ph3_L2_Ph3/src/GateDriver.cpp'
'Invoking: ARM v7 g++ compiler'
arm-none-eabi-g++ -D"C:\Programming\PESC_CPP_LIB\Modulators\include" -DFULL -DARM_A9 -DHAS_BASIC_FAULT_LOG_IF_CAPABILITY -DHAS_RUN_INHIBIT_SUPPORT -DHAS_STRNLEN -DHAS_DIGSCOPE_CAPABILITY -Wall -O3 -gdwarf-2 -g -gdwarf-4 -I../../L2_Ph3_L2_Ph3_bsp/ps7_cortexa9_1/include -I"C:\Programming\PESC_CPP_LIB\L2_Ph3_L2_Ph3\include" -I"C:\Programming\TSW_SW\src" -I"C:\Programming\PESC_CPP_LIB\System" -I"C:\Programming\PESC_CPP_LIB" -I"C:\Programming\PESC_CPP_LIB\Modulators" -I"C:\Programming\PESC_CPP_LIB\picoZed_basis_io" -I"C:\Programming\TSW_SW\include" -I"C:\Programming\PESC_CPP_LIB\Firmware_general" -I"C:\Programming\PESC_CPP_LIB\Modulators\include" -I"C:\Programming\PESC_CPP_LIB\Modulators\src" -I"C:\Programming\PESC_CPP_LIB\Firmware_general\src" -I"C:\Programming\PESC_CPP_LIB\Firmware_general\include" -I"C:\Programming\PESC_SDK_CTRL\IM_Drive\src" -I"C:\Programming\PESC_CPP_LIB\System\include" -c -fmessage-length=0 -MT"src/GateDriver.o" -mcpu=cortex-a9 -mfpu=vfpv3 -mfloat-abi=hard -MMD -MP -MF"src/GateDriver.d" -MT"src/GateDriver.o" -o "src/GateDriver.o" "C:/Programming/PESC_CPP_LIB/L2_Ph3_L2_Ph3/src/GateDriver.cpp"
<command-line>: warning: ISO C++11 requires whitespace after the macro name
'Finished building: C:/Programming/PESC_CPP_LIB/L2_Ph3_L2_Ph3/src/GateDriver.cpp'
' '
'Building file: C:/Programming/PESC_CPP_LIB/L2_Ph3_L2_Ph3/src/HMI.cpp'
'Invoking: ARM v7 g++ compiler'
arm-none-eabi-g++ -D"C:\Programming\PESC_CPP_LIB\Modulators\include" -DFULL -DARM_A9 -DHAS_BASIC_FAULT_LOG_IF_CAPABILITY -DHAS_RUN_INHIBIT_SUPPORT -DHAS_STRNLEN -DHAS_DIGSCOPE_CAPABILITY -Wall -O3 -gdwarf-2 -g -gdwarf-4 -I../../L2_Ph3_L2_Ph3_bsp/ps7_cortexa9_1/include -I"C:\Programming\PESC_CPP_LIB\L2_Ph3_L2_Ph3\include" -I"C:\Programming\TSW_SW\src" -I"C:\Programming\PESC_CPP_LIB\System" -I"C:\Programming\PESC_CPP_LIB" -I"C:\Programming\PESC_CPP_LIB\Modulators" -I"C:\Programming\PESC_CPP_LIB\picoZed_basis_io" -I"C:\Programming\TSW_SW\include" -I"C:\Programming\PESC_CPP_LIB\Firmware_general" -I"C:\Programming\PESC_CPP_LIB\Modulators\include" -I"C:\Programming\PESC_CPP_LIB\Modulators\src" -I"C:\Programming\PESC_CPP_LIB\Firmware_general\src" -I"C:\Programming\PESC_CPP_LIB\Firmware_general\include" -I"C:\Programming\PESC_SDK_CTRL\IM_Drive\src" -I"C:\Programming\PESC_CPP_LIB\System\include" -c -fmessage-length=0 -MT"src/HMI.o" -mcpu=cortex-a9 -mfpu=vfpv3 -mfloat-abi=hard -MMD -MP -MF"src/HMI.d" -MT"src/HMI.o" -o "src/HMI.o" "C:/Programming/PESC_CPP_LIB/L2_Ph3_L2_Ph3/src/HMI.cpp"
<command-line>: warning: ISO C++11 requires whitespace after the macro name
In file included from C:\Programming\PESC_CPP_LIB\L2_Ph3_L2_Ph3\include/HMI.hpp:77,
                 from C:/Programming/PESC_CPP_LIB/L2_Ph3_L2_Ph3/src/HMI.cpp:8:
C:\Programming\PESC_CPP_LIB\L2_Ph3_L2_Ph3\include/Measurements.hpp:276: warning: "NO_OF_CHANNELS_CNT" redefined
 #define NO_OF_CHANNELS_CNT 8 // max 8 physical ADC channels
 
In file included from C:\Programming\PESC_CPP_LIB\L2_Ph3_L2_Ph3\include/HMI.hpp:74,
                 from C:/Programming/PESC_CPP_LIB/L2_Ph3_L2_Ph3/src/HMI.cpp:8:
C:\Programming\PESC_CPP_LIB\L2_Ph3_L2_Ph3\include/GateDriver.hpp:495: note: this is the location of the previous definition
 #define NO_OF_CHANNELS_CNT XPAR_CONVERTER_1_SWITCHING_EVENT_COUNTER_NUMBER_OF_CHANNELS
 
'Finished building: C:/Programming/PESC_CPP_LIB/L2_Ph3_L2_Ph3/src/HMI.cpp'
' '
'Building file: C:/Programming/PESC_CPP_LIB/L2_Ph3_L2_Ph3/src/HysteresisAmpRegulator.cpp'
'Invoking: ARM v7 g++ compiler'
arm-none-eabi-g++ -D"C:\Programming\PESC_CPP_LIB\Modulators\include" -DFULL -DARM_A9 -DHAS_BASIC_FAULT_LOG_IF_CAPABILITY -DHAS_RUN_INHIBIT_SUPPORT -DHAS_STRNLEN -DHAS_DIGSCOPE_CAPABILITY -Wall -O3 -gdwarf-2 -g -gdwarf-4 -I../../L2_Ph3_L2_Ph3_bsp/ps7_cortexa9_1/include -I"C:\Programming\PESC_CPP_LIB\L2_Ph3_L2_Ph3\include" -I"C:\Programming\TSW_SW\src" -I"C:\Programming\PESC_CPP_LIB\System" -I"C:\Programming\PESC_CPP_LIB" -I"C:\Programming\PESC_CPP_LIB\Modulators" -I"C:\Programming\PESC_CPP_LIB\picoZed_basis_io" -I"C:\Programming\TSW_SW\include" -I"C:\Programming\PESC_CPP_LIB\Firmware_general" -I"C:\Programming\PESC_CPP_LIB\Modulators\include" -I"C:\Programming\PESC_CPP_LIB\Modulators\src" -I"C:\Programming\PESC_CPP_LIB\Firmware_general\src" -I"C:\Programming\PESC_CPP_LIB\Firmware_general\include" -I"C:\Programming\PESC_SDK_CTRL\IM_Drive\src" -I"C:\Programming\PESC_CPP_LIB\System\include" -c -fmessage-length=0 -MT"src/HysteresisAmpRegulator.o" -mcpu=cortex-a9 -mfpu=vfpv3 -mfloat-abi=hard -MMD -MP -MF"src/HysteresisAmpRegulator.d" -MT"src/HysteresisAmpRegulator.o" -o "src/HysteresisAmpRegulator.o" "C:/Programming/PESC_CPP_LIB/L2_Ph3_L2_Ph3/src/HysteresisAmpRegulator.cpp"
<command-line>: warning: ISO C++11 requires whitespace after the macro name
'Finished building: C:/Programming/PESC_CPP_LIB/L2_Ph3_L2_Ph3/src/HysteresisAmpRegulator.cpp'
' '
'Building file: C:/Programming/PESC_CPP_LIB/L2_Ph3_L2_Ph3/src/Initialize_SW.cpp'
'Invoking: ARM v7 g++ compiler'
arm-none-eabi-g++ -D"C:\Programming\PESC_CPP_LIB\Modulators\include" -DFULL -DARM_A9 -DHAS_BASIC_FAULT_LOG_IF_CAPABILITY -DHAS_RUN_INHIBIT_SUPPORT -DHAS_STRNLEN -DHAS_DIGSCOPE_CAPABILITY -Wall -O3 -gdwarf-2 -g -gdwarf-4 -I../../L2_Ph3_L2_Ph3_bsp/ps7_cortexa9_1/include -I"C:\Programming\PESC_CPP_LIB\L2_Ph3_L2_Ph3\include" -I"C:\Programming\TSW_SW\src" -I"C:\Programming\PESC_CPP_LIB\System" -I"C:\Programming\PESC_CPP_LIB" -I"C:\Programming\PESC_CPP_LIB\Modulators" -I"C:\Programming\PESC_CPP_LIB\picoZed_basis_io" -I"C:\Programming\TSW_SW\include" -I"C:\Programming\PESC_CPP_LIB\Firmware_general" -I"C:\Programming\PESC_CPP_LIB\Modulators\include" -I"C:\Programming\PESC_CPP_LIB\Modulators\src" -I"C:\Programming\PESC_CPP_LIB\Firmware_general\src" -I"C:\Programming\PESC_CPP_LIB\Firmware_general\include" -I"C:\Programming\PESC_SDK_CTRL\IM_Drive\src" -I"C:\Programming\PESC_CPP_LIB\System\include" -c -fmessage-length=0 -MT"src/Initialize_SW.o" -mcpu=cortex-a9 -mfpu=vfpv3 -mfloat-abi=hard -MMD -MP -MF"src/Initialize_SW.d" -MT"src/Initialize_SW.o" -o "src/Initialize_SW.o" "C:/Programming/PESC_CPP_LIB/L2_Ph3_L2_Ph3/src/Initialize_SW.cpp"
<command-line>: warning: ISO C++11 requires whitespace after the macro name
In file included from C:\Programming\PESC_SDK_CTRL\IM_Drive\src/Converter_2L_3ph.hpp:79,
                 from C:\Programming\PESC_CPP_LIB\L2_Ph3_L2_Ph3\include/FirmWare_2L_3ph.hpp:71,
                 from C:/Programming/PESC_CPP_LIB/L2_Ph3_L2_Ph3/src/Initialize_SW.cpp:18:
C:\Programming\PESC_CPP_LIB\L2_Ph3_L2_Ph3\include/Measurements.hpp:276: warning: "NO_OF_CHANNELS_CNT" redefined
 #define NO_OF_CHANNELS_CNT 8 // max 8 physical ADC channels
 
In file included from C:\Programming\PESC_SDK_CTRL\IM_Drive\src/Converter_2L_3ph.hpp:75,
                 from C:\Programming\PESC_CPP_LIB\L2_Ph3_L2_Ph3\include/FirmWare_2L_3ph.hpp:71,
                 from C:/Programming/PESC_CPP_LIB/L2_Ph3_L2_Ph3/src/Initialize_SW.cpp:18:
C:\Programming\PESC_CPP_LIB\L2_Ph3_L2_Ph3\include/GateDriver.hpp:495: note: this is the location of the previous definition
 #define NO_OF_CHANNELS_CNT XPAR_CONVERTER_1_SWITCHING_EVENT_COUNTER_NUMBER_OF_CHANNELS
 
'Finished building: C:/Programming/PESC_CPP_LIB/L2_Ph3_L2_Ph3/src/Initialize_SW.cpp'
' '
'Building file: C:/Programming/PESC_CPP_LIB/L2_Ph3_L2_Ph3/src/Measurements.cpp'
'Invoking: ARM v7 g++ compiler'
arm-none-eabi-g++ -D"C:\Programming\PESC_CPP_LIB\Modulators\include" -DFULL -DARM_A9 -DHAS_BASIC_FAULT_LOG_IF_CAPABILITY -DHAS_RUN_INHIBIT_SUPPORT -DHAS_STRNLEN -DHAS_DIGSCOPE_CAPABILITY -Wall -O3 -gdwarf-2 -g -gdwarf-4 -I../../L2_Ph3_L2_Ph3_bsp/ps7_cortexa9_1/include -I"C:\Programming\PESC_CPP_LIB\L2_Ph3_L2_Ph3\include" -I"C:\Programming\TSW_SW\src" -I"C:\Programming\PESC_CPP_LIB\System" -I"C:\Programming\PESC_CPP_LIB" -I"C:\Programming\PESC_CPP_LIB\Modulators" -I"C:\Programming\PESC_CPP_LIB\picoZed_basis_io" -I"C:\Programming\TSW_SW\include" -I"C:\Programming\PESC_CPP_LIB\Firmware_general" -I"C:\Programming\PESC_CPP_LIB\Modulators\include" -I"C:\Programming\PESC_CPP_LIB\Modulators\src" -I"C:\Programming\PESC_CPP_LIB\Firmware_general\src" -I"C:\Programming\PESC_CPP_LIB\Firmware_general\include" -I"C:\Programming\PESC_SDK_CTRL\IM_Drive\src" -I"C:\Programming\PESC_CPP_LIB\System\include" -c -fmessage-length=0 -MT"src/Measurements.o" -mcpu=cortex-a9 -mfpu=vfpv3 -mfloat-abi=hard -MMD -MP -MF"src/Measurements.d" -MT"src/Measurements.o" -o "src/Measurements.o" "C:/Programming/PESC_CPP_LIB/L2_Ph3_L2_Ph3/src/Measurements.cpp"
<command-line>: warning: ISO C++11 requires whitespace after the macro name
'Finished building: C:/Programming/PESC_CPP_LIB/L2_Ph3_L2_Ph3/src/Measurements.cpp'
' '
'Building file: C:/Programming/PESC_CPP_LIB/Modulators/src/PWM_2L_3ph.cpp'
'Invoking: ARM v7 g++ compiler'
arm-none-eabi-g++ -D"C:\Programming\PESC_CPP_LIB\Modulators\include" -DFULL -DARM_A9 -DHAS_BASIC_FAULT_LOG_IF_CAPABILITY -DHAS_RUN_INHIBIT_SUPPORT -DHAS_STRNLEN -DHAS_DIGSCOPE_CAPABILITY -Wall -O3 -gdwarf-2 -g -gdwarf-4 -I../../L2_Ph3_L2_Ph3_bsp/ps7_cortexa9_1/include -I"C:\Programming\PESC_CPP_LIB\L2_Ph3_L2_Ph3\include" -I"C:\Programming\TSW_SW\src" -I"C:\Programming\PESC_CPP_LIB\System" -I"C:\Programming\PESC_CPP_LIB" -I"C:\Programming\PESC_CPP_LIB\Modulators" -I"C:\Programming\PESC_CPP_LIB\picoZed_basis_io" -I"C:\Programming\TSW_SW\include" -I"C:\Programming\PESC_CPP_LIB\Firmware_general" -I"C:\Programming\PESC_CPP_LIB\Modulators\include" -I"C:\Programming\PESC_CPP_LIB\Modulators\src" -I"C:\Programming\PESC_CPP_LIB\Firmware_general\src" -I"C:\Programming\PESC_CPP_LIB\Firmware_general\include" -I"C:\Programming\PESC_SDK_CTRL\IM_Drive\src" -I"C:\Programming\PESC_CPP_LIB\System\include" -c -fmessage-length=0 -MT"src/PWM_2L_3ph.o" -mcpu=cortex-a9 -mfpu=vfpv3 -mfloat-abi=hard -MMD -MP -MF"src/PWM_2L_3ph.d" -MT"src/PWM_2L_3ph.o" -o "src/PWM_2L_3ph.o" "C:/Programming/PESC_CPP_LIB/Modulators/src/PWM_2L_3ph.cpp"
<command-line>: warning: ISO C++11 requires whitespace after the macro name
'Finished building: C:/Programming/PESC_CPP_LIB/Modulators/src/PWM_2L_3ph.cpp'
' '
'Building file: C:/Programming/PESC_CPP_LIB/Firmware_general/src/Relay.cpp'
'Invoking: ARM v7 g++ compiler'
arm-none-eabi-g++ -D"C:\Programming\PESC_CPP_LIB\Modulators\include" -DFULL -DARM_A9 -DHAS_BASIC_FAULT_LOG_IF_CAPABILITY -DHAS_RUN_INHIBIT_SUPPORT -DHAS_STRNLEN -DHAS_DIGSCOPE_CAPABILITY -Wall -O3 -gdwarf-2 -g -gdwarf-4 -I../../L2_Ph3_L2_Ph3_bsp/ps7_cortexa9_1/include -I"C:\Programming\PESC_CPP_LIB\L2_Ph3_L2_Ph3\include" -I"C:\Programming\TSW_SW\src" -I"C:\Programming\PESC_CPP_LIB\System" -I"C:\Programming\PESC_CPP_LIB" -I"C:\Programming\PESC_CPP_LIB\Modulators" -I"C:\Programming\PESC_CPP_LIB\picoZed_basis_io" -I"C:\Programming\TSW_SW\include" -I"C:\Programming\PESC_CPP_LIB\Firmware_general" -I"C:\Programming\PESC_CPP_LIB\Modulators\include" -I"C:\Programming\PESC_CPP_LIB\Modulators\src" -I"C:\Programming\PESC_CPP_LIB\Firmware_general\src" -I"C:\Programming\PESC_CPP_LIB\Firmware_general\include" -I"C:\Programming\PESC_SDK_CTRL\IM_Drive\src" -I"C:\Programming\PESC_CPP_LIB\System\include" -c -fmessage-length=0 -MT"src/Relay.o" -mcpu=cortex-a9 -mfpu=vfpv3 -mfloat-abi=hard -MMD -MP -MF"src/Relay.d" -MT"src/Relay.o" -o "src/Relay.o" "C:/Programming/PESC_CPP_LIB/Firmware_general/src/Relay.cpp"
<command-line>: warning: ISO C++11 requires whitespace after the macro name
'Finished building: C:/Programming/PESC_CPP_LIB/Firmware_general/src/Relay.cpp'
' '
'Building file: C:/Programming/PESC_CPP_LIB/L2_Ph3_L2_Ph3/src/SetBit.cpp'
'Invoking: ARM v7 g++ compiler'
arm-none-eabi-g++ -D"C:\Programming\PESC_CPP_LIB\Modulators\include" -DFULL -DARM_A9 -DHAS_BASIC_FAULT_LOG_IF_CAPABILITY -DHAS_RUN_INHIBIT_SUPPORT -DHAS_STRNLEN -DHAS_DIGSCOPE_CAPABILITY -Wall -O3 -gdwarf-2 -g -gdwarf-4 -I../../L2_Ph3_L2_Ph3_bsp/ps7_cortexa9_1/include -I"C:\Programming\PESC_CPP_LIB\L2_Ph3_L2_Ph3\include" -I"C:\Programming\TSW_SW\src" -I"C:\Programming\PESC_CPP_LIB\System" -I"C:\Programming\PESC_CPP_LIB" -I"C:\Programming\PESC_CPP_LIB\Modulators" -I"C:\Programming\PESC_CPP_LIB\picoZed_basis_io" -I"C:\Programming\TSW_SW\include" -I"C:\Programming\PESC_CPP_LIB\Firmware_general" -I"C:\Programming\PESC_CPP_LIB\Modulators\include" -I"C:\Programming\PESC_CPP_LIB\Modulators\src" -I"C:\Programming\PESC_CPP_LIB\Firmware_general\src" -I"C:\Programming\PESC_CPP_LIB\Firmware_general\include" -I"C:\Programming\PESC_SDK_CTRL\IM_Drive\src" -I"C:\Programming\PESC_CPP_LIB\System\include" -c -fmessage-length=0 -MT"src/SetBit.o" -mcpu=cortex-a9 -mfpu=vfpv3 -mfloat-abi=hard -MMD -MP -MF"src/SetBit.d" -MT"src/SetBit.o" -o "src/SetBit.o" "C:/Programming/PESC_CPP_LIB/L2_Ph3_L2_Ph3/src/SetBit.cpp"
<command-line>: warning: ISO C++11 requires whitespace after the macro name
'Finished building: C:/Programming/PESC_CPP_LIB/L2_Ph3_L2_Ph3/src/SetBit.cpp'
' '
'Building file: ../src/main.cpp'
'Invoking: ARM v7 g++ compiler'
arm-none-eabi-g++ -D"C:\Programming\PESC_CPP_LIB\Modulators\include" -DFULL -DARM_A9 -DHAS_BASIC_FAULT_LOG_IF_CAPABILITY -DHAS_RUN_INHIBIT_SUPPORT -DHAS_STRNLEN -DHAS_DIGSCOPE_CAPABILITY -Wall -O3 -gdwarf-2 -g -gdwarf-4 -I../../L2_Ph3_L2_Ph3_bsp/ps7_cortexa9_1/include -I"C:\Programming\PESC_CPP_LIB\L2_Ph3_L2_Ph3\include" -I"C:\Programming\TSW_SW\src" -I"C:\Programming\PESC_CPP_LIB\System" -I"C:\Programming\PESC_CPP_LIB" -I"C:\Programming\PESC_CPP_LIB\Modulators" -I"C:\Programming\PESC_CPP_LIB\picoZed_basis_io" -I"C:\Programming\TSW_SW\include" -I"C:\Programming\PESC_CPP_LIB\Firmware_general" -I"C:\Programming\PESC_CPP_LIB\Modulators\include" -I"C:\Programming\PESC_CPP_LIB\Modulators\src" -I"C:\Programming\PESC_CPP_LIB\Firmware_general\src" -I"C:\Programming\PESC_CPP_LIB\Firmware_general\include" -I"C:\Programming\PESC_SDK_CTRL\IM_Drive\src" -I"C:\Programming\PESC_CPP_LIB\System\include" -c -fmessage-length=0 -MT"src/main.o" -mcpu=cortex-a9 -mfpu=vfpv3 -mfloat-abi=hard -MMD -MP -MF"src/main.d" -MT"src/main.o" -o "src/main.o" "../src/main.cpp"
<command-line>: warning: ISO C++11 requires whitespace after the macro name
In file included from C:\Programming\PESC_SDK_CTRL\IM_Drive\src/Converter_2L_3ph.hpp:79,
                 from C:\Programming\PESC_CPP_LIB\L2_Ph3_L2_Ph3\include/FirmWare_2L_3ph.hpp:71,
                 from ../src/DriveRoutineFast_6ph_IM.hpp:75,
                 from ../src/main.cpp:14:
C:\Programming\PESC_CPP_LIB\L2_Ph3_L2_Ph3\include/Measurements.hpp:276: warning: "NO_OF_CHANNELS_CNT" redefined
 #define NO_OF_CHANNELS_CNT 8 // max 8 physical ADC channels
 
In file included from C:\Programming\PESC_SDK_CTRL\IM_Drive\src/Converter_2L_3ph.hpp:75,
                 from C:\Programming\PESC_CPP_LIB\L2_Ph3_L2_Ph3\include/FirmWare_2L_3ph.hpp:71,
                 from ../src/DriveRoutineFast_6ph_IM.hpp:75,
                 from ../src/main.cpp:14:
C:\Programming\PESC_CPP_LIB\L2_Ph3_L2_Ph3\include/GateDriver.hpp:495: note: this is the location of the previous definition
 #define NO_OF_CHANNELS_CNT XPAR_CONVERTER_1_SWITCHING_EVENT_COUNTER_NUMBER_OF_CHANNELS
 
In file included from C:\Programming\PESC_CPP_LIB\System\include/StopWatch.hpp:4,
                 from ../src/main.cpp:12:
../../L2_Ph3_L2_Ph3_bsp/ps7_cortexa9_1/include/xtime_l.h:87:70: note: #pragma message: For the sleep routines, Global timer is being used
 #pragma message ("For the sleep routines, Global timer is being used")
                                                                      ^
'Finished building: ../src/main.cpp'
' '
'Building target: IM_Drive.elf'
'Invoking: ARM v7 g++ linker'
arm-none-eabi-g++ -L"C:\Programming\TSW_SW\lib" -mcpu=cortex-a9 -mfpu=vfpv3 -mfloat-abi=hard -Wl,-build-id=none -specs=Xilinx.spec -Wl,-T -Wl,../src/lscript.ld -L../../L2_Ph3_L2_Ph3_bsp/ps7_cortexa9_1/lib -o "IM_Drive.elf"  ./src/ADC.o ./src/Application_6ph_IM.o ./src/CommInterface.o ./src/Converter_2L_3ph.o ./src/DAC.o ./src/DriveRoutineFast_6ph_IM.o ./src/Drive_6ph_IM.o ./src/Exception.o ./src/FW_Tripping.o ./src/Filter.o ./src/FirmWare_2L_3ph.o ./src/GateDriver.o ./src/HMI.o ./src/HysteresisAmpRegulator.o ./src/Initialize_SW.o ./src/Measurements.o ./src/PWM_2L_3ph.o ./src/Relay.o ./src/SetBit.o ./src/main.o   -lwtcp_arm_a9_full  -Wl,--start-group,-lxil,-lgcc,-lc,-lstdc++,--end-group
'Finished building target: IM_Drive.elf'
' '
'Invoking: ARM v7 Print Size'
arm-none-eabi-size IM_Drive.elf  |tee "IM_Drive.elf.size"
   text	   data	    bss	    dec	    hex	filename
 146840	   2668	16813120	16962628	102d444	IM_Drive.elf
'Finished building: IM_Drive.elf.size'
' '
18:54:32 **** Clean-only build of configuration Debug for project IM_Drive ****
make clean 
rm -rf  ./src/ADC.o ./src/AlphaCentury.o ./src/Application_6ph_IM.o ./src/CommInterface.o ./src/Converter_2L_3ph.o ./src/DAC.o ./src/DriveRoutineFast_6ph_IM.o ./src/Drive_6ph_IM.o ./src/Emulator.o ./src/Encoder_interface.o ./src/Exception.o ./src/FW_Tripping.o ./src/Filter.o ./src/FirmWare_2L_3ph.o ./src/GateDriver.o ./src/HMI.o ./src/HysteresisAmpRegulator.o ./src/Initialize_SW.o ./src/LPFilter1.o ./src/Measurements.o ./src/Multiplexer.o ./src/PI_controller.o ./src/PLL.o ./src/PWM_2L_3ph.o ./src/Relay.o ./src/SetBit.o ./src/main.o  ./src/ADC.d ./src/AlphaCentury.d ./src/Application_6ph_IM.d ./src/CommInterface.d ./src/Converter_2L_3ph.d ./src/DAC.d ./src/DriveRoutineFast_6ph_IM.d ./src/Drive_6ph_IM.d ./src/Emulator.d ./src/Encoder_interface.d ./src/Exception.d ./src/FW_Tripping.d ./src/Filter.d ./src/FirmWare_2L_3ph.d ./src/GateDriver.d ./src/HMI.d ./src/HysteresisAmpRegulator.d ./src/Initialize_SW.d ./src/LPFilter1.d ./src/Measurements.d ./src/Multiplexer.d ./src/PI_controller.d ./src/PLL.d ./src/PWM_2L_3ph.d ./src/Relay.d ./src/SetBit.d ./src/main.d  IM_Drive.elf.size IM_Drive.elf.size  IM_Drive.elf
' '
18:54:33 **** Auto Build of configuration Debug for project IM_Drive ****
make pre-build main-build 
a9-linaro-pre-build-step
' '
'Building file: C:/Programming/PESC_CPP_LIB/Firmware_general/src/ADC.cpp'
'Invoking: ARM v7 g++ compiler'
arm-none-eabi-g++ -D"C:\Programming\PESC_CPP_LIB\Modulators\include" -DFULL -DARM_A9 -DHAS_BASIC_FAULT_LOG_IF_CAPABILITY -DHAS_RUN_INHIBIT_SUPPORT -DHAS_STRNLEN -DHAS_DIGSCOPE_CAPABILITY -Wall -O3 -gdwarf-2 -g -gdwarf-4 -I../../L2_Ph3_L2_Ph3_bsp/ps7_cortexa9_1/include -I"C:\Programming\PESC_CPP_LIB\Controllers\include" -I"C:\Programming\PESC_CPP_LIB\Filters\include" -I"C:\Programming\PESC_CPP_LIB\L2_Ph3_L2_Ph3\include" -I"C:\Programming\TSW_SW\src" -I"C:\Programming\PESC_CPP_LIB\System" -I"C:\Programming\PESC_CPP_LIB" -I"C:\Programming\PESC_CPP_LIB\Modulators" -I"C:\Programming\PESC_CPP_LIB\picoZed_basis_io" -I"C:\Programming\TSW_SW\include" -I"C:\Programming\PESC_CPP_LIB\Firmware_general" -I"C:\Programming\PESC_CPP_LIB\Modulators\include" -I"C:\Programming\PESC_CPP_LIB\Modulators\src" -I"C:\Programming\PESC_CPP_LIB\Firmware_general\src" -I"C:\Programming\PESC_CPP_LIB\Firmware_general\include" -I"C:\Programming\PESC_SDK_CTRL\IM_Drive\src" -I"C:\Programming\PESC_CPP_LIB\System\include" -c -fmessage-length=0 -MT"src/ADC.o" -mcpu=cortex-a9 -mfpu=vfpv3 -mfloat-abi=hard -MMD -MP -MF"src/ADC.d" -MT"src/ADC.o" -o "src/ADC.o" "C:/Programming/PESC_CPP_LIB/Firmware_general/src/ADC.cpp"
<command-line>: warning: ISO C++11 requires whitespace after the macro name
'Finished building: C:/Programming/PESC_CPP_LIB/Firmware_general/src/ADC.cpp'
' '
'Building file: ../src/AlphaCentury.cpp'
'Invoking: ARM v7 g++ compiler'
arm-none-eabi-g++ -D"C:\Programming\PESC_CPP_LIB\Modulators\include" -DFULL -DARM_A9 -DHAS_BASIC_FAULT_LOG_IF_CAPABILITY -DHAS_RUN_INHIBIT_SUPPORT -DHAS_STRNLEN -DHAS_DIGSCOPE_CAPABILITY -Wall -O3 -gdwarf-2 -g -gdwarf-4 -I../../L2_Ph3_L2_Ph3_bsp/ps7_cortexa9_1/include -I"C:\Programming\PESC_CPP_LIB\Controllers\include" -I"C:\Programming\PESC_CPP_LIB\Filters\include" -I"C:\Programming\PESC_CPP_LIB\L2_Ph3_L2_Ph3\include" -I"C:\Programming\TSW_SW\src" -I"C:\Programming\PESC_CPP_LIB\System" -I"C:\Programming\PESC_CPP_LIB" -I"C:\Programming\PESC_CPP_LIB\Modulators" -I"C:\Programming\PESC_CPP_LIB\picoZed_basis_io" -I"C:\Programming\TSW_SW\include" -I"C:\Programming\PESC_CPP_LIB\Firmware_general" -I"C:\Programming\PESC_CPP_LIB\Modulators\include" -I"C:\Programming\PESC_CPP_LIB\Modulators\src" -I"C:\Programming\PESC_CPP_LIB\Firmware_general\src" -I"C:\Programming\PESC_CPP_LIB\Firmware_general\include" -I"C:\Programming\PESC_SDK_CTRL\IM_Drive\src" -I"C:\Programming\PESC_CPP_LIB\System\include" -c -fmessage-length=0 -MT"src/AlphaCentury.o" -mcpu=cortex-a9 -mfpu=vfpv3 -mfloat-abi=hard -MMD -MP -MF"src/AlphaCentury.d" -MT"src/AlphaCentury.o" -o "src/AlphaCentury.o" "../src/AlphaCentury.cpp"
<command-line>: warning: ISO C++11 requires whitespace after the macro name
In file included from C:\Programming\PESC_CPP_LIB\L2_Ph3_L2_Ph3\include/HMI.hpp:77,
                 from C:\Programming\PESC_SDK_CTRL\IM_Drive\src/AlphaCentury.hpp:14,
                 from ../src/AlphaCentury.cpp:8:
C:\Programming\PESC_CPP_LIB\L2_Ph3_L2_Ph3\include/Measurements.hpp:276: warning: "NO_OF_CHANNELS_CNT" redefined
 #define NO_OF_CHANNELS_CNT 8 // max 8 physical ADC channels
 
In file included from C:\Programming\PESC_CPP_LIB\L2_Ph3_L2_Ph3\include/HMI.hpp:74,
                 from C:\Programming\PESC_SDK_CTRL\IM_Drive\src/AlphaCentury.hpp:14,
                 from ../src/AlphaCentury.cpp:8:
C:\Programming\PESC_CPP_LIB\L2_Ph3_L2_Ph3\include/GateDriver.hpp:495: note: this is the location of the previous definition
 #define NO_OF_CHANNELS_CNT XPAR_CONVERTER_1_SWITCHING_EVENT_COUNTER_NUMBER_OF_CHANNELS
 
'Finished building: ../src/AlphaCentury.cpp'
' '
'Building file: ../src/Application_6ph_IM.cpp'
'Invoking: ARM v7 g++ compiler'
arm-none-eabi-g++ -D"C:\Programming\PESC_CPP_LIB\Modulators\include" -DFULL -DARM_A9 -DHAS_BASIC_FAULT_LOG_IF_CAPABILITY -DHAS_RUN_INHIBIT_SUPPORT -DHAS_STRNLEN -DHAS_DIGSCOPE_CAPABILITY -Wall -O3 -gdwarf-2 -g -gdwarf-4 -I../../L2_Ph3_L2_Ph3_bsp/ps7_cortexa9_1/include -I"C:\Programming\PESC_CPP_LIB\Controllers\include" -I"C:\Programming\PESC_CPP_LIB\Filters\include" -I"C:\Programming\PESC_CPP_LIB\L2_Ph3_L2_Ph3\include" -I"C:\Programming\TSW_SW\src" -I"C:\Programming\PESC_CPP_LIB\System" -I"C:\Programming\PESC_CPP_LIB" -I"C:\Programming\PESC_CPP_LIB\Modulators" -I"C:\Programming\PESC_CPP_LIB\picoZed_basis_io" -I"C:\Programming\TSW_SW\include" -I"C:\Programming\PESC_CPP_LIB\Firmware_general" -I"C:\Programming\PESC_CPP_LIB\Modulators\include" -I"C:\Programming\PESC_CPP_LIB\Modulators\src" -I"C:\Programming\PESC_CPP_LIB\Firmware_general\src" -I"C:\Programming\PESC_CPP_LIB\Firmware_general\include" -I"C:\Programming\PESC_SDK_CTRL\IM_Drive\src" -I"C:\Programming\PESC_CPP_LIB\System\include" -c -fmessage-length=0 -MT"src/Application_6ph_IM.o" -mcpu=cortex-a9 -mfpu=vfpv3 -mfloat-abi=hard -MMD -MP -MF"src/Application_6ph_IM.d" -MT"src/Application_6ph_IM.o" -o "src/Application_6ph_IM.o" "../src/Application_6ph_IM.cpp"
<command-line>: warning: ISO C++11 requires whitespace after the macro name
In file included from ../src/Converter_2L_3ph.hpp:79,
                 from ../src/Drive_6ph_IM.hpp:82,
                 from ../src/Application_6ph_IM.hpp:86,
                 from ../src/Application_6ph_IM.cpp:9:
C:\Programming\PESC_CPP_LIB\L2_Ph3_L2_Ph3\include/Measurements.hpp:276: warning: "NO_OF_CHANNELS_CNT" redefined
 #define NO_OF_CHANNELS_CNT 8 // max 8 physical ADC channels
 
In file included from ../src/Converter_2L_3ph.hpp:75,
                 from ../src/Drive_6ph_IM.hpp:82,
                 from ../src/Application_6ph_IM.hpp:86,
                 from ../src/Application_6ph_IM.cpp:9:
C:\Programming\PESC_CPP_LIB\L2_Ph3_L2_Ph3\include/GateDriver.hpp:495: note: this is the location of the previous definition
 #define NO_OF_CHANNELS_CNT XPAR_CONVERTER_1_SWITCHING_EVENT_COUNTER_NUMBER_OF_CHANNELS
 
'Finished building: ../src/Application_6ph_IM.cpp'
' '
'Building file: C:/Programming/TSW_SW/src/CommInterface.cpp'
'Invoking: ARM v7 g++ compiler'
arm-none-eabi-g++ -D"C:\Programming\PESC_CPP_LIB\Modulators\include" -DFULL -DARM_A9 -DHAS_BASIC_FAULT_LOG_IF_CAPABILITY -DHAS_RUN_INHIBIT_SUPPORT -DHAS_STRNLEN -DHAS_DIGSCOPE_CAPABILITY -Wall -O3 -gdwarf-2 -g -gdwarf-4 -I../../L2_Ph3_L2_Ph3_bsp/ps7_cortexa9_1/include -I"C:\Programming\PESC_CPP_LIB\Controllers\include" -I"C:\Programming\PESC_CPP_LIB\Filters\include" -I"C:\Programming\PESC_CPP_LIB\L2_Ph3_L2_Ph3\include" -I"C:\Programming\TSW_SW\src" -I"C:\Programming\PESC_CPP_LIB\System" -I"C:\Programming\PESC_CPP_LIB" -I"C:\Programming\PESC_CPP_LIB\Modulators" -I"C:\Programming\PESC_CPP_LIB\picoZed_basis_io" -I"C:\Programming\TSW_SW\include" -I"C:\Programming\PESC_CPP_LIB\Firmware_general" -I"C:\Programming\PESC_CPP_LIB\Modulators\include" -I"C:\Programming\PESC_CPP_LIB\Modulators\src" -I"C:\Programming\PESC_CPP_LIB\Firmware_general\src" -I"C:\Programming\PESC_CPP_LIB\Firmware_general\include" -I"C:\Programming\PESC_SDK_CTRL\IM_Drive\src" -I"C:\Programming\PESC_CPP_LIB\System\include" -c -fmessage-length=0 -MT"src/CommInterface.o" -mcpu=cortex-a9 -mfpu=vfpv3 -mfloat-abi=hard -MMD -MP -MF"src/CommInterface.d" -MT"src/CommInterface.o" -o "src/CommInterface.o" "C:/Programming/TSW_SW/src/CommInterface.cpp"
<command-line>: warning: ISO C++11 requires whitespace after the macro name
'Finished building: C:/Programming/TSW_SW/src/CommInterface.cpp'
' '
'Building file: ../src/Converter_2L_3ph.cpp'
'Invoking: ARM v7 g++ compiler'
arm-none-eabi-g++ -D"C:\Programming\PESC_CPP_LIB\Modulators\include" -DFULL -DARM_A9 -DHAS_BASIC_FAULT_LOG_IF_CAPABILITY -DHAS_RUN_INHIBIT_SUPPORT -DHAS_STRNLEN -DHAS_DIGSCOPE_CAPABILITY -Wall -O3 -gdwarf-2 -g -gdwarf-4 -I../../L2_Ph3_L2_Ph3_bsp/ps7_cortexa9_1/include -I"C:\Programming\PESC_CPP_LIB\Controllers\include" -I"C:\Programming\PESC_CPP_LIB\Filters\include" -I"C:\Programming\PESC_CPP_LIB\L2_Ph3_L2_Ph3\include" -I"C:\Programming\TSW_SW\src" -I"C:\Programming\PESC_CPP_LIB\System" -I"C:\Programming\PESC_CPP_LIB" -I"C:\Programming\PESC_CPP_LIB\Modulators" -I"C:\Programming\PESC_CPP_LIB\picoZed_basis_io" -I"C:\Programming\TSW_SW\include" -I"C:\Programming\PESC_CPP_LIB\Firmware_general" -I"C:\Programming\PESC_CPP_LIB\Modulators\include" -I"C:\Programming\PESC_CPP_LIB\Modulators\src" -I"C:\Programming\PESC_CPP_LIB\Firmware_general\src" -I"C:\Programming\PESC_CPP_LIB\Firmware_general\include" -I"C:\Programming\PESC_SDK_CTRL\IM_Drive\src" -I"C:\Programming\PESC_CPP_LIB\System\include" -c -fmessage-length=0 -MT"src/Converter_2L_3ph.o" -mcpu=cortex-a9 -mfpu=vfpv3 -mfloat-abi=hard -MMD -MP -MF"src/Converter_2L_3ph.d" -MT"src/Converter_2L_3ph.o" -o "src/Converter_2L_3ph.o" "../src/Converter_2L_3ph.cpp"
<command-line>: warning: ISO C++11 requires whitespace after the macro name
In file included from ../src/Converter_2L_3ph.hpp:79,
                 from ../src/Converter_2L_3ph.cpp:9:
C:\Programming\PESC_CPP_LIB\L2_Ph3_L2_Ph3\include/Measurements.hpp:276: warning: "NO_OF_CHANNELS_CNT" redefined
 #define NO_OF_CHANNELS_CNT 8 // max 8 physical ADC channels
 
In file included from ../src/Converter_2L_3ph.hpp:75,
                 from ../src/Converter_2L_3ph.cpp:9:
C:\Programming\PESC_CPP_LIB\L2_Ph3_L2_Ph3\include/GateDriver.hpp:495: note: this is the location of the previous definition
 #define NO_OF_CHANNELS_CNT XPAR_CONVERTER_1_SWITCHING_EVENT_COUNTER_NUMBER_OF_CHANNELS
 
../src/Converter_2L_3ph.cpp: In member function 'const uint16_t Converter::getStatus()':
[...]
     Xil_AssertVoid(InstancePtr != NULL);
     ^~~~~~~~~~~~~~
emulator.c:253:5: note: declared here
 int emulator_ua1_read(emulator *InstancePtr) {
     ^~~~~~~~~~~~~~~~~
In file included from emulator.h:9,
                 from emulator.c:1:
emulator.c: In function 'emulator_uab0_read':
../../../include/xil_assert.h:108:9: warning: 'return' with no value, in function returning non-void
         return;                                    \
         ^~~~~~
emulator.c:264:5: note: in expansion of macro 'Xil_AssertVoid'
     Xil_AssertVoid(InstancePtr != NULL);
     ^~~~~~~~~~~~~~
emulator.c:261:5: note: declared here
 int emulator_uab0_read(emulator *InstancePtr) {
     ^~~~~~~~~~~~~~~~~~
In file included from emulator.h:9,
                 from emulator.c:1:
emulator.c: In function 'emulator_uab1_read':
../../../include/xil_assert.h:108:9: warning: 'return' with no value, in function returning non-void
         return;                                    \
         ^~~~~~
emulator.c:272:5: note: in expansion of macro 'Xil_AssertVoid'
     Xil_AssertVoid(InstancePtr != NULL);
     ^~~~~~~~~~~~~~
emulator.c:269:5: note: declared here
 u32 emulator_uab1_read(emulator *InstancePtr) {
     ^~~~~~~~~~~~~~~~~~
In file included from emulator.h:9,
                 from emulator.c:1:
emulator.c: In function 'emulator_ub0_read':
../../../include/xil_assert.h:108:9: warning: 'return' with no value, in function returning non-void
         return;                                    \
         ^~~~~~
emulator.c:280:5: note: in expansion of macro 'Xil_AssertVoid'
     Xil_AssertVoid(InstancePtr != NULL);
     ^~~~~~~~~~~~~~
emulator.c:277:5: note: declared here
 int emulator_ub0_read(emulator *InstancePtr) {
     ^~~~~~~~~~~~~~~~~
In file included from emulator.h:9,
                 from emulator.c:1:
emulator.c: In function 'emulator_ub1_read':
../../../include/xil_assert.h:108:9: warning: 'return' with no value, in function returning non-void
         return;                                    \
         ^~~~~~
emulator.c:288:5: note: in expansion of macro 'Xil_AssertVoid'
     Xil_AssertVoid(InstancePtr != NULL);
     ^~~~~~~~~~~~~~
emulator.c:285:5: note: declared here
 int emulator_ub1_read(emulator *InstancePtr) {
     ^~~~~~~~~~~~~~~~~
"Running Make libs in ps7_cortexa9_1/libsrc/filter_block_v1_00_a/src"
make -C ps7_cortexa9_1/libsrc/filter_block_v1_00_a/src -s libs  "SHELL=CMD" "COMPILER=arm-none-eabi-gcc" "ARCHIVER=arm-none-eabi-ar" "COMPILER_FLAGS=  -O2 -c" "EXTRA_COMPILER_FLAGS=-DUSE_AMP=1 -mcpu=cortex-a9 -mfpu=vfpv3 -mfloat-abi=hard -nostartfiles -g -Wall -Wextra"
"Running Make libs in ps7_cortexa9_1/libsrc/gpiops_v3_5/src"
make -C ps7_cortexa9_1/libsrc/gpiops_v3_5/src -s libs  "SHELL=CMD" "COMPILER=arm-none-eabi-gcc" "ARCHIVER=arm-none-eabi-ar" "COMPILER_FLAGS=  -O2 -c" "EXTRA_COMPILER_FLAGS=-DUSE_AMP=1 -mcpu=cortex-a9 -mfpu=vfpv3 -mfloat-abi=hard -nostartfiles -g -Wall -Wextra"
"Compiling gpiops"
"Running Make libs in ps7_cortexa9_1/libsrc/gpio_v4_4/src"
make -C ps7_cortexa9_1/libsrc/gpio_v4_4/src -s libs  "SHELL=CMD" "COMPILER=arm-none-eabi-gcc" "ARCHIVER=arm-none-eabi-ar" "COMPILER_FLAGS=  -O2 -c" "EXTRA_COMPILER_FLAGS=-DUSE_AMP=1 -mcpu=cortex-a9 -mfpu=vfpv3 -mfloat-abi=hard -nostartfiles -g -Wall -Wextra"
"Compiling gpio"
"Running Make libs in ps7_cortexa9_1/libsrc/incremental_encoder_interface_v1_00_a/src"
make -C ps7_cortexa9_1/libsrc/incremental_encoder_interface_v1_00_a/src -s libs  "SHELL=CMD" "COMPILER=arm-none-eabi-gcc" "ARCHIVER=arm-none-eabi-ar" "COMPILER_FLAGS=  -O2 -c" "EXTRA_COMPILER_FLAGS=-DUSE_AMP=1 -mcpu=cortex-a9 -mfpu=vfpv3 -mfloat-abi=hard -nostartfiles -g -Wall -Wextra"
"Running Make libs in ps7_cortexa9_1/libsrc/multiplexer_v1_0/src"
make -C ps7_cortexa9_1/libsrc/multiplexer_v1_0/src -s libs  "SHELL=CMD" "COMPILER=arm-none-eabi-gcc" "ARCHIVER=arm-none-eabi-ar" "COMPILER_FLAGS=  -O2 -c" "EXTRA_COMPILER_FLAGS=-DUSE_AMP=1 -mcpu=cortex-a9 -mfpu=vfpv3 -mfloat-abi=hard -nostartfiles -g -Wall -Wextra"
"Compiling multiplexer..."
multiplexer_selftest.c: In function 'MULTIPLEXER_Reg_SelfTest':
multiplexer_selftest.c:52:60: warning: comparison of integer expressions of different signedness: 'u32' {aka 'long unsigned int'} and 'int' [-Wsign-compare]
    if ( MULTIPLEXER_mReadReg (baseaddr, read_loop_index*4) != (read_loop_index+1)*READ_WRITE_MUL_FACTOR){
                                                            ^~
multiplexer_selftest.c:36:6: warning: unused variable 'Index' [-Wunused-variable]
  int Index;
      ^~~~~
"Running Make libs in ps7_cortexa9_1/libsrc/pulse_width_modulator_v1_00_a/src"
make -C ps7_cortexa9_1/libsrc/pulse_width_modulator_v1_00_a/src -s libs  "SHELL=CMD" "COMPILER=arm-none-eabi-gcc" "ARCHIVER=arm-none-eabi-ar" "COMPILER_FLAGS=  -O2 -c" "EXTRA_COMPILER_FLAGS=-DUSE_AMP=1 -mcpu=cortex-a9 -mfpu=vfpv3 -mfloat-abi=hard -nostartfiles -g -Wall -Wextra"
"Running Make libs in ps7_cortexa9_1/libsrc/qspips_v3_6/src"
make -C ps7_cortexa9_1/libsrc/qspips_v3_6/src -s libs  "SHELL=CMD" "COMPILER=arm-none-eabi-gcc" "ARCHIVER=arm-none-eabi-ar" "COMPILER_FLAGS=  -O2 -c" "EXTRA_COMPILER_FLAGS=-DUSE_AMP=1 -mcpu=cortex-a9 -mfpu=vfpv3 -mfloat-abi=hard -nostartfiles -g -Wall -Wextra"
"Compiling qspips"
"Running Make libs in ps7_cortexa9_1/libsrc/register_array_v1_00_a/src"
make -C ps7_cortexa9_1/libsrc/register_array_v1_00_a/src -s libs  "SHELL=CMD" "COMPILER=arm-none-eabi-gcc" "ARCHIVER=arm-none-eabi-ar" "COMPILER_FLAGS=  -O2 -c" "EXTRA_COMPILER_FLAGS=-DUSE_AMP=1 -mcpu=cortex-a9 -mfpu=vfpv3 -mfloat-abi=hard -nostartfiles -g -Wall -Wextra"
"Running Make libs in ps7_cortexa9_1/libsrc/scugic_v4_0/src"
make -C ps7_cortexa9_1/libsrc/scugic_v4_0/src -s libs  "SHELL=CMD" "COMPILER=arm-none-eabi-gcc" "ARCHIVER=arm-none-eabi-ar" "COMPILER_FLAGS=  -O2 -c" "EXTRA_COMPILER_FLAGS=-DUSE_AMP=1 -mcpu=cortex-a9 -mfpu=vfpv3 -mfloat-abi=hard -nostartfiles -g -Wall -Wextra"
"Compiling scugic"
xscugic_hw.c: In function 'DistInit':
xscugic_hw.c:132:3: warning: #warning "Building GIC for AMP" [-Wcpp]
  #warning "Building GIC for AMP"
   ^~~~~~~
xscugic.c: In function 'DistributorInit':
xscugic.c:310:2: warning: #warning "Building GIC for AMP" [-Wcpp]
 #warning "Building GIC for AMP"
  ^~~~~~~
"Running Make libs in ps7_cortexa9_1/libsrc/scutimer_v2_1/src"
make -C ps7_cortexa9_1/libsrc/scutimer_v2_1/src -s libs  "SHELL=CMD" "COMPILER=arm-none-eabi-gcc" "ARCHIVER=arm-none-eabi-ar" "COMPILER_FLAGS=  -O2 -c" "EXTRA_COMPILER_FLAGS=-DUSE_AMP=1 -mcpu=cortex-a9 -mfpu=vfpv3 -mfloat-abi=hard -nostartfiles -g -Wall -Wextra"
"Compiling scutimer"
"Running Make libs in ps7_cortexa9_1/libsrc/scuwdt_v2_1/src"
make -C ps7_cortexa9_1/libsrc/scuwdt_v2_1/src -s libs  "SHELL=CMD" "COMPILER=arm-none-eabi-gcc" "ARCHIVER=arm-none-eabi-ar" "COMPILER_FLAGS=  -O2 -c" "EXTRA_COMPILER_FLAGS=-DUSE_AMP=1 -mcpu=cortex-a9 -mfpu=vfpv3 -mfloat-abi=hard -nostartfiles -g -Wall -Wextra"
"Compiling scuwdt"
"Running Make libs in ps7_cortexa9_1/libsrc/sdps_v3_7/src"
make -C ps7_cortexa9_1/libsrc/sdps_v3_7/src -s libs  "SHELL=CMD" "COMPILER=arm-none-eabi-gcc" "ARCHIVER=arm-none-eabi-ar" "COMPILER_FLAGS=  -O2 -c" "EXTRA_COMPILER_FLAGS=-DUSE_AMP=1 -mcpu=cortex-a9 -mfpu=vfpv3 -mfloat-abi=hard -nostartfiles -g -Wall -Wextra"
"Compiling sdps"
"Running Make libs in ps7_cortexa9_1/libsrc/spips_v3_2/src"
make -C ps7_cortexa9_1/libsrc/spips_v3_2/src -s libs  "SHELL=CMD" "COMPILER=arm-none-eabi-gcc" "ARCHIVER=arm-none-eabi-ar" "COMPILER_FLAGS=  -O2 -c" "EXTRA_COMPILER_FLAGS=-DUSE_AMP=1 -mcpu=cortex-a9 -mfpu=vfpv3 -mfloat-abi=hard -nostartfiles -g -Wall -Wextra"
"Compiling spips"
"Running Make libs in ps7_cortexa9_1/libsrc/standalone_v7_0/src"
make -C ps7_cortexa9_1/libsrc/standalone_v7_0/src -s libs  "SHELL=CMD" "COMPILER=arm-none-eabi-gcc" "ARCHIVER=arm-none-eabi-ar" "COMPILER_FLAGS=  -O2 -c" "EXTRA_COMPILER_FLAGS=-DUSE_AMP=1 -mcpu=cortex-a9 -mfpu=vfpv3 -mfloat-abi=hard -nostartfiles -g -Wall -Wextra"
"Compiling standalone"
In file included from usleep.c:56:
xtime_l.h:87:9: note: #pragma message: For the sleep routines, Global timer is being used
 #pragma message ("For the sleep routines, Global timer is being used")
         ^~~~~~~
In file included from sleep.c:53:
xtime_l.h:87:9: note: #pragma message: For the sleep routines, Global timer is being used
 #pragma message ("For the sleep routines, Global timer is being used")
         ^~~~~~~
inbyte.c: In function 'inbyte':
inbyte.c:11:1: warning: control reaches end of non-void function [-Wreturn-type]
 }
 ^
In file included from xil_sleeptimer.c:51:
xtime_l.h:87:9: note: #pragma message: For the sleep routines, Global timer is being used
 #pragma message ("For the sleep routines, Global timer is being used")
         ^~~~~~~
xil_cache.c: In function 'Xil_DCacheInvalidateRange':
xil_cache.c:336:16: warning: unused variable 'L2CCOffset' [-Wunused-variable]
  volatile u32 *L2CCOffset = (volatile u32 *)(XPS_L2CC_BASEADDR +
                ^~~~~~~~~~
xil_cache.c: In function 'Xil_DCacheFlushRange':
xil_cache.c:481:16: warning: unused variable 'L2CCOffset' [-Wunused-variable]
  volatile u32 *L2CCOffset = (volatile u32 *)(XPS_L2CC_BASEADDR +
                ^~~~~~~~~~
xil_cache.c: In function 'Xil_ICacheInvalidateRange':
xil_cache.c:654:16: warning: unused variable 'L2CCOffset' [-Wunused-variable]
  volatile u32 *L2CCOffset = (volatile u32 *)(XPS_L2CC_BASEADDR +
                ^~~~~~~~~~
outbyte.c: In function 'outbyte':
outbyte.c:11:19: warning: unused parameter 'c' [-Wunused-parameter]
 void outbyte(char c) {
              ~~~~~^
In file included from xtime_l.c:49:
xtime_l.h:87:9: note: #pragma message: For the sleep routines, Global timer is being used
 #pragma message ("For the sleep routines, Global timer is being used")
         ^~~~~~~
"Running Make libs in ps7_cortexa9_1/libsrc/switching_event_counter_v1_00_a/src"
make -C ps7_cortexa9_1/libsrc/switching_event_counter_v1_00_a/src -s libs  "SHELL=CMD" "COMPILER=arm-none-eabi-gcc" "ARCHIVER=arm-none-eabi-ar" "COMPILER_FLAGS=  -O2 -c" "EXTRA_COMPILER_FLAGS=-DUSE_AMP=1 -mcpu=cortex-a9 -mfpu=vfpv3 -mfloat-abi=hard -nostartfiles -g -Wall -Wextra"
"Running Make libs in ps7_cortexa9_1/libsrc/sysmon_v7_5/src"
make -C ps7_cortexa9_1/libsrc/sysmon_v7_5/src -s libs  "SHELL=CMD" "COMPILER=arm-none-eabi-gcc" "ARCHIVER=arm-none-eabi-ar" "COMPILER_FLAGS=  -O2 -c" "EXTRA_COMPILER_FLAGS=-DUSE_AMP=1 -mcpu=cortex-a9 -mfpu=vfpv3 -mfloat-abi=hard -nostartfiles -g -Wall -Wextra"
"Compiling sysmon"
"Running Make libs in ps7_cortexa9_1/libsrc/testing_clk_v2_0/src"
make -C ps7_cortexa9_1/libsrc/testing_clk_v2_0/src -s libs  "SHELL=CMD" "COMPILER=arm-none-eabi-gcc" "ARCHIVER=arm-none-eabi-ar" "COMPILER_FLAGS=  -O2 -c" "EXTRA_COMPILER_FLAGS=-DUSE_AMP=1 -mcpu=cortex-a9 -mfpu=vfpv3 -mfloat-abi=hard -nostartfiles -g -Wall -Wextra"
"Compiling foo_top_top"
In file included from testing_clk.h:9,
                 from testing_clk.c:1:
testing_clk.c: In function 'testing_clk_add_opa_read':
../../../include/xil_assert.h:108:9: warning: 'return' with no value, in function returning non-void
         return;                                    \
         ^~~~~~
testing_clk.c:22:5: note: in expansion of macro 'Xil_AssertVoid'
     Xil_AssertVoid(InstancePtr != NULL);
     ^~~~~~~~~~~~~~
testing_clk.c:19:5: note: declared here
 int testing_clk_add_opa_read(testing_clk *InstancePtr) {
     ^~~~~~~~~~~~~~~~~~~~~~~~
In file included from testing_clk.h:9,
                 from testing_clk.c:1:
testing_clk.c: In function 'testing_clk_add_opb_read':
../../../include/xil_assert.h:108:9: warning: 'return' with no value, in function returning non-void
         return;                                    \
         ^~~~~~
testing_clk.c:36:5: note: in expansion of macro 'Xil_AssertVoid'
     Xil_AssertVoid(InstancePtr != NULL);
     ^~~~~~~~~~~~~~
testing_clk.c:33:5: note: declared here
 int testing_clk_add_opb_read(testing_clk *InstancePtr) {
     ^~~~~~~~~~~~~~~~~~~~~~~~
In file included from testing_clk.h:9,
                 from testing_clk.c:1:
testing_clk.c: In function 'testing_clk_sine_selector_read':
../../../include/xil_assert.h:108:9: warning: 'return' with no value, in function returning non-void
         return;                                    \
         ^~~~~~
testing_clk.c:50:5: note: in expansion of macro 'Xil_AssertVoid'
     Xil_AssertVoid(InstancePtr != NULL);
     ^~~~~~~~~~~~~~
testing_clk.c:47:5: note: declared here
 u32 testing_clk_sine_selector_read(testing_clk *InstancePtr) {
     ^~~~~~~~~~~~~~~~~~~~~~~~~~~~~~
In file included from testing_clk.h:9,
                 from testing_clk.c:1:
testing_clk.c: In function 'testing_clk_add2_opa_read':
../../../include/xil_assert.h:108:9: warning: 'return' with no value, in function returning non-void
         return;                                    \
         ^~~~~~
testing_clk.c:64:5: note: in expansion of macro 'Xil_AssertVoid'
     Xil_AssertVoid(InstancePtr != NULL);
     ^~~~~~~~~~~~~~
testing_clk.c:61:5: note: declared here
 int testing_clk_add2_opa_read(testing_clk *InstancePtr) {
     ^~~~~~~~~~~~~~~~~~~~~~~~~
In file included from testing_clk.h:9,
                 from testing_clk.c:1:
testing_clk.c: In function 'testing_clk_add2_opb_read':
../../../include/xil_assert.h:108:9: warning: 'return' with no value, in function returning non-void
         return;                                    \
         ^~~~~~
testing_clk.c:78:5: note: in expansion of macro 'Xil_AssertVoid'
     Xil_AssertVoid(InstancePtr != NULL);
     ^~~~~~~~~~~~~~
testing_clk.c:75:5: note: declared here
 int testing_clk_add2_opb_read(testing_clk *InstancePtr) {
     ^~~~~~~~~~~~~~~~~~~~~~~~~
In file included from testing_clk.h:9,
                 from testing_clk.c:1:
testing_clk.c: In function 'testing_clk_add2_out_read':
../../../include/xil_assert.h:108:9: warning: 'return' with no value, in function returning non-void
         return;                                    \
         ^~~~~~
testing_clk.c:86:5: note: in expansion of macro 'Xil_AssertVoid'
     Xil_AssertVoid(InstancePtr != NULL);
     ^~~~~~~~~~~~~~
testing_clk.c:83:5: note: declared here
 int testing_clk_add2_out_read(testing_clk *InstancePtr) {
     ^~~~~~~~~~~~~~~~~~~~~~~~~
In file included from testing_clk.h:9,
                 from testing_clk.c:1:
testing_clk.c: In function 'testing_clk_sine_axi_read':
../../../include/xil_assert.h:108:9: warning: 'return' with no value, in function returning non-void
         return;                                    \
         ^~~~~~
testing_clk.c:94:5: note: in expansion of macro 'Xil_AssertVoid'
     Xil_AssertVoid(InstancePtr != NULL);
     ^~~~~~~~~~~~~~
testing_clk.c:91:5: note: declared here
 int testing_clk_sine_axi_read(testing_clk *InstancePtr) {
     ^~~~~~~~~~~~~~~~~~~~~~~~~
In file included from testing_clk.h:9,
                 from testing_clk.c:1:
testing_clk.c: In function 'testing_clk_counter_read':
../../../include/xil_assert.h:108:9: warning: 'return' with no value, in function returning non-void
         return;                                    \
         ^~~~~~
testing_clk.c:102:5: note: in expansion of macro 'Xil_AssertVoid'
     Xil_AssertVoid(InstancePtr != NULL);
     ^~~~~~~~~~~~~~
testing_clk.c:99:4: note: declared here
 u8 testing_clk_counter_read(testing_clk *InstancePtr) {
    ^~~~~~~~~~~~~~~~~~~~~~~~
In file included from testing_clk.h:9,
                 from testing_clk.c:1:
testing_clk.c: In function 'testing_clk_sine_axi_muxi_read':
../../../include/xil_assert.h:108:9: warning: 'return' with no value, in function returning non-void
         return;                                    \
         ^~~~~~
testing_clk.c:110:5: note: in expansion of macro 'Xil_AssertVoid'
     Xil_AssertVoid(InstancePtr != NULL);
     ^~~~~~~~~~~~~~
testing_clk.c:107:5: note: declared here
 int testing_clk_sine_axi_muxi_read(testing_clk *InstancePtr) {
     ^~~~~~~~~~~~~~~~~~~~~~~~~~~~~~
In file included from testing_clk.h:9,
                 from testing_clk.c:1:
testing_clk.c: In function 'testing_clk_add_out_read':
../../../include/xil_assert.h:108:9: warning: 'return' with no value, in function returning non-void
         return;                                    \
         ^~~~~~
testing_clk.c:118:5: note: in expansion of macro 'Xil_AssertVoid'
     Xil_AssertVoid(InstancePtr != NULL);
     ^~~~~~~~~~~~~~
testing_clk.c:115:5: note: declared here
 u32 testing_clk_add_out_read(testing_clk *InstancePtr) {
     ^~~~~~~~~~~~~~~~~~~~~~~~
"Running Make libs in ps7_cortexa9_1/libsrc/tmrctr_v4_5/src"
make -C ps7_cortexa9_1/libsrc/tmrctr_v4_5/src -s libs  "SHELL=CMD" "COMPILER=arm-none-eabi-gcc" "ARCHIVER=arm-none-eabi-ar" "COMPILER_FLAGS=  -O2 -c" "EXTRA_COMPILER_FLAGS=-DUSE_AMP=1 -mcpu=cortex-a9 -mfpu=vfpv3 -mfloat-abi=hard -nostartfiles -g -Wall -Wextra"
"Compiling tmrctr"
"Running Make libs in ps7_cortexa9_1/libsrc/ttcps_v3_9/src"
make -C ps7_cortexa9_1/libsrc/ttcps_v3_9/src -s libs  "SHELL=CMD" "COMPILER=arm-none-eabi-gcc" "ARCHIVER=arm-none-eabi-ar" "COMPILER_FLAGS=  -O2 -c" "EXTRA_COMPILER_FLAGS=-DUSE_AMP=1 -mcpu=cortex-a9 -mfpu=vfpv3 -mfloat-abi=hard -nostartfiles -g -Wall -Wextra"
"Compiling ttcps"
"Running Make libs in ps7_cortexa9_1/libsrc/uartps_v3_7/src"
make -C ps7_cortexa9_1/libsrc/uartps_v3_7/src -s libs  "SHELL=CMD" "COMPILER=arm-none-eabi-gcc" "ARCHIVER=arm-none-eabi-ar" "COMPILER_FLAGS=  -O2 -c" "EXTRA_COMPILER_FLAGS=-DUSE_AMP=1 -mcpu=cortex-a9 -mfpu=vfpv3 -mfloat-abi=hard -nostartfiles -g -Wall -Wextra"
"Compiling uartps"
"Running Make libs in ps7_cortexa9_1/libsrc/usbps_v2_4/src"
make -C ps7_cortexa9_1/libsrc/usbps_v2_4/src -s libs  "SHELL=CMD" "COMPILER=arm-none-eabi-gcc" "ARCHIVER=arm-none-eabi-ar" "COMPILER_FLAGS=  -O2 -c" "EXTRA_COMPILER_FLAGS=-DUSE_AMP=1 -mcpu=cortex-a9 -mfpu=vfpv3 -mfloat-abi=hard -nostartfiles -g -Wall -Wextra"
"Compiling usbps"
"Running Make libs in ps7_cortexa9_1/libsrc/xadcps_v2_3/src"
make -C ps7_cortexa9_1/libsrc/xadcps_v2_3/src -s libs  "SHELL=CMD" "COMPILER=arm-none-eabi-gcc" "ARCHIVER=arm-none-eabi-ar" "COMPILER_FLAGS=  -O2 -c" "EXTRA_COMPILER_FLAGS=-DUSE_AMP=1 -mcpu=cortex-a9 -mfpu=vfpv3 -mfloat-abi=hard -nostartfiles -g -Wall -Wextra"
"Compiling xadcps"
'Finished building libraries'
00:37:05 **** Auto Build of configuration Debug for project IM_Drive ****
make pre-build main-build 
a9-linaro-pre-build-step
' '
'Building file: C:/Programming/PESC_CPP_LIB/Firmware_general/src/ADC.cpp'
'Invoking: ARM v7 g++ compiler'
arm-none-eabi-g++ -D"C:\Programming\PESC_CPP_LIB\Modulators\include" -DFULL -DARM_A9 -DHAS_BASIC_FAULT_LOG_IF_CAPABILITY -DHAS_RUN_INHIBIT_SUPPORT -DHAS_STRNLEN -DHAS_DIGSCOPE_CAPABILITY -Wall -O3 -gdwarf-2 -g -gdwarf-4 -I../../L2_Ph3_L2_Ph3_bsp/ps7_cortexa9_1/include -I"C:\Programming\PESC_CPP_LIB\Controllers\include" -I"C:\Programming\PESC_CPP_LIB\Filters\include" -I"C:\Programming\PESC_CPP_LIB\L2_Ph3_L2_Ph3\include" -I"C:\Programming\TSW_SW\src" -I"C:\Programming\PESC_CPP_LIB\System" -I"C:\Programming\PESC_CPP_LIB" -I"C:\Programming\PESC_CPP_LIB\Modulators" -I"C:\Programming\PESC_CPP_LIB\picoZed_basis_io" -I"C:\Programming\TSW_SW\include" -I"C:\Programming\PESC_CPP_LIB\Firmware_general" -I"C:\Programming\PESC_CPP_LIB\Modulators\include" -I"C:\Programming\PESC_CPP_LIB\Modulators\src" -I"C:\Programming\PESC_CPP_LIB\Firmware_general\src" -I"C:\Programming\PESC_CPP_LIB\Firmware_general\include" -I"C:\Programming\PESC_SDK_CTRL\IM_Drive\src" -I"C:\Programming\PESC_CPP_LIB\System\include" -c -fmessage-length=0 -MT"src/ADC.o" -mcpu=cortex-a9 -mfpu=vfpv3 -mfloat-abi=hard -MMD -MP -MF"src/ADC.d" -MT"src/ADC.o" -o "src/ADC.o" "C:/Programming/PESC_CPP_LIB/Firmware_general/src/ADC.cpp"
<command-line>: warning: ISO C++11 requires whitespace after the macro name
In file included from C:/Programming/PESC_CPP_LIB/Firmware_general/src/ADC.cpp:9:
C:\Programming\PESC_CPP_LIB\Firmware_general\include/ADC.hpp:148:10: fatal error: xparameters.h: No such file or directory
 #include <xparameters.h>
          ^~~~~~~~~~~~~~~
compilation terminated.
make: *** [src/subdir.mk:101: src/ADC.o] Error 1
